04-28 11:58:38.417   604  4789 I GRALLOC : 	 yuv=1,w=1920,h=1088,Stride u=1920 v=1920,offset u=2088960 v=2088960 
04-28 11:58:38.417   604  4789 I GRALLOC : 	 iova_size=3194880,conUsg=0x20002900,proUsg=0x20002900,	 strd=1920,[afbc]HdrStrd=0 PyldStrd=0 Scrmbl=0,ionhnd = 1 
04-28 11:58:38.420   604  4789 I GRALLOC : getCallingPid=8622, shrFd=31,fmt=0x300,intFmt=0x300,btStrd=1920,size=3194880,pid=604 
04-28 11:58:38.420   604  4789 I GRALLOC : 	 yuv=1,w=1920,h=1088,Stride u=1920 v=1920,offset u=2088960 v=2088960 
04-28 11:58:38.420   604  4789 I GRALLOC : 	 iova_size=3194880,conUsg=0x20002900,proUsg=0x20002900,	 strd=1920,[afbc]HdrStrd=0 PyldStrd=0 Scrmbl=0,ionhnd = 1 
04-28 11:58:38.424   604   977 I GRALLOC : getCallingPid=8622, shrFd=31,fmt=0x300,intFmt=0x300,btStrd=1920,size=3194880,pid=604 
04-28 11:58:38.424   604   977 I GRALLOC : 	 yuv=1,w=1920,h=1088,Stride u=1920 v=1920,offset u=2088960 v=2088960 
04-28 11:58:38.424   604   977 I GRALLOC : 	 iova_size=3194880,conUsg=0x20002900,proUsg=0x20002900,	 strd=1920,[afbc]HdrStrd=0 PyldStrd=0 Scrmbl=0,ionhnd = 1 
04-28 11:58:38.427   604   977 I GRALLOC : getCallingPid=8622, shrFd=31,fmt=0x300,intFmt=0x300,btStrd=1920,size=3194880,pid=604 
04-28 11:58:38.427   604   977 I GRALLOC : 	 yuv=1,w=1920,h=1088,Stride u=1920 v=1920,offset u=2088960 v=2088960 
04-28 11:58:38.427   604   977 I GRALLOC : 	 iova_size=3194880,conUsg=0x20002900,proUsg=0x20002900,	 strd=1920,[afbc]HdrStrd=0 PyldStrd=0 Scrmbl=0,ionhnd = 1 
04-28 11:58:38.430   604   977 I GRALLOC : getCallingPid=8622, shrFd=31,fmt=0x300,intFmt=0x300,btStrd=1920,size=3194880,pid=604 
04-28 11:58:38.430   604   977 I GRALLOC : 	 yuv=1,w=1920,h=1088,Stride u=1920 v=1920,offset u=2088960 v=2088960 
04-28 11:58:38.430   604   977 I GRALLOC : 	 iova_size=3194880,conUsg=0x20002900,proUsg=0x20002900,	 strd=1920,[afbc]HdrStrd=0 PyldStrd=0 Scrmbl=0,ionhnd = 1 
04-28 11:58:38.432   604  4789 I GRALLOC : getCallingPid=8622, shrFd=31,fmt=0x300,intFmt=0x300,btStrd=1920,size=3194880,pid=604 
04-28 11:58:38.432   604  4789 I GRALLOC : 	 yuv=1,w=1920,h=1088,Stride u=1920 v=1920,offset u=2088960 v=2088960 
04-28 11:58:38.432   604  4789 I GRALLOC : 	 iova_size=3194880,conUsg=0x20002900,proUsg=0x20002900,	 strd=1920,[afbc]HdrStrd=0 PyldStrd=0 Scrmbl=0,ionhnd = 1 
04-28 11:58:38.433   740  5667 I VDEC    : [OmxState] Idle_Pending --> Idle
04-28 11:58:38.434   740  9597 I VDEC    : OmxState, Current State 2, Expected State 3
04-28 11:58:38.434   740  9597 I VDEC    : [OmxState] Idle --> Executing_Pending
04-28 11:58:38.434   740  9597 I VDEC    : [OmxState] Execute_Pending --> Executing
04-28 11:58:38.440   740  9599 I VDEC    : Get Config Data Len 13, Time Stamp: 0
04-28 11:58:38.440   740  9599 I VDEC    : Get Config Data Len 8, Time Stamp: 0
04-28 11:58:38.440   740  9599 I VDEC    : Get Config Data Len 13, Time Stamp: 0
04-28 11:58:38.440   740  9599 I VDEC    : PRN_ALWS, no VUI info
04-28 11:58:38.444 18679  7748 W AccessibilityInteractionClient: old interaction Id is: -1,current interaction Id is:998
04-28 11:58:38.451   740  9599 I VDEC    : Get Config Data Len 8, Time Stamp: 0
04-28 11:58:38.461   740  9599 I VDEC    : PRN_ALWS, no VUI info
04-28 11:58:38.461   740  9599 I VDEC    : PRN_ALWS, no VUI info
04-28 11:58:38.461   740  9596 I VDEC    : pchan->frame_rate 0, width 1920, height 1088, chan_num 1, needHighFreq 0, needNormFreq 0
04-28 11:58:38.462   740  9603 I VDEC    : not vr mode
04-28 11:58:38.462   740  9603 I VDEC    : vdec disable hfbc
04-28 11:58:38.462   740  9599 I VDEC    : decoder_ext_event_handler, EVNT_NEED_ARRANGE
04-28 11:58:38.462   740  9603 I VDEC    : buffer min_count[10], max_count[14]
04-28 11:58:38.464   740  5667 I VDEC    : set config index 0x7f00000b OMX_GoogleIndexDescribeColorAspects
04-28 11:58:38.464   740  5667 I VDEC    : Range 2 Primaries 1 MatrixCoeffs 1 Tansfer 3
04-28 11:58:38.464   740 13144 I VDEC    : get config OMX_GoogleIndexDescribeColorAspects
04-28 11:58:38.464   740 13144 I VDEC    : Range 2 Primaries 1 MatrixCoeffs 1 Tansfer 3
04-28 11:58:38.464   740 21537 I VDEC    : get config OMX_GoogleIndexDescribeColorAspects
04-28 11:58:38.464   740 21537 I VDEC    : Range 2 Primaries 1 MatrixCoeffs 1 Tansfer 3
04-28 11:58:38.467   740  5667 I VDEC    : [OmxState] Disable_Pending --> Disable
04-28 11:58:38.469   740  5667 I VDEC    : set_config : set TimeStampCalcute enable
04-28 11:58:38.470   740  5667 W VDEC    : get_extension_index, "OMX.google.android.index.AndroidNativeBufferConsumerUsage" not implemented
04-28 11:58:38.472   740  5667 E OMXNodeInstance: setParameter(0xf247de40:hisi.decoder.avc, ParamPortDefinition(0x2000001)) ERROR: Undefined(0x80001001)
04-28 11:58:38.476   604  4789 I GRALLOC : getCallingPid=8622, shrFd=31,fmt=0x300,intFmt=0x300,btStrd=1920,size=3194880,pid=604 
04-28 11:58:38.476   604  4789 I GRALLOC : 	 yuv=1,w=1920,h=1088,Stride u=1920 v=1920,offset u=2088960 v=2088960 
04-28 11:58:38.476   604  4789 I GRALLOC : 	 iova_size=3194880,conUsg=0x20002900,proUsg=0x20002900,	 strd=1920,[afbc]HdrStrd=0 PyldStrd=0 Scrmbl=0,ionhnd = 1 
04-28 11:58:38.479   604  4789 I GRALLOC : getCallingPid=8622, shrFd=31,fmt=0x300,intFmt=0x300,btStrd=1920,size=3194880,pid=604 
04-28 11:58:38.479   604  4789 I GRALLOC : 	 yuv=1,w=1920,h=1088,Stride u=1920 v=1920,offset u=2088960 v=2088960 
04-28 11:58:38.479   604  4789 I GRALLOC : 	 iova_size=3194880,conUsg=0x20002900,proUsg=0x20002900,	 strd=1920,[afbc]HdrStrd=0 PyldStrd=0 Scrmbl=0,ionhnd = 1 
04-28 11:58:38.482   604  4789 I GRALLOC : getCallingPid=8622, shrFd=31,fmt=0x300,intFmt=0x300,btStrd=1920,size=3194880,pid=604 
04-28 11:58:38.482   604  4789 I GRALLOC : 	 yuv=1,w=1920,h=1088,Stride u=1920 v=1920,offset u=2088960 v=2088960 
04-28 11:58:38.482   604  4789 I GRALLOC : 	 iova_size=3194880,conUsg=0x20002900,proUsg=0x20002900,	 strd=1920,[afbc]HdrStrd=0 PyldStrd=0 Scrmbl=0,ionhnd = 1 
04-28 11:58:38.486   604   977 I GRALLOC : getCallingPid=8622, shrFd=31,fmt=0x300,intFmt=0x300,btStrd=1920,size=3194880,pid=604 
04-28 11:58:38.486   604   977 I GRALLOC : 	 yuv=1,w=1920,h=1088,Stride u=1920 v=1920,offset u=2088960 v=2088960 
04-28 11:58:38.486   604   977 I GRALLOC : 	 iova_size=3194880,conUsg=0x20002900,proUsg=0x20002900,	 strd=1920,[afbc]HdrStrd=0 PyldStrd=0 Scrmbl=0,ionhnd = 1 
04-28 11:58:38.489   604   977 I GRALLOC : getCallingPid=8622, shrFd=31,fmt=0x300,intFmt=0x300,btStrd=1920,size=3194880,pid=604 
04-28 11:58:38.489   604   977 I GRALLOC : 	 yuv=1,w=1920,h=1088,Stride u=1920 v=1920,offset u=2088960 v=2088960 
04-28 11:58:38.489   604   977 I GRALLOC : 	 iova_size=3194880,conUsg=0x20002900,proUsg=0x20002900,	 strd=1920,[afbc]HdrStrd=0 PyldStrd=0 Scrmbl=0,ionhnd = 1 
04-28 11:58:38.492   604   977 I GRALLOC : getCallingPid=8622, shrFd=31,fmt=0x300,intFmt=0x300,btStrd=1920,size=3194880,pid=604 
04-28 11:58:38.492   604   977 I GRALLOC : 	 yuv=1,w=1920,h=1088,Stride u=1920 v=1920,offset u=2088960 v=2088960 
04-28 11:58:38.492   604   977 I GRALLOC : 	 iova_size=3194880,conUsg=0x20002900,proUsg=0x20002900,	 strd=1920,[afbc]HdrStrd=0 PyldStrd=0 Scrmbl=0,ionhnd = 1 
04-28 11:58:38.494   604   977 I GRALLOC : getCallingPid=8622, shrFd=31,fmt=0x300,intFmt=0x300,btStrd=1920,size=3194880,pid=604 
04-28 11:58:38.494   604   977 I GRALLOC : 	 yuv=1,w=1920,h=1088,Stride u=1920 v=1920,offset u=2088960 v=2088960 
04-28 11:58:38.494   604   977 I GRALLOC : 	 iova_size=3194880,conUsg=0x20002900,proUsg=0x20002900,	 strd=1920,[afbc]HdrStrd=0 PyldStrd=0 Scrmbl=0,ionhnd = 1 
04-28 11:58:38.501   604   977 I GRALLOC : getCallingPid=8622, shrFd=31,fmt=0x300,intFmt=0x300,btStrd=1920,size=3194880,pid=604 
04-28 11:58:38.501   604   977 I GRALLOC : 	 yuv=1,w=1920,h=1088,Stride u=1920 v=1920,offset u=2088960 v=2088960 
04-28 11:58:38.501   604   977 I GRALLOC : 	 iova_size=3194880,conUsg=0x20002900,proUsg=0x20002900,	 strd=1920,[afbc]HdrStrd=0 PyldStrd=0 Scrmbl=0,ionhnd = 1 
04-28 11:58:38.505   604   977 I GRALLOC : getCallingPid=8622, shrFd=31,fmt=0x300,intFmt=0x300,btStrd=1920,size=3194880,pid=604 
04-28 11:58:38.505   604   977 I GRALLOC : 	 yuv=1,w=1920,h=1088,Stride u=1920 v=1920,offset u=2088960 v=2088960 
04-28 11:58:38.505   604   977 I GRALLOC : 	 iova_size=3194880,conUsg=0x20002900,proUsg=0x20002900,	 strd=1920,[afbc]HdrStrd=0 PyldStrd=0 Scrmbl=0,ionhnd = 1 
04-28 11:58:38.508   604   977 I GRALLOC : getCallingPid=8622, shrFd=31,fmt=0x300,intFmt=0x300,btStrd=1920,size=3194880,pid=604 
04-28 11:58:38.508   604   977 I GRALLOC : 	 yuv=1,w=1920,h=1088,Stride u=1920 v=1920,offset u=2088960 v=2088960 
04-28 11:58:38.508   604   977 I GRALLOC : 	 iova_size=3194880,conUsg=0x20002900,proUsg=0x20002900,	 strd=1920,[afbc]HdrStrd=0 PyldStrd=0 Scrmbl=0,ionhnd = 1 
04-28 11:58:38.511   604   977 I GRALLOC : getCallingPid=8622, shrFd=31,fmt=0x300,intFmt=0x300,btStrd=1920,size=3194880,pid=604 
04-28 11:58:38.511   604   977 I GRALLOC : 	 yuv=1,w=1920,h=1088,Stride u=1920 v=1920,offset u=2088960 v=2088960 
04-28 11:58:38.511   604   977 I GRALLOC : 	 iova_size=3194880,conUsg=0x20002900,proUsg=0x20002900,	 strd=1920,[afbc]HdrStrd=0 PyldStrd=0 Scrmbl=0,ionhnd = 1 
04-28 11:58:38.513   604   977 I GRALLOC : getCallingPid=8622, shrFd=31,fmt=0x300,intFmt=0x300,btStrd=1920,size=3194880,pid=604 
04-28 11:58:38.513   604   977 I GRALLOC : 	 yuv=1,w=1920,h=1088,Stride u=1920 v=1920,offset u=2088960 v=2088960 
04-28 11:58:38.513   604   977 I GRALLOC : 	 iova_size=3194880,conUsg=0x20002900,proUsg=0x20002900,	 strd=1920,[afbc]HdrStrd=0 PyldStrd=0 Scrmbl=0,ionhnd = 1 
04-28 11:58:38.516   604   977 I GRALLOC : getCallingPid=8622, shrFd=31,fmt=0x300,intFmt=0x300,btStrd=1920,size=3194880,pid=604 
04-28 11:58:38.516   604   977 I GRALLOC : 	 yuv=1,w=1920,h=1088,Stride u=1920 v=1920,offset u=2088960 v=2088960 
04-28 11:58:38.516   604   977 I GRALLOC : 	 iova_size=3194880,conUsg=0x20002900,proUsg=0x20002900,	 strd=1920,[afbc]HdrStrd=0 PyldStrd=0 Scrmbl=0,ionhnd = 1 
04-28 11:58:38.519   604   977 I GRALLOC : getCallingPid=8622, shrFd=31,fmt=0x300,intFmt=0x300,btStrd=1920,size=3194880,pid=604 
04-28 11:58:38.519   604   977 I GRALLOC : 	 yuv=1,w=1920,h=1088,Stride u=1920 v=1920,offset u=2088960 v=2088960 
04-28 11:58:38.519   604   977 I GRALLOC : 	 iova_size=3194880,conUsg=0x20002900,proUsg=0x20002900,	 strd=1920,[afbc]HdrStrd=0 PyldStrd=0 Scrmbl=0,ionhnd = 1 
04-28 11:58:38.525   740  5667 I VDEC    : [OmxState] Enable_Pending --> Enable
04-28 11:58:38.556  1162  1234 I ActivityManager: App 10530/com.quvideo.xiaoying targets O+, restricted
04-28 11:58:38.577  1162  8832 V BroadcastQueue: Finished with ordered broadcast BroadcastRecord{1effcf7 u0 socialservice.action.DOWNLOAD.completed}
04-28 11:58:38.734  1162  2334 I chatty  : uid=1000(system) Binder:1162_C expire 1 line
04-28 11:58:38.813 22512 22635 V SQLiteDatabase: triggerBuildingIndex(): invalid id, return.
04-28 11:58:38.823  1162  9181 V BroadcastQueue: Finished with ordered broadcast BroadcastRecord{fc56dcd u0 com.google.android.gms.gcm.ACTION_SCHEDULE}
04-28 11:58:38.827  1162  2334 V BroadcastQueue: Finished with ordered broadcast BroadcastRecord{8126682 u0 com.google.android.gms.gcm.ACTION_SCHEDULE}
04-28 11:58:38.836 21821 22346 D WorkSource: Insert in WorkSource{} @ 0 uid 10028 name com.google.android.gms
04-28 11:58:38.836  1162  8832 W HwAlarmManagerService: isContainsAppUidInWorksource-->happend NameNotFoundException
04-28 11:58:38.837  1162  8832 W HwAlarmManagerService: isContainsAppUidInWorksource-->happend NameNotFoundException
04-28 11:58:39.018   737   737 E Thermal-daemon: [charger_ic] temp_new :46  temp_old :45
04-28 11:58:39.019   737   737 E Thermal-daemon: Report temperature: [charger_ic] temp :46  report_threshold:1
04-28 11:58:39.021   737   737 E Thermal-daemon: [ap] temp_new :50  temp_old :49
04-28 11:58:39.022   737   737 E Thermal-daemon: Report temperature: [ap] temp :50  report_threshold:1
04-28 11:58:39.030   640   640 I chatty  : uid=1000(system) /system/bin/surfaceflinger expire 3119 lines
04-28 11:58:39.067   580   646 W SocketListener: sending broadcast to Pid = 1162, Uid = 1000 
04-28 11:58:39.068  1162  1563 D NetdConnector: RCV <- {601 limit alert globalAlert wlan0}
04-28 11:58:39.069  1162  1563 D NetdConnector: RCV <- {601 limit alert globalAlert wlan0}
04-28 11:58:39.069  1162  1239 D NetdConnector: RCV unsolicited event from native daemon, event = 601
04-28 11:58:39.072  1162  1239 I NetworkStats: limitReached
04-28 11:58:39.072   740  9599 I VDEC    : PRN_ALWS, no VUI info
04-28 11:58:39.073  1162  1566 I NetworkStats: performPollLocked, pid = 1162
04-28 11:58:39.093  1162  1566 W NetworkStatsFactory: mStatsXtProcUid: /proc/net/comm/stats does not exist!
04-28 11:58:39.093  1162  1566 D HwNetworkStatsService: hwRecordUidAndProcSnapshotLocked currentTime = 1588046317729
04-28 11:58:39.104  1162  1566 I NetworkStatsFactory: javaReadNetworkStatsUidAndProcDetail. cost time = 11
04-28 11:58:39.115  1162  1566 D NetdConnector: SND -> {23990 bandwidth setglobalalert 2097152}
04-28 11:58:39.116  1162  1563 D NetdConnector: RCV <- {200 23990 Bandwidth command succeeeded}
04-28 11:58:39.117  1162  1563 D NetdConnector: RCV <- {200 23990 Bandwidth command succeeeded}
04-28 11:58:39.119 22470 22560 E HSM_Install_BG: NatTrafficNotifyService:imsi is null, so return
04-28 11:58:39.154  1162  1745 W Watchdog: hungtask: writing kick
04-28 11:58:39.245  1162  1229 W ActivityManager: Launch timeout has expired, giving up wake lock!
04-28 11:58:39.247  1162  1229 I chatty  : uid=1000(system) ActivityManager expire 1 line
04-28 11:58:39.251   749  3423 D iMonitor: [ZeroHung]dumpEvent: event: cat=1, wp_id=8, ts=1588046319, no=176, cmdbuf=, msg=packageName = com.quvideo.xiaoying
04-28 11:58:39.251   749  3423 D iMonitor: AppBootFail:com.quvideo.xiaoy
04-28 11:58:39.257   749  3423 D iMonitor: [ZeroHung]parseLogType: cmdbuf is empty
04-28 11:58:39.257   749  3423 D iMonitor: [ZeroHung]eventProc: cmd=, log_type=0.
04-28 11:58:39.257   749  3423 E         : get_cfg_dir_list_type: cust_policy_dirs:/system/emui/base:/system/emui/china:/vendor/etc:/odm/etc:/product/etc:/odm/hw_odm/EML-AL00:/product/region_comm/china:/product/hw_oem/EML-AL00:/preload/EML-AL00/all/cn:/cust/global:/cust/hw/cn:/version/cust/all/cn:/version/special_cust/EML-AL00/all/cn 
04-28 11:58:39.259   749  3423 E         : get_cfg_dir_list_type: cust_policy_dirs:/system/emui/base:/system/emui/china:/vendor/etc:/odm/etc:/product/etc:/odm/hw_odm/EML-AL00:/product/region_comm/china:/product/hw_oem/EML-AL00:/preload/EML-AL00/all/cn:/cust/global:/cust/hw/cn:/version/cust/all/cn:/version/special_cust/EML-AL00/all/cn 
04-28 11:58:39.273   749  3423 E         : get_cfg_dir_list_type: cust_policy_dirs:/system/emui/base:/system/emui/china:/vendor/etc:/odm/etc:/product/etc:/odm/hw_odm/EML-AL00:/product/region_comm/china:/product/hw_oem/EML-AL00:/preload/EML-AL00/all/cn:/cust/global:/cust/hw/cn:/version/cust/all/cn:/version/special_cust/EML-AL00/all/cn 
04-28 11:58:39.274   749  3423 E         : get_cfg_dir_list_type: cust_policy_dirs:/system/emui/base:/system/emui/china:/vendor/etc:/odm/etc:/product/etc:/odm/hw_odm/EML-AL00:/product/region_comm/china:/product/hw_oem/EML-AL00:/preload/EML-AL00/all/cn:/cust/global:/cust/hw/cn:/version/cust/all/cn:/version/special_cust/EML-AL00/all/cn 
04-28 11:58:39.453 18679  7748 W QueryController: Could not detect idle state.
04-28 11:58:39.454 18679  7748 W AccessibilityInteractionClient: old interaction Id is: -1,current interaction Id is:999
04-28 11:58:39.469   740  9599 I VDEC    : PRN_ALWS, no VUI info
04-28 11:58:39.470 18679  7748 W AccessibilityInteractionClient: old interaction Id is: -1,current interaction Id is:1000
04-28 11:58:39.500 18679  7748 W AccessibilityInteractionClient: old interaction Id is: -1,current interaction Id is:1001
04-28 11:58:39.525  1162  1234 I ActivityManager: App 10530/com.quvideo.xiaoying targets O+, restricted
04-28 11:58:39.525 18679  7748 W AccessibilityInteractionClient: old interaction Id is: -1,current interaction Id is:1002
04-28 11:58:39.548  1162  8832 V BroadcastQueue: Finished with ordered broadcast BroadcastRecord{75655d0 u0 socialservice.action.DOWNLOAD.completed}
04-28 11:58:39.585  8622  8622 D ActivityThread: Remove activity client record, r= ActivityRecord{78dcae3 token=android.os.BinderProxy@22e3f49 {com.quvideo.xiaoying/com.quvideo.xiaoying.editorx.EditorActivity}} token= android.os.BinderProxy@22e3f49
04-28 11:58:39.588  1162  8832 V WindowManager: removeIfPossible: Window{9065b1b u0 com.quvideo.xiaoying/com.quvideo.xiaoying.editorx.EditorActivity}
04-28 11:58:39.589  1162  8832 V WindowManager: postWindowRemoveCleanupLocked: Window{9065b1b u0 com.quvideo.xiaoying/com.quvideo.xiaoying.editorx.EditorActivity}
04-28 11:58:39.589  1162  8832 V WindowManager: Removing Window{9065b1b u0 com.quvideo.xiaoying/com.quvideo.xiaoying.editorx.EditorActivity} from AppWindowToken{2abe496 token=Token{98487b1 ActivityRecord{339aa58 u0 com.quvideo.xiaoying/.editorx.EditorActivity t2950}}}
04-28 11:58:39.594  1162  9615 I chatty  : uid=1000(system) are.mem.default expire 3 lines
04-28 11:58:39.595  1162  9615 D ProcessCleaner: [aware_mem] start process cleaner setPackageStoppedState
04-28 11:58:39.600  1162  9615 I ActivityManager: Killing 8569:com.huawei.camera/u0a112 (adj 902): iAwareF[LowMem](cch-empty)
04-28 11:58:39.601  1162  9615 D ActivityManager: cleanUpApplicationRecord app: ProcessRecord{1bd7942 8569:com.huawei.camera/u0a112}, app.bad: false, restarting: false, allowRestart: false
04-28 11:58:39.604  1162  1233 I chatty  : uid=1000(system) ActivityManager expire 8 lines
04-28 11:58:39.604  1162  9615 D ProcessCleaner: [aware_mem] process cleaner success pid:8569,uid:10112,com.huawei.camera,[com.huawei.camera],mHasShownUi:false,null,class:0,0,0,0,adj:902 is killed
04-28 11:58:39.614  1162  9615 D ProcessCleaner: [aware_mem] start process cleaner cleanPackageRes, clnAlarm:true, hasPerceptAlarm:false, isNative:false, cleanResult: false
04-28 11:58:39.615  1162  9181 V WindowManager: removeAppToken: AppWindowToken{2abe496 token=Token{98487b1 ActivityRecord{339aa58 u0 com.quvideo.xiaoying/.editorx.EditorActivity t2950}}} delayed=false Callers=com.android.server.wm.DisplayContent.removeAppToken:1059 com.android.server.wm.AppWindowContainerController.removeContainer:301 com.android.server.am.ActivityRecord.removeWindowContainer:1148 com.android.server.am.ActivityStack.removeActivityFromHistoryLocked:4507 
04-28 11:58:39.620  1900  1900 D CarrierSvcBindHelper: No carrier app for: 0
04-28 11:58:39.620  1900  1900 D CarrierSvcBindHelper: No carrier app for: 1
04-28 11:58:39.621  2919  2919 E NfcNci  : NfcUtils error: APP do not have nfc permission
04-28 11:58:39.621  1814  2269 I chatty  : uid=1000(system) Binder:1814_4 expire 4 lines
04-28 11:58:39.621  1814 27666 I BoosterSwitchP: notifyUidState do nothing
04-28 11:58:39.621  1814 27666 I HidataAppQoeP: notifyUidState
04-28 11:58:39.621  1814 27666 I BrowserChrP: notifyUidState
04-28 11:58:39.621  2919  2919 E NfcNci  : NfcUtils error: APP do not have nfc permission
04-28 11:58:39.621  1814  7167 I chatty  : uid=1000(system) Binder:1814_C expire 1 line
04-28 11:58:39.621  1883  3147 I chatty  : uid=1000(system) iAwareNRT expire 4 lines
04-28 11:58:39.622  1162  1162 V AlarmManager: UninstallReceiver onReceive action:android.intent.action.PACKAGE_RESTARTED
04-28 11:58:39.622  1162  1162 I AlarmManager: remove com.android.server.-$$Lambda$AlarmManagerService$qehVSjTLWvtJYPGgKh2mkJ6ePnk@4a393ef according to uid:10112
04-28 11:58:39.622  1814  1814 I HwCoreAppHelperService: LocalReceiver receives:android.intent.action.PACKAGE_RESTARTED,pkg:com.huawei.camera,uid:10112
04-28 11:58:39.622  1162  1162 W NotificationAssistants: rebindServices() ignore for NotificationAssistantService
04-28 11:58:39.623  1162  1162 I chatty  : uid=1000 system_server expire 9 lines
04-28 11:58:39.632   582   582 I Zygote  : Process 8569 exited due to signal (9)
04-28 11:58:39.641   739 23198 D ConfigService: serviceDied: camera configservice listener service died
04-28 11:58:39.814  1162  1162 V ProcessCleaner: cleanupPackageNotifications, userId=0|[com.huawei.camera]
04-28 11:58:39.855   740  9599 I VDEC    : PRN_ALWS, no VUI info
04-28 11:58:39.893  8622  8908 I chatty  : uid=10530(com.quvideo.xiaoying) expire 8 lines
04-28 11:58:39.918 22512 22635 V SQLiteDatabase: triggerBuildingIndex(): invalid id, return.
04-28 11:58:39.932  1162  9181 V BroadcastQueue: Finished with ordered broadcast BroadcastRecord{53f800b u0 com.google.android.gms.gcm.ACTION_SCHEDULE}
04-28 11:58:39.934  1162  9181 V BroadcastQueue: Finished with ordered broadcast BroadcastRecord{88f0ee8 u0 com.google.android.gms.gcm.ACTION_SCHEDULE}
04-28 11:58:39.944 21821 22346 D WorkSource: Insert in WorkSource{} @ 0 uid 10028 name com.google.android.gms
04-28 11:58:39.944  1162  2096 W HwAlarmManagerService: isContainsAppUidInWorksource-->happend NameNotFoundException
04-28 11:58:39.944  1162  2096 W HwAlarmManagerService: isContainsAppUidInWorksource-->happend NameNotFoundException
04-28 11:58:40.102   613 14199 I audio_hw_primary: usb_ext_get_parameters: check show hires (false)
04-28 11:58:40.103   636 13459 I hash_map_utils: key: 'typec_need_show_hires' value: ''
04-28 11:58:40.104  1162  1590 I HwAudioServiceEx: check HiRes Icon false
04-28 11:58:40.105  1162  1590 I chatty  : uid=1000(system) Thread-53 expire 2 lines
04-28 11:58:40.109 16084 16084 D StatusBarIconController: setIconVisibility icon is null or visibility not change visibility=false
04-28 11:58:40.226  1162  1234 I ActivityManager: App 10530/com.quvideo.xiaoying targets O+, restricted
04-28 11:58:40.249  1162  2096 V BroadcastQueue: Finished with ordered broadcast BroadcastRecord{450c3a6 u0 socialservice.action.DOWNLOAD.completed}
04-28 11:58:40.263  1845  2032 D HwWifiStatStore: handleMessage : 200
04-28 11:58:40.275   740  9599 I VDEC    : PRN_ALWS, no VUI info
04-28 11:58:40.392   633   633 E WifiHAL : enter wifi_get_link_stats
04-28 11:58:40.465 22512 22635 V SQLiteDatabase: triggerBuildingIndex(): invalid id, return.
04-28 11:58:40.475  1162  3940 V BroadcastQueue: Finished with ordered broadcast BroadcastRecord{9ba3194 u0 com.google.android.gms.gcm.ACTION_SCHEDULE}
04-28 11:58:40.478  1162  3940 V BroadcastQueue: Finished with ordered broadcast BroadcastRecord{bda643d u0 com.google.android.gms.gcm.ACTION_SCHEDULE}
04-28 11:58:40.492 21821 22346 D WorkSource: Insert in WorkSource{} @ 0 uid 10028 name com.google.android.gms
04-28 11:58:40.492  1162  8832 W HwAlarmManagerService: isContainsAppUidInWorksource-->happend NameNotFoundException
04-28 11:58:40.492  1162  8832 W HwAlarmManagerService: isContainsAppUidInWorksource-->happend NameNotFoundException
04-28 11:58:40.547 18679  7748 W QueryController: Could not detect idle state.
04-28 11:58:40.548 18679  7748 W AccessibilityInteractionClient: old interaction Id is: -1,current interaction Id is:1003
04-28 11:58:40.565 18679  7748 W AccessibilityInteractionClient: old interaction Id is: -1,current interaction Id is:1004
04-28 11:58:40.604  1162  1234 I ActivityManager: App 10530/com.quvideo.xiaoying targets O+, restricted
04-28 11:58:40.604 18679  7748 W AccessibilityInteractionClient: old interaction Id is: -1,current interaction Id is:1005
04-28 11:58:40.627  1162  2096 V BroadcastQueue: Finished with ordered broadcast BroadcastRecord{955e583 u0 socialservice.action.DOWNLOAD.completed}
04-28 11:58:40.674   740  9599 I VDEC    : PRN_ALWS, no VUI info
04-28 11:58:40.751  8622  9504 I chatty  : uid=10530(com.quvideo.xiaoying) expire 41 lines
04-28 11:58:40.829 22512 22635 V SQLiteDatabase: triggerBuildingIndex(): invalid id, return.
04-28 11:58:40.839  1162  9181 V BroadcastQueue: Finished with ordered broadcast BroadcastRecord{70e0739 u0 com.google.android.gms.gcm.ACTION_SCHEDULE}
04-28 11:58:40.842  1162  2096 V BroadcastQueue: Finished with ordered broadcast BroadcastRecord{642a17e u0 com.google.android.gms.gcm.ACTION_SCHEDULE}
04-28 11:58:40.848 21821 22346 D WorkSource: Insert in WorkSource{} @ 0 uid 10028 name com.google.android.gms
04-28 11:58:40.849  1162  9181 W HwAlarmManagerService: isContainsAppUidInWorksource-->happend NameNotFoundException
04-28 11:58:40.849  1162  9181 W HwAlarmManagerService: isContainsAppUidInWorksource-->happend NameNotFoundException
04-28 11:58:41.013  1162  1234 I ActivityManager: App 10530/com.quvideo.xiaoying targets O+, restricted
04-28 11:58:41.048  1162  8832 V BroadcastQueue: Finished with ordered broadcast BroadcastRecord{33481fb u0 socialservice.action.DOWNLOAD.completed}
04-28 11:58:41.054   740  9599 I VDEC    : PRN_ALWS, no VUI info
04-28 11:58:41.143   526   526 W auditd  : type=2 
04-28 11:58:41.241   580   646 W SocketListener: sending broadcast to Pid = 1162, Uid = 1000 
04-28 11:58:41.242  1162  1563 D NetdConnector: RCV <- {601 limit alert globalAlert wlan0}
04-28 11:58:41.242  1162  1563 D NetdConnector: RCV <- {601 limit alert globalAlert wlan0}
04-28 11:58:41.244  1162  1239 D NetdConnector: RCV unsolicited event from native daemon, event = 601
04-28 11:58:41.245  1162  1239 I NetworkStats: limitReached
04-28 11:58:41.245 22512 22635 V SQLiteDatabase: triggerBuildingIndex(): invalid id, return.
04-28 11:58:41.246  1162  1566 I NetworkStats: performPollLocked, pid = 1162
04-28 11:58:41.256  1162  2096 V BroadcastQueue: Finished with ordered broadcast BroadcastRecord{16c6471 u0 com.google.android.gms.gcm.ACTION_SCHEDULE}
04-28 11:58:41.259  1162  2096 V BroadcastQueue: Finished with ordered broadcast BroadcastRecord{2276256 u0 com.google.android.gms.gcm.ACTION_SCHEDULE}
04-28 11:58:41.264  1162  1566 W NetworkStatsFactory: mStatsXtProcUid: /proc/net/comm/stats does not exist!
04-28 11:58:41.264  1162  1566 D HwNetworkStatsService: hwRecordUidAndProcSnapshotLocked currentTime = 1588046319902
04-28 11:58:41.270 21821 22346 D WorkSource: Insert in WorkSource{} @ 0 uid 10028 name com.google.android.gms
04-28 11:58:41.271  1162  2096 W HwAlarmManagerService: isContainsAppUidInWorksource-->happend NameNotFoundException
04-28 11:58:41.271  1162  2096 W HwAlarmManagerService: isContainsAppUidInWorksource-->happend NameNotFoundException
04-28 11:58:41.277  1162  1566 I NetworkStatsFactory: javaReadNetworkStatsUidAndProcDetail. cost time = 12
04-28 11:58:41.289  1162  1566 D NetdConnector: SND -> {23991 bandwidth setglobalalert 2097152}
04-28 11:58:41.290  1162  1563 D NetdConnector: RCV <- {200 23991 Bandwidth command succeeeded}
04-28 11:58:41.291  1162  1563 D NetdConnector: RCV <- {200 23991 Bandwidth command succeeeded}
04-28 11:58:41.296 22470 22560 E HSM_Install_BG: NatTrafficNotifyService:imsi is null, so return
04-28 11:58:41.444   740  9599 I VDEC    : PRN_ALWS, no VUI info
04-28 11:58:41.460  1162  1234 I ActivityManager: App 10530/com.quvideo.xiaoying targets O+, restricted
04-28 11:58:41.492  1162  3940 V BroadcastQueue: Finished with ordered broadcast BroadcastRecord{d9727c4 u0 socialservice.action.DOWNLOAD.completed}
04-28 11:58:41.504  8622  8622 I chatty  : uid=10530(com.quvideo.xiaoying) expire 26 lines
04-28 11:58:41.513  8622  8760 I chatty  : uid=10530(com.quvideo.xiaoying) expire 78 lines
04-28 11:58:41.626 18679  7748 W QueryController: Could not detect idle state.
04-28 11:58:41.627 18679  7748 W AccessibilityInteractionClient: old interaction Id is: -1,current interaction Id is:1006
04-28 11:58:41.639 18679  7748 W AccessibilityInteractionClient: old interaction Id is: -1,current interaction Id is:1007
04-28 11:58:41.674 18679  7748 W AccessibilityInteractionClient: old interaction Id is: -1,current interaction Id is:1008
04-28 11:58:41.679 22512 22635 V SQLiteDatabase: triggerBuildingIndex(): invalid id, return.
04-28 11:58:41.688  1162  3940 V BroadcastQueue: Finished with ordered broadcast BroadcastRecord{6cf4de2 u0 com.google.android.gms.gcm.ACTION_SCHEDULE}
04-28 11:58:41.688 18679  7748 W AccessibilityInteractionClient: old interaction Id is: -1,current interaction Id is:1009
04-28 11:58:41.692  1162  3940 V BroadcastQueue: Finished with ordered broadcast BroadcastRecord{ecb3573 u0 com.google.android.gms.gcm.ACTION_SCHEDULE}
04-28 11:58:41.696  1162  1642 I chatty  : uid=1000(system) HuaweiWifiWatch expire 4 lines
04-28 11:58:41.698 21821 22346 D WorkSource: Insert in WorkSource{} @ 0 uid 10028 name com.google.android.gms
04-28 11:58:41.698  1162  8832 W HwAlarmManagerService: isContainsAppUidInWorksource-->happend NameNotFoundException
04-28 11:58:41.698  1162  8832 W HwAlarmManagerService: isContainsAppUidInWorksource-->happend NameNotFoundException
04-28 11:58:41.699  1162  1625 I chatty  : uid=1000(system) wifipro_uid_tcp expire 3 lines
04-28 11:58:41.699  1162  1624 I chatty  : uid=1000(system) HwWifiConnectiv expire 1 line
04-28 11:58:41.701  1162  5429 I chatty  : uid=1000(system) MobileQosDetect expire 2 lines
04-28 11:58:41.820   740  9599 I VDEC    : PRN_ALWS, no VUI info
04-28 11:58:42.175   740  9599 I VDEC    : PRN_ALWS, no VUI info
04-28 11:58:42.188  1814  2252 I chatty  : uid=1000(system) PolicyActionThr expire 2 lines
04-28 11:58:42.528   740  9599 I VDEC    : PRN_ALWS, no VUI info
04-28 11:58:42.704 18679  7748 W QueryController: Could not detect idle state.
04-28 11:58:42.705 18679  7748 W AccessibilityInteractionClient: old interaction Id is: -1,current interaction Id is:1010
04-28 11:58:42.717 18679  7748 W AccessibilityInteractionClient: old interaction Id is: -1,current interaction Id is:1011
04-28 11:58:42.749 18679  7748 W AccessibilityInteractionClient: old interaction Id is: -1,current interaction Id is:1012
04-28 11:58:42.902   740  9599 I VDEC    : PRN_ALWS, no VUI info
04-28 11:58:42.907  1162  1619 I chatty  : uid=1000(system) WiFiArpStateMac expire 2 lines
04-28 11:58:42.979 16084 16084 D StatusBarIconController: setIconVisibility icon is null or visibility not change visibility=false
04-28 11:58:42.980 16084 16084 D StatusBarIconController: setIconVisibility icon is null or visibility not change visibility=false
04-28 11:58:42.980 16084 16084 D StatusBarIconController: setIconVisibility icon is null or visibility not change visibility=false
04-28 11:58:43.271  1845  2032 D HwWifiStatStore: handleMessage : 200
04-28 11:58:43.275   740  9599 I VDEC    : PRN_ALWS, no VUI info
04-28 11:58:43.288  1162  1570 I chatty  : uid=1000(system) WifiService expire 12 lines
04-28 11:58:43.410   633   633 E WifiHAL : enter wifi_get_link_stats
04-28 11:58:43.434  1162  1571 I chatty  : uid=1000(system) WifiStateMachin expire 8 lines
04-28 11:58:43.673   740  9599 I VDEC    : PRN_ALWS, no VUI info
04-28 11:58:43.768 18679  7748 W QueryController: Could not detect idle state.
04-28 11:58:43.769 18679  7748 W AccessibilityInteractionClient: old interaction Id is: -1,current interaction Id is:1013
04-28 11:58:43.782 18679  7748 W AccessibilityInteractionClient: old interaction Id is: -1,current interaction Id is:1014
04-28 11:58:43.813 18679  7748 W AccessibilityInteractionClient: old interaction Id is: -1,current interaction Id is:1015
04-28 11:58:43.831 18679  7748 W AccessibilityInteractionClient: old interaction Id is: -1,current interaction Id is:1016
04-28 11:58:44.049   740  9599 I VDEC    : PRN_ALWS, no VUI info
04-28 11:58:44.087  1861  2629 I HwNaturalBase: [ServiceGuarder]: 35Mb ram is used.
04-28 11:58:44.245  1883  2009 I chatty  : uid=1000(system) core expire 52 lines
04-28 11:58:44.417   740  9599 I VDEC    : PRN_ALWS, no VUI info
04-28 11:58:44.460   740  9599 I VDEC    : PRN_ALWS, no VUI info
04-28 11:58:44.580   740  9509 I VENC    : EOS frame buffer, back to user
04-28 11:58:44.585  8622  9507 I chatty  : uid=10530(com.quvideo.xiaoying) expire 1 line
04-28 11:58:44.585   740  9508 I VENC    : OMX_StateExecuting -->idle start 
04-28 11:58:44.586   740  9508 I VENC    : flush output port success
04-28 11:58:44.586   740  9508 W VENC    : VENC_DRV_EflGetImage_OMX, frame queue is empty
04-28 11:58:44.586   740  9508 I VENC    : flush input port success
04-28 11:58:44.586   740  9508 I VENC    : VENC_DRV_EflPutMsg_OMX, client_data is invalid, MsgID is a0002
04-28 11:58:44.586   740  9508 I VENC    : exit VENC_DRV_EflStopVenc()
04-28 11:58:44.586   740  9508 I VENC    : VENC_DRV_StopReceivePic, stop Chn 0 OK
04-28 11:58:44.586   740  9508 I VENC    : Executing-->Idle OK
04-28 11:58:44.588   740  9508 I VENC    : idle-->Loaded-Pending
04-28 11:58:44.616   740  9513 I VENC    : [OMXThreadState] exit message thread.
04-28 11:58:44.618   740  9121 I OMXNodeInstance: change state and then freeNode, handle = 0xf2439560
04-28 11:58:44.618   740  9121 I VENC    : close drv fd : 10
04-28 11:58:44.618   740  9509 I VENC    : [OMXVENCThreadState] exit VENC_DRV_EflTask thread
04-28 11:58:44.620   740  9121 I VENC    : hi_close_usr_impl, close vedu success,fd is 10,open count is 0
04-28 11:58:44.620   740  9508 I VENC    : [OMXThreadState] exit event thread.
04-28 11:58:44.621   740  9121 I VENC    : [component_deinit] Hisilicon venc Omx Component exit
04-28 11:58:44.621   740  9121 I OMXNodeInstance: OMXNodeInstance going away.
04-28 11:58:44.636  8622  9628 I chatty  : uid=10530(com.quvideo.xiaoying) expire 4 lines
04-28 11:58:44.643  8622  9514 I chatty  : uid=10530(com.quvideo.xiaoying) expire 2 lines
04-28 11:58:44.651  8622  9594 I chatty  : uid=10530(com.quvideo.xiaoying) expire 1 line
04-28 11:58:44.651   740  9597 I VDEC    : OmxState, Current State 3, Expected State 2
04-28 11:58:44.651   740  9597 I VDEC    : [OmxState] Executing --> Idle_Pending
04-28 11:58:44.653   740  9597 I VDEC    : [OmxState] Idle_Pending --> Idle
04-28 11:58:44.654   740  9597 I VDEC    : OmxState, Current State 2, Expected State 1
04-28 11:58:44.654   740  9597 I VDEC    : [OmxState] Idle --> Loaded_Pending
04-28 11:58:44.672  8622  8661 I chatty  : uid=10530(com.quvideo.xiaoying) expire 3 lines
04-28 11:58:44.675   740  9603 I VDEC    : [OMXThreadState] exit msg thread.
04-28 11:58:44.675   740  9604 I VDEC    : [OMXThreadState] exit commonblock thread.
04-28 11:58:44.676   740  1812 I VDEC    : channel_release enter
04-28 11:58:44.676   740  1812 I VDEC    : pchan->frame_rate 0, width 1920, height 1088, chan_num 0, needHighFreq 0, needNormFreq 0
04-28 11:58:44.677   740  1812 I VDEC    : processor_release_inst, start [BppContext : 0xf7243000, channel_id: 0, decoder_id :3, processor_id :0]
04-28 11:58:44.680  1162  1568 I chatty  : uid=1000(system) tworkPolicy.uid expire 2 lines
04-28 11:58:44.692   745   833 D SensorHub: batch called handle:0 sample_ns:2000000 latency_ns:0
04-28 11:58:44.692   745   833 E SensorHub: in batch, handle = 0, flags = 0, period_ns = 2000000, timeout = 0
04-28 11:58:44.693   745   833 D SensorHub: in flush, handle = 0
04-28 11:58:44.694   745   745 D SensorHub: getSensorType get meta data! handle =0
04-28 11:58:44.695   745   745 D SensorHub: batch called handle:1 sample_ns:10000000 latency_ns:0
04-28 11:58:44.695   745   745 E SensorHub: in batch, handle = 1, flags = 0, period_ns = 10000000, timeout = 0
04-28 11:58:44.696   745   833 I Sensors@1.0-impl: activate-1 enabled-1 fwkOals-1 camOals-0 fwkOcolor-1 camOcolor-0 fwkOtof-0 camOtof-0
04-28 11:58:44.696   745   833 D SensorHub: enableSensor-> handle: 1 enable : 1
04-28 11:58:44.696   745   833 D SensorHub: Channel activate-> handle: 1, enabled:1, err: 0
04-28 11:58:44.698   745   833 D SensorHub: batch called handle:5 sample_ns:2000000 latency_ns:0
04-28 11:58:44.698   745   833 E SensorHub: in batch, handle = 5, flags = 0, period_ns = 2000000, timeout = 0
04-28 11:58:44.699   745   745 I Sensors@1.0-impl: activate-5 enabled-1 fwkOals-1 camOals-0 fwkOcolor-1 camOcolor-0 fwkOtof-0 camOtof-0
04-28 11:58:44.699   745   745 D SensorHub: enableSensor-> handle: 5 enable : 1
04-28 11:58:44.699   745   745 D SensorHub: Channel activate-> handle: 5, enabled:1, err: 0
04-28 11:58:44.704   740  9602 I VDEC    : [OMXVDECThreadState]  0 bpp processor thread exit
04-28 11:58:44.705   740  1812 I VDEC    : processor_release_inst, sucess
04-28 11:58:44.705   740  1812 I VDEC    : VCTRL_DestroyChanWithOption, VCTRL_StopChan ChanID 3
04-28 11:58:44.705   740  1812 I VDEC    : VCTRL_DestroyChanWithOption, vfmw destroy chan and free chan resource success, ChanID 3
04-28 11:58:44.706   740  9599 I VDEC    : [VFMWThreadState] exit vfmw_ctrl thread
04-28 11:58:44.706   740  9601 I VDEC    : [VFMWThreadState] exit vdh process thread
04-28 11:58:44.707   740  9600 I VDEC    : [VFMWThreadState] exit scd thread
04-28 11:58:44.715   740  1812 I VDEC    : Wait for vfmw thread cost 10 ms, cmd:3, state:0
04-28 11:58:44.717   740  1812 I VDEC    : [OmxState] Loaded_Pending --> Loaded
04-28 11:58:44.719  8622  9593 I chatty  : uid=10530(com.quvideo.xiaoying) expire 1 line
04-28 11:58:44.727  8622  9629 I chatty  : uid=10530(com.quvideo.xiaoying) expire 1 line
04-28 11:58:44.729   740  1812 I OMXNodeInstance: change state and then freeNode, handle = 0xf247de40
04-28 11:58:44.729   740  1812 I VDEC    : Enter component_deinit, in total, etb_num:479, ebd_num:479, ftb_num:474, fbd_num:474
04-28 11:58:44.729   740  9596 I VDEC    : [OMXVDECThreadState] exit task thread
04-28 11:58:44.730   740  1812 I VDEC    : task_destroy_thread, task destroyed
04-28 11:58:44.740   740  1812 I VDEC    : hi_close : close drv succ,fd : 14
04-28 11:58:44.740   740  9597 W VDEC    : [ET] No more event, n is 0, return Success
04-28 11:58:44.740   740  9597 I VDEC    : [OMXThreadState] exit event thread.
04-28 11:58:44.741   740  1812 I VDEC    : DeInit OMX component
04-28 11:58:44.741   740  1812 I OMXNodeInstance: OMXNodeInstance going away.
04-28 11:58:44.742  1162  9181 I chatty  : uid=1000(system) Binder:1162_1A expire 9 lines
04-28 11:58:44.752  8622  9591 I chatty  : uid=10530(com.quvideo.xiaoying) expire 1 line
04-28 11:58:44.780  8622  9632 I chatty  : uid=10530(com.quvideo.xiaoying) expire 19 lines
04-28 11:58:44.781   740  1812 I OMXMaster: makeComponentInstance(OMX.hisi.video.decoder.avc) in omx@1.0-service process
04-28 11:58:44.781   740  1812 D HIOMX_CORE: OMX_GetHandle :: component name:OMX.hisi.video.decoder.avc
04-28 11:58:44.781   740  1812 E HIOMX_CORE: opening file: No such file or directory 
04-28 11:58:44.781   740  1812 D HIOMX_CORE: OMX_GetHandle :: prepare to load  libOMX.hisi.video.decoder.so
04-28 11:58:44.781   740  1812 D HIOMX_CORE: OMX_GetHandle :: load  libOMX.hisi.video.decoder.so ok
04-28 11:58:44.783   740  1812 I VDEC    : [OMXVDECThreadState] task_create_thread, create task success
04-28 11:58:44.783   740  1812 I VDEC    : hi_open : open driver ok[/dev/hi_vdec],drv fd : 8
04-28 11:58:44.784   740  1812 I VDEC    : [OMXThreadState] create event thread success.
04-28 11:58:44.784   740  9635 I VDEC    : [OMXThreadState] enter event thread.
04-28 11:58:44.784   740  9634 I VDEC    : [OMXVDECThreadState] enter task thread
04-28 11:58:44.787  8622  9631 I chatty  : uid=10530(com.quvideo.xiaoying) expire 4 lines
04-28 11:58:44.788   740  1812 W VDEC    : get_extension_index, "OMX.google.android.index.storeMetaDataInBuffers" not implemented
04-28 11:58:44.788   740  1812 W VDEC    : get_extension_index, "OMX.google.android.index.storeANWBufferInMetadata" not implemented
04-28 11:58:44.789   740  1812 W VDEC    : get_extension_index, "OMX.google.android.index.configureVideoTunnelMode" not implemented
04-28 11:58:44.789   740  1812 W VDEC    : set_parameter, allocate native buffer Bad port index 1
04-28 11:58:44.789   740  1812 E OMXNodeInstance: setParameter(0xf4c29dc0:hisi.decoder.avc, OMX.google.android.index.allocateNativeHandle(0x7f000008): Output:1 en=0) ERROR: BadPortIndex(0x8000101b)
04-28 11:58:44.789   740  1812 W VDEC    : get_extension_index, "OMX.google.android.index.storeANWBufferInMetadata" not implemented
04-28 11:58:44.789   740  1812 W VDEC    : get_extension_index, "OMX.google.android.index.storeMetaDataInBuffers" not implemented
04-28 11:58:44.789   740  1812 E OMXNodeInstance: getExtensionIndex(0xf4c29dc0:hisi.decoder.avc, OMX.google.android.index.storeMetaDataInBuffers) ERROR: NotImplemented(0x80001006)
04-28 11:58:44.790   740  1812 W VDEC    : set_parameter, allocate native buffer Bad port index 1
04-28 11:58:44.790   740  1812 E OMXNodeInstance: setParameter(0xf4c29dc0:hisi.decoder.avc, OMX.google.android.index.allocateNativeHandle(0x7f000008): Output:1 en=0) ERROR: BadPortIndex(0x8000101b)
04-28 11:58:44.790   740  1812 W VDEC    : get_extension_index, "OMX.google.android.index.storeANWBufferInMetadata" not implemented
04-28 11:58:44.790   740  1812 W VDEC    : get_extension_index, "OMX.google.android.index.storeMetaDataInBuffers" not implemented
04-28 11:58:44.790   740  1812 E OMXNodeInstance: getExtensionIndex(0xf4c29dc0:hisi.decoder.avc, OMX.google.android.index.storeMetaDataInBuffers) ERROR: NotImplemented(0x80001006)
04-28 11:58:44.790   740  1812 I VDEC    : set_parameter, Invalid stride 64 is not equal to cal_stride 768 of width 720
04-28 11:58:44.790   740  1812 I VDEC    : set_parameter, Invalid stride convert to 768
04-28 11:58:44.790   740  1812 I VDEC    : buffer min_count[1], max_count[8]
04-28 11:58:44.790   740  1812 I VDEC    : portDefn->nPortIndex is 0, xFramerate is 0
04-28 11:58:44.790   740  1812 W VDEC    : [vdecutil_set_framerate], xFramerate is more than 60000, not reasonable , mFrameRate is 0
04-28 11:58:44.791   740  1812 I VDEC    : set config index 0x7f00000b OMX_GoogleIndexDescribeColorAspects
04-28 11:58:44.791   740  1812 I VDEC    : Range 2 Primaries 1 MatrixCoeffs 1 Tansfer 3
04-28 11:58:44.791   740  1812 W VDEC    : get_extension_index, "OMX.google.android.index.describeHDRStaticInfo" not implemented
04-28 11:58:44.791   740  1812 W VDEC    : [set_config], unknown index 0x6f800002
04-28 11:58:44.791   740  1812 E OMXNodeInstance: setConfig(0xf4c29dc0:hisi.decoder.avc, ConfigPriority(0x6f800002)) ERROR: BadParameter(0x80001005)
04-28 11:58:44.791   740  5667 I VDEC    : set config index 0x7f00000b OMX_GoogleIndexDescribeColorAspects
04-28 11:58:44.791   740  5667 I VDEC    : Range 2 Primaries 1 MatrixCoeffs 1 Tansfer 3
04-28 11:58:44.791   740  5667 I VDEC    : get config OMX_GoogleIndexDescribeColorAspects
04-28 11:58:44.791   740  5667 I VDEC    : Range 2 Primaries 1 MatrixCoeffs 1 Tansfer 3
04-28 11:58:44.792   740  5667 I VDEC    : get config OMX_GoogleIndexDescribeColorAspects
04-28 11:58:44.792   740  5667 I VDEC    : Range 2 Primaries 1 MatrixCoeffs 1 Tansfer 3
04-28 11:58:44.792  1162  2327 I chatty  : uid=1000(system) Binder:1162_B expire 7 lines
04-28 11:58:44.793   740  9635 I VDEC    : OmxState, Current State 1, Expected State 2
04-28 11:58:44.793   740  9635 I VDEC    : channel_create enter
04-28 11:58:44.793   740  9635 I VDEC    : 
04-28 11:58:44.793   740  9635 I VDEC    :  Protocol         = H264
04-28 11:58:44.793   740  9635 I VDEC    :  Resolution       = 720x1280
04-28 11:58:44.793   740  9635 I VDEC    :  Stride           = 768
04-28 11:58:44.793   740  9635 I VDEC    :  ColorFormat      = YUV420SemiPlanar
04-28 11:58:44.793   740  9635 I VDEC    :  IsAdvProfile     = 0
04-28 11:58:44.793   740  9635 I VDEC    :  CodecVersion     = 0
04-28 11:58:44.793   740  9635 I VDEC    :  bReversed        = 0
04-28 11:58:44.793   740  9635 I VDEC    :  SpecMode         = 0
04-28 11:58:44.793   740  9635 I VDEC    :  Priority         = 1
04-28 11:58:44.793   740  9635 I VDEC    :  ErrThreshold     = 100
04-28 11:58:44.793   740  9635 I VDEC    :  DecMode          = 0
04-28 11:58:44.793   740  9635 I VDEC    :  OutputOrder      = 0
04-28 11:58:44.793   740  9635 I VDEC    :  LowdlyEnable     = 0
04-28 11:58:44.793   740  9635 I VDEC    :  CompressEnbale   = 0
04-28 11:58:44.793   740  9635 I VDEC    :  ActInBufNum      = 5
04-28 11:58:44.793   740  9635 I VDEC    :  ActInBufSize     = 2097152
04-28 11:58:44.793   740  9635 I VDEC    : 
04-28 11:58:44.793   740  9635 I VDEC    : pchan->frame_rate 0, width 720, height 1280, chan_num 1, needHighFreq 0, needNormFreq 0
04-28 11:58:44.811   740  9635 I VDEC    : [VFMWThreadState] create vfmw_ctrl thread success
04-28 11:58:44.812   740  9638 I VDEC    : [VFMWThreadState] enter scd thread
04-28 11:58:44.812   740  9635 I VDEC    : [VFMWThreadState] create scd thread success
04-28 11:58:44.812   740  9639 I VDEC    : [VFMWThreadState] enter vdh process thread
04-28 11:58:44.812   740  9635 I VDEC    : [VFMWThreadState] create vdh thread success
04-28 11:58:44.813   740  9637 I VDEC    : [VFMWThreadState] enter vfmw_ctrl thread
04-28 11:58:44.813   740  9637 I VDEC    : [VFMWThreadState] start vfmw_ctrl thread
04-28 11:58:44.821   740  9635 I VDEC    : VCTRL_CreateChanWithOption, vfmw channel create success ChanID 3
04-28 11:58:44.822   740  9635 I VDEC    : [OMXVDECThreadState] processor_create_inst, create processor thread success, [BppContext : 0xf7243000, channel_id: 0, decoder_id: 3, processor_id :0]
04-28 11:58:44.822   740  9635 I VDEC    : [OMXThreadState] create msg thread success.
04-28 11:58:44.822   740  9635 I VDEC    : [OMXThreadState] create commonblock thread success.
04-28 11:58:44.822   740  9635 I VDEC    : [OmxState] Loaded --> Idle_Pending
04-28 11:58:44.822   740  9640 I VDEC    : [OMXVDECThreadState] processor_thread, enter processor thread success, [BppContext : 0xf7243000, channel_id: 0, decoder_id: 3, processor_id :0]
04-28 11:58:44.822   740  9641 I VDEC    : [OMXThreadState] enter msg thread.
04-28 11:58:44.822   740  9642 I VDEC    : [OMXThreadState] enter commonblock thread.
04-28 11:58:44.825   588   588 W AshmemAllocator: ashmem_create_region(2097152) returning hidl_memory(0x7ed742c100, 2097152)
04-28 11:58:44.831   588   588 I chatty  : uid=1000(system) allocator@1.0-s identical 9 lines
04-28 11:58:44.833   588   588 W AshmemAllocator: ashmem_create_region(2097152) returning hidl_memory(0x7ed742c100, 2097152)
04-28 11:58:44.836   740  5667 I VDEC    : set_config : set TimeStampCalcute enable
04-28 11:58:44.836   740  5667 W VDEC    : get_extension_index, "OMX.google.android.index.AndroidNativeBufferConsumerUsage" not implemented
04-28 11:58:44.837   640   850 I chatty  : uid=1000(system) Binder:640_2 expire 3 lines
04-28 11:58:44.838   604   977 I chatty  : uid=1000(system) HwBinder:604_1 expire 9 lines
04-28 11:58:44.840   640   849 I chatty  : uid=1000(system) Binder:640_1 expire 13 lines
04-28 11:58:44.846 18679  7748 W QueryController: Could not detect idle state.
04-28 11:58:44.847 18679  7748 W AccessibilityInteractionClient: old interaction Id is: -1,current interaction Id is:1017
04-28 11:58:44.848   740  5667 I VDEC    : [OmxState] Idle_Pending --> Idle
04-28 11:58:44.848   740  9635 I VDEC    : OmxState, Current State 2, Expected State 3
04-28 11:58:44.848   740  9635 I VDEC    : [OmxState] Idle --> Executing_Pending
04-28 11:58:44.849   740  9635 I VDEC    : [OmxState] Execute_Pending --> Executing
04-28 11:58:44.857   740  9637 I VDEC    : Get Config Data Len 13, Time Stamp: 0
04-28 11:58:44.857   740  9637 I VDEC    : Get Config Data Len 8, Time Stamp: 0
04-28 11:58:44.860  8622  9643 I chatty  : uid=10530(com.quvideo.xiaoying) expire 6 lines
04-28 11:58:44.860 18679  7748 W AccessibilityInteractionClient: old interaction Id is: -1,current interaction Id is:1018
04-28 11:58:44.860   740  5667 I OMXMaster: makeComponentInstance(OMX.google.aac.decoder) in omx@1.0-service process
04-28 11:58:44.860   740  9637 I VDEC    : PRN_ALWS, no VUI info
04-28 11:58:44.861   740  9637 I VDEC    : decoder_ext_event_handler, EVNT_NEED_ARRANGE
04-28 11:58:44.861   740  9634 I VDEC    : pchan->frame_rate 0, width 720, height 1280, chan_num 1, needHighFreq 0, needNormFreq 0
04-28 11:58:44.862   740  9641 I VDEC    : not vr mode
04-28 11:58:44.862   740  9641 I VDEC    : vdec enable hfbc mode
04-28 11:58:44.862   740  9641 I VDEC    : buffer min_count[10], max_count[14]
04-28 11:58:44.875   740  5667 E OMXNodeInstance: setConfig(0xf24386c0:google.aac.decoder, ??(0x6f700006)) ERROR: Undefined(0x80001001)
04-28 11:58:44.876   740  1812 E OMXNodeInstance: setConfig(0xf24386c0:google.aac.decoder, ConfigPriority(0x6f800002)) ERROR: Undefined(0x80001001)
04-28 11:58:44.876   740  1812 E OMXNodeInstance: setConfig(0xf24386c0:google.aac.decoder, ConfigOperatingRate(0x6f800003)) ERROR: Undefined(0x80001001)
04-28 11:58:44.879   740  9644 W SimpleSoftOMXComponent: onChangeState mState= 1, mTargetState = 1, state = 2
04-28 11:58:44.879   740  9644 W SimpleSoftOMXComponent: checkTransitions port is not populate
04-28 11:58:44.881   588   588 W AshmemAllocator: ashmem_create_region(8192) returning hidl_memory(0x7ed742c100, 8192)
04-28 11:58:44.882   588   588 W AshmemAllocator: ashmem_create_region(8192) returning hidl_memory(0x7ed742c100, 8192)
04-28 11:58:44.882   740  1812 W SimpleSoftOMXComponent: checkTransitions port is not populate
04-28 11:58:44.885   588   588 W AshmemAllocator: ashmem_create_region(32768) returning hidl_memory(0x7ed742c100, 32768)
04-28 11:58:44.886   588   588 W AshmemAllocator: ashmem_create_region(32768) returning hidl_memory(0x7ed742c100, 32768)
04-28 11:58:44.887   740  1812 W SimpleSoftOMXComponent: checkTransitions mState = 1, mTargetState = 2
04-28 11:58:44.888   740  9644 W SimpleSoftOMXComponent: onChangeState mState= 2, mTargetState = 2, state = 3
04-28 11:58:44.888   740  9644 W SimpleSoftOMXComponent: checkTransitions mState = 2, mTargetState = 3
04-28 11:58:44.891   604  4789 I chatty  : uid=1000(system) HwBinder:604_3 expire 15 lines
04-28 11:58:44.893   740  9641 D GPUCOMMON_VENDOR_CLIENT: tempBufferQueueID is 6
04-28 11:58:44.893   740  9641 I VDEC    : create_hfbc_tmpbuffer_queue_id, bufferqueue_id:6
04-28 11:58:44.894   740  9121 I VDEC    : set config index 0x7f00000b OMX_GoogleIndexDescribeColorAspects
04-28 11:58:44.894   740  9121 I VDEC    : Range 2 Primaries 1 MatrixCoeffs 1 Tansfer 3
04-28 11:58:44.894   740  5667 I VDEC    : get config OMX_GoogleIndexDescribeColorAspects
04-28 11:58:44.894   740  5667 I VDEC    : Range 2 Primaries 1 MatrixCoeffs 1 Tansfer 3
04-28 11:58:44.894   740  1812 I VDEC    : get config OMX_GoogleIndexDescribeColorAspects
