04-28 11:57:06.077  1814 27666 W ContextImpl: Calling a method in the system process without a qualified user: android.app.ContextImpl.startService:1796 android.content.ContextWrapper.startService:664 com.huawei.appgallery.assistant.service.AppGalleryAssistantService.startHMSService:299 com.huawei.appgallery.assistant.service.AppGalleryAssistantService.notifyHMSBackgroundEvent:285 com.huawei.appgallery.assistant.service.AppGalleryAssistantService.access$1100:32 
04-28 11:57:06.117  1162  1227 I chatty  : uid=1000(system) HwActivityManag expire 4 lines
04-28 11:57:06.133  1814  4841 I BoosterSwitchP: notifyUidState do nothing
04-28 11:57:06.133  1814  4841 I HidataAppQoeP: notifyUidState
04-28 11:57:06.133  1814  4841 I BrowserChrP: notifyUidState
04-28 11:57:06.149  1162  7787 I chatty  : uid=1000 system_server expire 1 line
04-28 11:57:06.262  1162 11484 I chatty  : uid=1000(system) Binder:1162_1F expire 1 line
04-28 11:57:06.273  1162  1232 I chatty  : uid=1000(system) ActivityManager expire 1 line
04-28 11:57:06.280  1162  2347 I chatty  : uid=1000(system) Binder:1162_D expire 1 line
04-28 11:57:06.281  1162  1242 I chatty  : uid=1000(system) HwGameAssistant expire 1 line
04-28 11:57:06.282  1162  1949 I chatty  : uid=1000(system) Binder:1162_7 expire 1 line
04-28 11:57:06.287  1162  2334 I chatty  : uid=1000(system) Binder:1162_C expire 3 lines
04-28 11:57:06.292  1162  3795 I chatty  : uid=1000(system) Binder:1162_F expire 21 lines
04-28 11:57:06.292  1162  1176 I chatty  : uid=1000(system) Binder:1162_1 expire 1 line
04-28 11:57:06.293  1162  1577 I chatty  : uid=1000(system) ConnectivitySer expire 10 lines
04-28 11:57:06.295  1162 11484 I chatty  : uid=1000(system) Binder:1162_1F expire 6 lines
04-28 11:57:06.301  1162  1232 I chatty  : uid=1000(system) ActivityManager expire 8 lines
04-28 11:57:06.302  1162  1949 I chatty  : uid=1000(system) Binder:1162_7 expire 2 lines
04-28 11:57:06.306  1162  1241 I chatty  : uid=1000(system) android.display expire 2 lines
04-28 11:57:06.314  1162  1237 I chatty  : uid=1000(system) batterystats-wo expire 8 lines
04-28 11:57:06.317  1162  1779 I chatty  : uid=1000(system) MultiTaskManage expire 3 lines
04-28 11:57:06.318  1162  2327 I chatty  : uid=1000(system) Binder:1162_B expire 22 lines
04-28 11:57:06.318  1162  1244 I chatty  : uid=1000(system) PowerManagerSer expire 6 lines
04-28 11:57:06.319  7791  7791 D ActivityThread: Attach thread to application
04-28 11:57:06.332  1162  1506 I chatty  : uid=1000(system) android.anim expire 24 lines
04-28 11:57:06.339  1814  1814 I HwCoreAppHelperService: LocalReceiver receives:android.intent.action.PACKAGE_RESTARTED,pkg:com.quvideo.xiaoying,uid:10530
04-28 11:57:06.340  1162  1230 I chatty  : uid=1000(system) android.ui expire 1 line
04-28 11:57:06.342  1814  2269 I BoosterSwitchP: notifyUidState do nothing
04-28 11:57:06.342  1814  2269 I HidataAppQoeP: notifyUidState
04-28 11:57:06.342  1814  2269 I BrowserChrP: notifyUidState
04-28 11:57:06.345  1162  9181 I chatty  : uid=1000(system) Binder:1162_1A expire 10 lines
04-28 11:57:06.346 22470 22814 I HwNetworkPolicyManager: getHwUidPolicy uid = 10104 policy = 0
04-28 11:57:06.348  1162  8103 I chatty  : uid=1000(system) Binder:1162_16 expire 24 lines
04-28 11:57:06.350  1162  1162 I chatty  : uid=1000 system_server expire 31 lines
04-28 11:57:06.353  1814  2269 I BoosterSwitchP: notifyUidState do nothing
04-28 11:57:06.353  1814  2269 I HidataAppQoeP: notifyUidState
04-28 11:57:06.353  1814  2269 I BrowserChrP: notifyUidState
04-28 11:57:06.372  1162  1657 I chatty  : uid=1000(system) SyncManager expire 3 lines
04-28 11:57:06.403 16084 16354 I CommandQueue: updateBarBgColor
04-28 11:57:06.403 16084 16354 D CommandQueue: CommandQueue, setBarBackgroundColor
04-28 11:57:06.406  1162  8538 I chatty  : uid=1000(system) Binder:1162_17 expire 15 lines
04-28 11:57:06.408  1162  3293 I chatty  : uid=1000(system) Binder:1162_E expire 13 lines
04-28 11:57:06.534  1162  1590 I chatty  : uid=1000(system) Thread-53 expire 3 lines
04-28 11:57:06.582  1162  1229 I chatty  : uid=1000(system) ActivityManager expire 4 lines
04-28 11:57:06.613  7791  7847 E ActivityThread: Failed to find provider info for com.facebook.katana.provider.PlatformProvider
04-28 11:57:06.648  7791  7791 E ActivityThread: Failed to find provider info for com.quvideo.xiaoying.vivasetting
04-28 11:57:06.924  1162  1227 I chatty  : uid=1000(system) HwActivityManag expire 4 lines
04-28 11:57:06.951  1814 27666 I BoosterSwitchP: notifyUidState do nothing
04-28 11:57:06.951  1814 27666 I HidataAppQoeP: notifyUidState
04-28 11:57:06.951  1814 27666 I BrowserChrP: notifyUidState
04-28 11:57:06.952 22470 22814 I HwNetworkPolicyManager: getHwUidPolicy uid = 10530 policy = 0
04-28 11:57:06.975  1162  7916 I chatty  : uid=1000 system_server expire 1 line
04-28 11:57:07.021  7791  7854 E ActivityThread: Failed to find provider info for com.facebook.katana.provider.AttributionIdProvider
04-28 11:57:07.023  7791  7791 V ActivityThread: Skipping new config:{1.0 ?mcc?mnc [zh_CN_#Hans,en_GB,ar_AE] ldltr sw360dp w360dp h719dp 480dpi nrml long hdr port finger -keyb/v/h -nav/h winConfig={ mBounds=Rect(0, 0 - 1080, 2159) mAppBounds=Rect(0, 85 - 1080, 2244) mWindowingMode=fullscreen mActivityType=undefined} nonFullScreen=0 suim:1 s.11}, config:{1.0 ?mcc?mnc [zh_CN_#Hans,en_GB,ar_AE] ldltr sw360dp w360dp h719dp 480dpi nrml long hdr port finger -keyb/v/h -nav/h winConfig={ mBounds=Rect(0, 0 - 1080, 2159) mAppBounds=Rect(0, 85 - 1080, 2244) mWindowingMode=fullscreen mActivityType=undefined} nonFullScreen=0 suim:1 s.11} for app:com.quvideo.xiaoying
04-28 11:57:07.044  7791  7791 V ActivityThread: callActivityOnCreate
04-28 11:57:07.097  7791  7791 D ActivityThread: add activity client record, r= ActivityRecord{ed9da78 token=android.os.BinderProxy@b6ba20d {com.quvideo.xiaoying/com.quvideo.xiaoying.app.splash.SplashActivity}} token= android.os.BinderProxy@b6ba20d
04-28 11:57:07.171  7978  7978 D ActivityThread: Attach thread to application
04-28 11:57:07.175  1162  1242 I chatty  : uid=1000(system) HwGameAssistant expire 1 line
04-28 11:57:07.188 16084 16096 I CommandQueue: updateBarBgColor
04-28 11:57:07.188 16084 16096 D CommandQueue: CommandQueue, setBarBackgroundColor
04-28 11:57:07.288  1162  1234 I chatty  : uid=1000(system) ThirdAppHandler expire 3 lines
04-28 11:57:07.301  7978  8031 E ActivityThread: Failed to find provider info for com.tempo.video.edit.DownloadProvider
04-28 11:57:07.303  7978  8031 E ActivityThread: Failed to find provider info for com.quvideo.vivamini.DownloadProvider
04-28 11:57:07.307  7978  8031 E ActivityThread: Failed to find provider info for com.quvideo.slideplus.DownloadProvider
04-28 11:57:07.307  7791  8058 E ActivityThread: Failed to find provider info for com.facebook.katana.provider.AttributionIdProvider
04-28 11:57:07.323  1162  2096 I chatty  : uid=1000(system) Binder:1162_9 expire 21 lines
04-28 11:57:07.325  1814 27666 I BoosterSwitchP: notifyUidState do nothing
04-28 11:57:07.325  1814 27666 I HidataAppQoeP: notifyUidState
04-28 11:57:07.325  1814 27666 I BrowserChrP: notifyUidState
04-28 11:57:07.662  8123  8123 D ActivityThread: Attach thread to application
04-28 11:57:07.792  1162  1577 I chatty  : uid=1000(system) ConnectivitySer expire 4 lines
04-28 11:57:07.832  1162  1229 I chatty  : uid=1000(system) ActivityManager expire 1 line
04-28 11:57:07.834  1162  8538 I chatty  : uid=1000(system) Binder:1162_17 expire 47 lines
04-28 11:57:07.873  1162  2327 I chatty  : uid=1000(system) Binder:1162_B expire 46 lines
04-28 11:57:08.070  1162  1162 I chatty  : uid=1000 system_server expire 18 lines
04-28 11:57:09.145  1162  1745 I chatty  : uid=1000(system) watchdog expire 1 line
04-28 11:57:09.466  1162  1244 I chatty  : uid=1000(system) PowerManagerSer expire 3 lines
04-28 11:57:09.923  1162  9181 I chatty  : uid=1000(system) Binder:1162_1A expire 57 lines
04-28 11:57:10.179  1162  1227 I chatty  : uid=1000(system) HwActivityManag expire 2 lines
04-28 11:57:10.180  7791  7791 V ActivityThread: Skipping new config:{1.0 ?mcc?mnc [zh_CN_#Hans,en_GB,ar_AE] ldltr sw360dp w360dp h719dp 480dpi nrml long hdr port finger -keyb/v/h -nav/h winConfig={ mBounds=Rect(0, 0 - 1080, 2159) mAppBounds=Rect(0, 85 - 1080, 2244) mWindowingMode=fullscreen mActivityType=undefined} nonFullScreen=0 suim:1 s.11}, config:{1.0 ?mcc?mnc [zh_CN_#Hans,en_GB,ar_AE] ldltr sw360dp w360dp h719dp 480dpi nrml long hdr port finger -keyb/v/h -nav/h winConfig={ mBounds=Rect(0, 0 - 1080, 2159) mAppBounds=Rect(0, 85 - 1080, 2244) mWindowingMode=fullscreen mActivityType=undefined} nonFullScreen=0 suim:1 s.11} for app:com.quvideo.xiaoying
04-28 11:57:10.182  7791  7791 V ActivityThread: callActivityOnCreate
04-28 11:57:10.312  1162  1234 I chatty  : uid=1000(system) ThirdAppHandler expire 3 lines
04-28 11:57:10.321  7791  7791 D ActivityThread: add activity client record, r= ActivityRecord{f62d773 token=android.os.BinderProxy@bf4f28e {com.quvideo.xiaoying/com.quvideo.xiaoying.MainActivity}} token= android.os.BinderProxy@bf4f28e
04-28 11:57:10.354  1162  3293 I chatty  : uid=1000(system) Binder:1162_E expire 13 lines
04-28 11:57:10.397  1162  1242 I chatty  : uid=1000(system) HwGameAssistant expire 1 line
04-28 11:57:10.589 16084 16354 I CommandQueue: updateBarBgColor
04-28 11:57:10.589 16084 16354 D CommandQueue: CommandQueue, setBarBackgroundColor
04-28 11:57:10.736  1162  1506 I chatty  : uid=1000(system) android.anim expire 5 lines
04-28 11:57:10.761  1162  1241 I chatty  : uid=1000(system) android.display expire 1 line
04-28 11:57:10.974   580   646 W SocketListener: sending broadcast to Pid = 1162, Uid = 1000 
04-28 11:57:10.975  1162  1563 I chatty  : uid=1000(system) NetdConnector expire 4 lines
04-28 11:57:10.976  1162  1239 I chatty  : uid=1000(system) android.fg expire 2 lines
04-28 11:57:10.977  1162  1566 I chatty  : uid=1000(system) NetworkStats expire 5 lines
04-28 11:57:11.036  7791  7791 D ActivityThread: Remove activity client record, r= ActivityRecord{ed9da78 token=android.os.BinderProxy@b6ba20d {com.quvideo.xiaoying/com.quvideo.xiaoying.app.splash.SplashActivity}} token= android.os.BinderProxy@b6ba20d
04-28 11:57:11.141  1162  8733 I chatty  : uid=1000(system) Binder:1162_18 expire 9 lines
04-28 11:57:11.905  1162  1237 I chatty  : uid=1000(system) batterystats-wo expire 3 lines
04-28 11:57:12.057  1162  1234 I chatty  : uid=1000(system) ThirdAppHandler expire 7 lines
04-28 11:57:12.066  1162  8832 I chatty  : uid=1000(system) Binder:1162_19 expire 51 lines
04-28 11:57:12.080  1162  2096 I chatty  : uid=1000(system) Binder:1162_9 expire 21 lines
04-28 11:57:12.102  1162  9181 I chatty  : uid=1000(system) Binder:1162_1A expire 18 lines
04-28 11:57:12.307  1162  2327 I chatty  : uid=1000(system) Binder:1162_B expire 38 lines
04-28 11:57:12.353  1162  1162 I chatty  : uid=1000 system_server expire 12 lines
04-28 11:57:12.813  1162  8733 I chatty  : uid=1000(system) Binder:1162_18 expire 17 lines
04-28 11:57:12.813  1162  8538 I chatty  : uid=1000(system) Binder:1162_17 expire 22 lines
04-28 11:57:12.977   580   646 W SocketListener: sending broadcast to Pid = 1162, Uid = 1000 
04-28 11:57:12.979  1162  1563 I chatty  : uid=1000(system) NetdConnector expire 16 lines
04-28 11:57:12.980  1162  1239 I chatty  : uid=1000(system) android.fg expire 6 lines
04-28 11:57:12.982  1162  1566 I chatty  : uid=1000(system) NetworkStats expire 15 lines
04-28 11:57:14.785  1162  1514 I chatty  : uid=1000(system) UEventObserver expire 5 lines
04-28 11:57:15.131   580   646 W SocketListener: sending broadcast to Pid = 1162, Uid = 1000 
04-28 11:57:17.146   580   646 W SocketListener: sending broadcast to Pid = 1162, Uid = 1000 
04-28 11:57:17.443  1162  1244 I chatty  : uid=1000(system) PowerManagerSer expire 2 lines
04-28 11:57:17.445  1162  1226 I chatty  : uid=1000(system) android.bg expire 2 lines
04-28 11:57:18.488  1162  1227 I chatty  : uid=1000(system) HwActivityManag expire 1 line
04-28 11:57:18.489  1162  1506 I chatty  : uid=1000(system) android.anim expire 12 lines
04-28 11:57:18.491  7791  7791 V ActivityThread: Skipping new config:{1.0 ?mcc?mnc [zh_CN_#Hans,en_GB,ar_AE] ldltr sw360dp w360dp h719dp 480dpi nrml long hdr port finger -keyb/v/h -nav/h winConfig={ mBounds=Rect(0, 0 - 1080, 2159) mAppBounds=Rect(0, 85 - 1080, 2244) mWindowingMode=fullscreen mActivityType=undefined} nonFullScreen=0 suim:1 s.11}, config:{1.0 ?mcc?mnc [zh_CN_#Hans,en_GB,ar_AE] ldltr sw360dp w360dp h719dp 480dpi nrml long hdr port finger -keyb/v/h -nav/h winConfig={ mBounds=Rect(0, 0 - 1080, 2159) mAppBounds=Rect(0, 85 - 1080, 2244) mWindowingMode=fullscreen mActivityType=undefined} nonFullScreen=0 suim:1 s.11} for app:com.quvideo.xiaoying
04-28 11:57:18.494  7791  7791 V ActivityThread: callActivityOnCreate
04-28 11:57:18.513  7791  7791 D ActivityThread: add activity client record, r= ActivityRecord{a97513c token=android.os.BinderProxy@a815505 {com.quvideo.xiaoying/com.quvideo.xiaoying.app.home8.template.ui.TemplateDetailAct}} token= android.os.BinderProxy@a815505
04-28 11:57:18.524  1162  9181 I chatty  : uid=1000(system) Binder:1162_1A expire 28 lines
04-28 11:57:18.524  1162  1242 I chatty  : uid=1000(system) HwGameAssistant expire 2 lines
04-28 11:57:18.525  1162  1227 I chatty  : uid=1000(system) HwActivityManag expire 3 lines
04-28 11:57:18.529  1162  8832 I chatty  : uid=1000(system) Binder:1162_19 expire 4 lines
04-28 11:57:18.565 16084 16354 I CommandQueue: updateBarBgColor
04-28 11:57:18.565 16084 16354 D CommandQueue: CommandQueue, setBarBackgroundColor
04-28 11:57:18.588  1162  2327 I chatty  : uid=1000(system) Binder:1162_B expire 13 lines
04-28 11:57:18.612  1162  8733 I chatty  : uid=1000(system) Binder:1162_18 expire 28 lines
04-28 11:57:18.674  1162  1241 I chatty  : uid=1000(system) android.display expire 2 lines
04-28 11:57:18.937  1162  2096 I chatty  : uid=1000(system) Binder:1162_9 expire 42 lines
04-28 11:57:19.047  1162  1234 I chatty  : uid=1000(system) ThirdAppHandler expire 5 lines
04-28 11:57:19.064  1162  1226 I chatty  : uid=1000(system) android.bg expire 2 lines
04-28 11:57:19.074  1162  1563 I chatty  : uid=1000(system) NetdConnector expire 18 lines
04-28 11:57:19.091  1162  1162 I chatty  : uid=1000 system_server expire 11 lines
04-28 11:57:19.149   580   646 W SocketListener: sending broadcast to Pid = 1162, Uid = 1000 
04-28 11:57:19.153  1162  1239 I chatty  : uid=1000(system) android.fg expire 6 lines
04-28 11:57:19.159  1162  1566 I chatty  : uid=1000(system) NetworkStats expire 23 lines
04-28 11:57:21.053  1162  3795 I chatty  : uid=1000(system) Binder:1162_F expire 3 lines
04-28 11:57:21.143  1162  8538 I chatty  : uid=1000(system) Binder:1162_17 expire 16 lines
04-28 11:57:21.170  7791  7791 V ActivityThread: Skipping new config:{1.0 ?mcc?mnc [zh_CN_#Hans,en_GB,ar_AE] ldltr sw360dp w360dp h719dp 480dpi nrml long hdr port finger -keyb/v/h -nav/h winConfig={ mBounds=Rect(0, 0 - 1080, 2159) mAppBounds=Rect(0, 85 - 1080, 2244) mWindowingMode=fullscreen mActivityType=undefined} nonFullScreen=0 suim:1 s.11}, config:{1.0 ?mcc?mnc [zh_CN_#Hans,en_GB,ar_AE] ldltr sw360dp w360dp h719dp 480dpi nrml long hdr port finger -keyb/v/h -nav/h winConfig={ mBounds=Rect(0, 0 - 1080, 2159) mAppBounds=Rect(0, 85 - 1080, 2244) mWindowingMode=fullscreen mActivityType=undefined} nonFullScreen=0 suim:1 s.11} for app:com.quvideo.xiaoying
04-28 11:57:21.173  7791  7791 V ActivityThread: callActivityOnCreate
04-28 11:57:21.194  7791  7791 D ActivityThread: add activity client record, r= ActivityRecord{e7f15a0 token=android.os.BinderProxy@2b1fbb1 {com.quvideo.xiaoying/com.quvideo.xiaoying.editor.TmpGalleryActivity}} token= android.os.BinderProxy@2b1fbb1
04-28 11:57:21.227   580   646 W SocketListener: sending broadcast to Pid = 1162, Uid = 1000 
04-28 11:57:21.250  1162  3293 I chatty  : uid=1000(system) Binder:1162_E expire 11 lines
04-28 11:57:21.828  1162  8103 I chatty  : uid=1000(system) Binder:1162_16 expire 13 lines
04-28 11:57:23.241   580   646 W SocketListener: sending broadcast to Pid = 1162, Uid = 1000 
04-28 11:57:23.854  1162  3293 I chatty  : uid=1000(system) Binder:1162_E expire 12 lines
04-28 11:57:23.868  1162  9181 I chatty  : uid=1000(system) Binder:1162_1A expire 8 lines
04-28 11:57:24.489  1162  8733 I chatty  : uid=1000(system) Binder:1162_18 expire 15 lines
04-28 11:57:24.536  1162  8538 I chatty  : uid=1000(system) Binder:1162_17 expire 10 lines
04-28 11:57:24.836  1162  1234 I chatty  : uid=1000(system) ThirdAppHandler expire 11 lines
04-28 11:57:25.268   580   646 W SocketListener: sending broadcast to Pid = 1162, Uid = 1000 
04-28 11:57:25.269  1162  1563 I chatty  : uid=1000(system) NetdConnector expire 22 lines
04-28 11:57:25.271  1162  1239 I chatty  : uid=1000(system) android.fg expire 13 lines
04-28 11:57:25.274  1162  1566 I chatty  : uid=1000(system) NetworkStats expire 25 lines
04-28 11:57:25.611  1162  2327 I chatty  : uid=1000(system) Binder:1162_B expire 17 lines
04-28 11:57:26.017  1162  1162 I chatty  : uid=1000 system_server expire 2 lines
04-28 11:57:27.314  1162  1506 I chatty  : uid=1000(system) android.anim expire 3 lines
04-28 11:57:27.472   580   646 W SocketListener: sending broadcast to Pid = 1162, Uid = 1000 
04-28 11:57:28.701  1162  1241 I chatty  : uid=1000(system) android.display expire 1 line
04-28 11:57:29.244   580   650 W SocketListener: sending broadcast to Pid = 1162, Uid = 1000 
04-28 11:57:29.475   580   646 W SocketListener: sending broadcast to Pid = 1162, Uid = 1000 
04-28 11:57:31.480   580   646 W SocketListener: sending broadcast to Pid = 1162, Uid = 1000 
04-28 11:57:32.524  1162  2096 I chatty  : uid=1000(system) Binder:1162_9 expire 4 lines
04-28 11:57:33.484   580   646 W SocketListener: sending broadcast to Pid = 1162, Uid = 1000 
04-28 11:57:35.492   580   646 W SocketListener: sending broadcast to Pid = 1162, Uid = 1000 
04-28 11:57:35.493  1162  1563 I chatty  : uid=1000(system) NetdConnector expire 14 lines
04-28 11:57:35.495  1162  1239 I chatty  : uid=1000(system) android.fg expire 7 lines
04-28 11:57:35.497  1162  1566 I chatty  : uid=1000(system) NetworkStats expire 15 lines
04-28 11:57:35.553  1162  8733 I chatty  : uid=1000(system) Binder:1162_18 expire 8 lines
04-28 11:57:36.963  1162  8832 I chatty  : uid=1000(system) Binder:1162_19 expire 4 lines
04-28 11:57:37.717   580   646 W SocketListener: sending broadcast to Pid = 1162, Uid = 1000 
04-28 11:57:37.807  1162  8103 I chatty  : uid=1000(system) Binder:1162_16 expire 8 lines
04-28 11:57:37.936  1162  2327 I chatty  : uid=1000(system) Binder:1162_B expire 8 lines
04-28 11:57:39.149  1162  1745 I chatty  : uid=1000(system) watchdog expire 1 line
04-28 11:57:39.716   580   646 W SocketListener: sending broadcast to Pid = 1162, Uid = 1000 
04-28 11:57:39.762  1162  1234 I chatty  : uid=1000(system) ThirdAppHandler expire 4 lines
04-28 11:57:40.029  1162  3795 I chatty  : uid=1000(system) Binder:1162_F expire 11 lines
04-28 11:57:41.721   580   646 W SocketListener: sending broadcast to Pid = 1162, Uid = 1000 
04-28 11:57:41.725  1162  1239 I chatty  : uid=1000(system) android.fg expire 11 lines
04-28 11:57:41.726  1162  1566 I chatty  : uid=1000(system) NetworkStats expire 25 lines
04-28 11:57:41.779  1162  1563 I chatty  : uid=1000(system) NetdConnector expire 20 lines
04-28 11:57:41.810  1162  1234 I chatty  : uid=1000(system) ThirdAppHandler expire 10 lines
04-28 11:57:41.823  1162  2327 I chatty  : uid=1000(system) Binder:1162_B expire 9 lines
04-28 11:57:42.004  1162  8832 I chatty  : uid=1000(system) Binder:1162_19 expire 10 lines
04-28 11:57:42.553  1162  8733 I chatty  : uid=1000(system) Binder:1162_18 expire 2 lines
04-28 11:57:43.456  1162  3293 I chatty  : uid=1000(system) Binder:1162_E expire 9 lines
04-28 11:57:44.001   580   646 W SocketListener: sending broadcast to Pid = 1162, Uid = 1000 
04-28 11:57:44.044  1162  8103 I chatty  : uid=1000(system) Binder:1162_16 expire 11 lines
04-28 11:57:44.535  1162  1226 I chatty  : uid=1000(system) android.bg expire 1 line
04-28 11:57:44.547  1162  1162 I chatty  : uid=1000 system_server expire 1 line
04-28 11:57:44.563  1162  1949 I chatty  : uid=1000(system) Binder:1162_7 expire 8 lines
04-28 11:57:44.901  1162  8538 I chatty  : uid=1000(system) Binder:1162_17 expire 25 lines
04-28 11:57:44.918  1162  9181 I chatty  : uid=1000(system) Binder:1162_1A expire 11 lines
04-28 11:57:45.497  1162  1514 I chatty  : uid=1000(system) UEventObserver expire 5 lines
04-28 11:57:45.506  1162  1255 I chatty  : uid=1000(system) HwBinder:1162_1 expire 1 line
04-28 11:57:46.001   580   646 W SocketListener: sending broadcast to Pid = 1162, Uid = 1000 
04-28 11:57:48.004   580   646 W SocketListener: sending broadcast to Pid = 1162, Uid = 1000 
04-28 11:57:50.205   580   646 W SocketListener: sending broadcast to Pid = 1162, Uid = 1000 
04-28 11:57:52.254   580   646 W SocketListener: sending broadcast to Pid = 1162, Uid = 1000 
04-28 11:57:52.255  1162  1563 I chatty  : uid=1000(system) NetdConnector expire 12 lines
04-28 11:57:52.259  1162  1566 I chatty  : uid=1000(system) NetworkStats expire 15 lines
04-28 11:57:52.401  1162  1234 I chatty  : uid=1000(system) ThirdAppHandler expire 8 lines
04-28 11:57:52.510  1162  3795 I chatty  : uid=1000(system) Binder:1162_F expire 13 lines
04-28 11:57:52.515  1162  8832 I chatty  : uid=1000(system) Binder:1162_19 expire 3 lines
04-28 11:57:52.959   736   804 E storaged: getDiskStats failed with result NOT_SUPPORTED and size 0
04-28 11:57:52.963   736   804 E storaged: open file /data/storaged/storaged.txt failed!2
04-28 11:57:52.963   736   804 E storaged: write(append)  diskstat data failed!ts:1588046272,read bytes:0, write bytes: 0
04-28 11:57:52.995   736   804 E storaged: curr_io_stats:  size: 267
04-28 11:57:53.003   736   804 E storaged: open file /data/storaged/storaged.txt failed!2
04-28 11:57:53.003   736   804 E storaged: write(append)  uid data failed!
04-28 11:57:53.116   736   804 E storaged: pid_info get_pids failed
04-28 11:57:54.012  1162  1232 I chatty  : uid=1000(system) ActivityManager expire 1 line
04-28 11:57:54.013  1162  1779 I chatty  : uid=1000(system) MultiTaskManage expire 1 line
04-28 11:57:54.062  8569  8569 D ActivityThread: Attach thread to application
04-28 11:57:54.256   580   646 W SocketListener: sending broadcast to Pid = 1162, Uid = 1000 
04-28 11:57:54.259  1162  1239 I chatty  : uid=1000(system) android.fg expire 4 lines
04-28 11:57:56.101  1162  2096 I chatty  : uid=1000(system) Binder:1162_9 expire 1 line
04-28 11:57:56.341   580   646 W SocketListener: sending broadcast to Pid = 1162, Uid = 1000 
04-28 11:57:56.499  1162  8538 I chatty  : uid=1000(system) Binder:1162_17 expire 12 lines
04-28 11:57:58.812  1162  8832 I chatty  : uid=1000(system) Binder:1162_19 expire 15 lines
04-28 11:57:59.452   580   650 W SocketListener: sending broadcast to Pid = 1162, Uid = 1000 
04-28 11:57:59.454  1162  1563 I chatty  : uid=1000(system) NetdConnector expire 12 lines
04-28 11:57:59.457  1162  1239 I chatty  : uid=1000(system) android.fg expire 2 lines
04-28 11:58:00.003  1162  1162 I chatty  : uid=1000 system_server expire 12 lines
04-28 11:58:00.074  1162  3795 I chatty  : uid=1000(system) Binder:1162_F expire 10 lines
04-28 11:58:02.075  1814  1908 I HidataAppQoeP: handleStateChanged reason=8
04-28 11:58:02.082  1814  1908 I BrowserChrP: handleStateChanged
04-28 11:58:09.152  1162  1745 I chatty  : uid=1000(system) watchdog expire 1 line
04-28 11:58:14.388  1814  4859 I BoosterSwitchP: notifyUidState do nothing
04-28 11:58:14.388  1814  4859 I HidataAppQoeP: notifyUidState
04-28 11:58:14.388  1814  4859 I BrowserChrP: notifyUidState
04-28 11:58:14.392  1162  8832 I chatty  : uid=1000(system) Binder:1162_19 expire 33 lines
04-28 11:58:14.395  1814  4859 W ContextImpl: Calling a method in the system process without a qualified user: android.app.ContextImpl.startService:1796 android.content.ContextWrapper.startService:664 com.huawei.appgallery.assistant.service.AppGalleryAssistantService.startHMSService:299 com.huawei.appgallery.assistant.service.AppGalleryAssistantService.notifyHMSBackgroundEvent:285 com.huawei.appgallery.assistant.service.AppGalleryAssistantService.access$1100:32 
04-28 11:58:14.397  1162  1226 I chatty  : uid=1000(system) android.bg expire 2 lines
04-28 11:58:14.433  1814 27666 I BoosterSwitchP: notifyUidState do nothing
04-28 11:58:14.433  1814 27666 I HidataAppQoeP: notifyUidState
04-28 11:58:14.433  1814 27666 I BrowserChrP: notifyUidState
04-28 11:58:14.477  1162  1227 I chatty  : uid=1000(system) HwActivityManag expire 7 lines
04-28 11:58:14.500  1162  1506 I chatty  : uid=1000(system) android.anim expire 22 lines
04-28 11:58:14.506  1162  1232 I chatty  : uid=1000(system) ActivityManager expire 8 lines
04-28 11:58:14.507  1162  8103 I chatty  : uid=1000(system) Binder:1162_16 expire 3 lines
04-28 11:58:14.512  1162  1949 I chatty  : uid=1000(system) Binder:1162_7 expire 4 lines
04-28 11:58:14.515  1162  1176 I chatty  : uid=1000(system) Binder:1162_1 expire 1 line
04-28 11:58:14.515  1162  1244 I chatty  : uid=1000(system) PowerManagerSer expire 7 lines
04-28 11:58:14.565  1162  2334 I chatty  : uid=1000(system) Binder:1162_C expire 4 lines
04-28 11:58:14.566  1162  1242 I chatty  : uid=1000(system) HwGameAssistant expire 2 lines
04-28 11:58:14.572  1162  2096 I chatty  : uid=1000(system) Binder:1162_9 expire 7 lines
04-28 11:58:14.583  1162 12013 I chatty  : uid=1000(system) Binder:1162_20 expire 6 lines
04-28 11:58:14.586  1162  1230 I chatty  : uid=1000(system) android.ui expire 1 line
04-28 11:58:14.589  1814  1814 I HwCoreAppHelperService: LocalReceiver receives:android.intent.action.PACKAGE_RESTARTED,pkg:com.quvideo.xiaoying,uid:10530
04-28 11:58:14.606 22470 22814 I HwNetworkPolicyManager: getHwUidPolicy uid = 10104 policy = 0
04-28 11:58:14.616  8622  8622 D ActivityThread: Attach thread to application
04-28 11:58:14.620  1162  1779 I chatty  : uid=1000(system) MultiTaskManage expire 2 lines
04-28 11:58:14.635  1814  4859 I BoosterSwitchP: notifyUidState do nothing
04-28 11:58:14.635  1814  4859 I HidataAppQoeP: notifyUidState
04-28 11:58:14.635  1814  4859 I BrowserChrP: notifyUidState
04-28 11:58:14.643  1814  4859 I BoosterSwitchP: notifyUidState do nothing
04-28 11:58:14.643  1814  4859 I HidataAppQoeP: notifyUidState
04-28 11:58:14.643  1814  4859 I BrowserChrP: notifyUidState
04-28 11:58:14.646  1162  8538 I chatty  : uid=1000(system) Binder:1162_17 expire 1 line
04-28 11:58:14.651  1162  9181 I chatty  : uid=1000(system) Binder:1162_1A expire 12 lines
04-28 11:58:14.651  1162  3940 I chatty  : uid=1000(system) Binder:1162_10 expire 1 line
04-28 11:58:14.653  1162  1577 I chatty  : uid=1000(system) ConnectivitySer expire 2 lines
04-28 11:58:14.656  1162  3795 I chatty  : uid=1000(system) Binder:1162_F expire 2 lines
04-28 11:58:14.665  1162  1568 I chatty  : uid=1000(system) tworkPolicy.uid expire 4 lines
04-28 11:58:14.691  1162  1241 I chatty  : uid=1000(system) android.display expire 2 lines
04-28 11:58:14.692 16084 16354 I CommandQueue: updateBarBgColor
04-28 11:58:14.692 16084 16354 D CommandQueue: CommandQueue, setBarBackgroundColor
04-28 11:58:14.853  1162  1590 I chatty  : uid=1000(system) Thread-53 expire 3 lines
04-28 11:58:14.868  8622  8678 E ActivityThread: Failed to find provider info for com.facebook.katana.provider.PlatformProvider
04-28 11:58:14.898  1162  1229 I chatty  : uid=1000(system) ActivityManager expire 7 lines
04-28 11:58:14.927  8622  8622 E ActivityThread: Failed to find provider info for com.quvideo.xiaoying.vivasetting
04-28 11:58:15.127  1162  2327 I chatty  : uid=1000(system) Binder:1162_B expire 5 lines
04-28 11:58:15.148  1814  4841 I BoosterSwitchP: notifyUidState do nothing
04-28 11:58:15.148  1814  4841 I HidataAppQoeP: notifyUidState
04-28 11:58:15.148  1814  4841 I BrowserChrP: notifyUidState
04-28 11:58:15.150 22470 22814 I HwNetworkPolicyManager: getHwUidPolicy uid = 10530 policy = 0
04-28 11:58:15.157  1162  2347 I chatty  : uid=1000(system) Binder:1162_D expire 3 lines
04-28 11:58:15.175  1162  8737 I chatty  : uid=1000 system_server expire 1 line
04-28 11:58:15.239  8622  8622 V ActivityThread: Skipping new config:{1.0 ?mcc?mnc [zh_CN_#Hans,en_GB,ar_AE] ldltr sw360dp w360dp h719dp 480dpi nrml long hdr port finger -keyb/v/h -nav/h winConfig={ mBounds=Rect(0, 0 - 1080, 2159) mAppBounds=Rect(0, 85 - 1080, 2244) mWindowingMode=fullscreen mActivityType=undefined} nonFullScreen=0 suim:1 s.11}, config:{1.0 ?mcc?mnc [zh_CN_#Hans,en_GB,ar_AE] ldltr sw360dp w360dp h719dp 480dpi nrml long hdr port finger -keyb/v/h -nav/h winConfig={ mBounds=Rect(0, 0 - 1080, 2159) mAppBounds=Rect(0, 85 - 1080, 2244) mWindowingMode=fullscreen mActivityType=undefined} nonFullScreen=0 suim:1 s.11} for app:com.quvideo.xiaoying
04-28 11:58:15.249  8622  8622 V ActivityThread: callActivityOnCreate
04-28 11:58:15.301  8622  8622 D ActivityThread: add activity client record, r= ActivityRecord{9b2b95c token=android.os.BinderProxy@b6ba20d {com.quvideo.xiaoying/com.quvideo.xiaoying.app.splash.SplashActivity}} token= android.os.BinderProxy@b6ba20d
04-28 11:58:15.355  8805  8805 D ActivityThread: Attach thread to application
04-28 11:58:15.370  1162  1177 I chatty  : uid=1000(system) Binder:1162_2 expire 6 lines
04-28 11:58:15.372 16084 16429 I CommandQueue: updateBarBgColor
04-28 11:58:15.372 16084 16429 D CommandQueue: CommandQueue, setBarBackgroundColor
04-28 11:58:15.448  8622  8680 E ActivityThread: Failed to find provider info for com.facebook.katana.provider.AttributionIdProvider
04-28 11:58:15.471  8805  8863 E ActivityThread: Failed to find provider info for com.tempo.video.edit.DownloadProvider
04-28 11:58:15.474  8805  8863 E ActivityThread: Failed to find provider info for com.quvideo.vivamini.DownloadProvider
04-28 11:58:15.477  8805  8863 E ActivityThread: Failed to find provider info for com.quvideo.slideplus.DownloadProvider
04-28 11:58:15.478  1162  1234 I chatty  : uid=1000(system) ThirdAppHandler expire 1 line
04-28 11:58:15.509  1162  1162 I chatty  : uid=1000 system_server expire 20 lines
04-28 11:58:15.525  1162  2347 I chatty  : uid=1000(system) Binder:1162_D expire 13 lines
04-28 11:58:15.528  1814  7167 I BoosterSwitchP: notifyUidState do nothing
04-28 11:58:15.528  1162  1177 I chatty  : uid=1000(system) Binder:1162_2 expire 9 lines
04-28 11:58:15.528  1814  7167 I HidataAppQoeP: notifyUidState
04-28 11:58:15.528  1814  7167 I BrowserChrP: notifyUidState
04-28 11:58:15.532  8622  8906 E ActivityThread: Failed to find provider info for com.facebook.katana.provider.AttributionIdProvider
04-28 11:58:15.540  1162  1506 I chatty  : uid=1000(system) android.anim expire 4 lines
04-28 11:58:15.546  1162  1949 I chatty  : uid=1000(system) Binder:1162_7 expire 10 lines
04-28 11:58:15.552  1162  3940 I chatty  : uid=1000(system) Binder:1162_10 expire 36 lines
04-28 11:58:15.567  1162  8832 I chatty  : uid=1000(system) Binder:1162_19 expire 2 lines
04-28 11:58:15.574  1162  1234 I chatty  : uid=1000(system) ThirdAppHandler expire 2 lines
04-28 11:58:15.575  1162  2334 I chatty  : uid=1000(system) Binder:1162_C expire 2 lines
04-28 11:58:15.765  1162  9181 I chatty  : uid=1000(system) Binder:1162_1A expire 36 lines
04-28 11:58:15.865  1162  1232 I chatty  : uid=1000(system) ActivityManager expire 1 line
04-28 11:58:15.866  1162  1779 I chatty  : uid=1000(system) MultiTaskManage expire 1 line
04-28 11:58:15.895  8964  8964 D ActivityThread: Attach thread to application
04-28 11:58:15.965  1162  1577 I chatty  : uid=1000(system) ConnectivitySer expire 12 lines
04-28 11:58:16.043  1162  2327 I chatty  : uid=1000(system) Binder:1162_B expire 27 lines
04-28 11:58:16.102  1162  1229 I chatty  : uid=1000(system) ActivityManager expire 1 line
04-28 11:58:16.217  1162  1514 I chatty  : uid=1000(system) UEventObserver expire 5 lines
04-28 11:58:16.220  1162  8538 I chatty  : uid=1000(system) Binder:1162_17 expire 40 lines
04-28 11:58:16.221  1162  1255 I chatty  : uid=1000(system) HwBinder:1162_1 expire 1 line
04-28 11:58:17.658  1162  1244 I chatty  : uid=1000(system) PowerManagerSer expire 3 lines
04-28 11:58:18.539  1162  1227 I chatty  : uid=1000(system) HwActivityManag expire 2 lines
04-28 11:58:18.540  8622  8622 V ActivityThread: Skipping new config:{1.0 ?mcc?mnc [zh_CN_#Hans,en_GB,ar_AE] ldltr sw360dp w360dp h719dp 480dpi nrml long hdr port finger -keyb/v/h -nav/h winConfig={ mBounds=Rect(0, 0 - 1080, 2159) mAppBounds=Rect(0, 85 - 1080, 2244) mWindowingMode=fullscreen mActivityType=undefined} nonFullScreen=0 suim:1 s.11}, config:{1.0 ?mcc?mnc [zh_CN_#Hans,en_GB,ar_AE] ldltr sw360dp w360dp h719dp 480dpi nrml long hdr port finger -keyb/v/h -nav/h winConfig={ mBounds=Rect(0, 0 - 1080, 2159) mAppBounds=Rect(0, 85 - 1080, 2244) mWindowingMode=fullscreen mActivityType=undefined} nonFullScreen=0 suim:1 s.11} for app:com.quvideo.xiaoying
04-28 11:58:18.542  8622  8622 V ActivityThread: callActivityOnCreate
04-28 11:58:18.646  8622  8622 D ActivityThread: add activity client record, r= ActivityRecord{5af0b38 token=android.os.BinderProxy@4d1503c {com.quvideo.xiaoying/com.quvideo.xiaoying.MainActivity}} token= android.os.BinderProxy@4d1503c
04-28 11:58:18.723  1162  1242 I chatty  : uid=1000(system) HwGameAssistant expire 1 line
04-28 11:58:18.865 16084 16429 I CommandQueue: updateBarBgColor
04-28 11:58:18.865 16084 16429 D CommandQueue: CommandQueue, setBarBackgroundColor
04-28 11:58:18.962  1162  8538 V BroadcastQueue: Finished with ordered broadcast BroadcastRecord{a45ada6 u0 com.google.android.gms.gcm.ACTION_SCHEDULE}
04-28 11:58:18.968  1162  9181 W HwAlarmManagerService: isContainsAppUidInWorksource-->happend NameNotFoundException
04-28 11:58:18.968  1162  9181 W HwAlarmManagerService: isContainsAppUidInWorksource-->happend NameNotFoundException
04-28 11:58:18.974  1162  9181 V BroadcastQueue: Finished with ordered broadcast BroadcastRecord{3f22b94 u0 com.google.android.gms.gcm.ACTION_SCHEDULE}
04-28 11:58:18.977  1162  9181 V BroadcastQueue: Finished with ordered broadcast BroadcastRecord{fdbd63d u0 com.google.android.gms.gcm.ACTION_SCHEDULE}
04-28 11:58:18.983  1162  8538 W HwAlarmManagerService: isContainsAppUidInWorksource-->happend NameNotFoundException
04-28 11:58:18.983  1162  8538 W HwAlarmManagerService: isContainsAppUidInWorksource-->happend NameNotFoundException
04-28 11:58:19.018  1162  1506 V WindowManager_visibility: updateAllDrawn Add AppWindowToken{1038f72 token=Token{ceee47d ActivityRecord{6cb8ad4 u0 com.quvideo.xiaoying/.MainActivity t2950}}}
04-28 11:58:19.018  1162  1506 V WindowManager_visibility: updateAllDrawn allDrawn=false interesting=1 drawn=1 relaunchCount=0 for AppWindowToken{1038f72 token=Token{ceee47d ActivityRecord{6cb8ad4 u0 com.quvideo.xiaoying/.MainActivity t2950}}}
04-28 11:58:19.019  1162  1506 V WindowManager: Checking 1 opening apps (frozen=false timeout=false), Track:  performsurface
04-28 11:58:19.019  1162  1506 V WindowManager: Check opening app=AppWindowToken{1038f72 token=Token{ceee47d ActivityRecord{6cb8ad4 u0 com.quvideo.xiaoying/.MainActivity t2950}}}: allDrawn=true startingDisplayed=false startingMoved=false isRelaunching()=false startingWindow=null
04-28 11:58:19.019  1162  1506 I WindowManager: closing apps count = 1
04-28 11:58:19.026  1162  8538 V BroadcastQueue: Finished with ordered broadcast BroadcastRecord{a5c440f u0 com.quvideo.xiaoying.cmd_msg}
04-28 11:58:19.026  1162  8538 I ActivityManager: App 10530/com.quvideo.xiaoying targets O+, restricted
04-28 11:58:19.033  1162  1241 D ActivityManager: EVENT_APP_ACTIVITY_DISPLAYED_FINISH reportData: com.quvideo.xiaoying/.MainActivity 8622 492
04-28 11:58:19.056  1162  1162 V SettingsProvider: Notifying for 0: content://settings/system/screen_auto_brightness
04-28 11:58:19.058  1162  1162 V SettingsProvider: Notifying for 0: content://settings/system/screen_brightness
04-28 11:58:19.073  1162  2327 V BroadcastQueue: Finished with ordered broadcast BroadcastRecord{4aacb7e u0 com.quvideo.xiaoying.cmd_msg}
04-28 11:58:19.104  1162  8538 V BroadcastQueue: Finished with ordered broadcast BroadcastRecord{1133671 u0 com.google.android.gms.gcm.ACTION_SCHEDULE}
04-28 11:58:19.111  1162  8538 V BroadcastQueue: Finished with ordered broadcast BroadcastRecord{c2acc56 u0 com.google.android.gms.gcm.ACTION_SCHEDULE}
04-28 11:58:19.126  1162  9181 W HwAlarmManagerService: isContainsAppUidInWorksource-->happend NameNotFoundException
04-28 11:58:19.127  1162  9181 W HwAlarmManagerService: isContainsAppUidInWorksource-->happend NameNotFoundException
04-28 11:58:19.177  1162  3940 V BroadcastQueue: Finished with ordered broadcast BroadcastRecord{16b7773 u0 com.google.android.gms.gcm.ACTION_SCHEDULE}
04-28 11:58:19.182  1162  2327 V BroadcastQueue: Finished with ordered broadcast BroadcastRecord{f191630 u0 com.google.android.gms.gcm.ACTION_SCHEDULE}
04-28 11:58:19.187  1162  3940 W HwAlarmManagerService: isContainsAppUidInWorksource-->happend NameNotFoundException
04-28 11:58:19.187  1162  3940 W HwAlarmManagerService: isContainsAppUidInWorksource-->happend NameNotFoundException
04-28 11:58:19.224  1162  8538 V BroadcastQueue: Finished with ordered broadcast BroadcastRecord{6df102e u0 com.google.android.gms.gcm.ACTION_SCHEDULE}
04-28 11:58:19.233  1162  2327 V BroadcastQueue: Finished with ordered broadcast BroadcastRecord{57c17cf u0 com.google.android.gms.gcm.ACTION_SCHEDULE}
04-28 11:58:19.240  1162  3940 W HwAlarmManagerService: isContainsAppUidInWorksource-->happend NameNotFoundException
04-28 11:58:19.240  1162  3940 W HwAlarmManagerService: isContainsAppUidInWorksource-->happend NameNotFoundException
04-28 11:58:19.273  1162  2327 V BroadcastQueue: Finished with ordered broadcast BroadcastRecord{44c61eb u0 com.google.android.gms.gcm.ACTION_SCHEDULE}
04-28 11:58:19.276  1162  2327 V BroadcastQueue: Finished with ordered broadcast BroadcastRecord{11d7b48 u0 com.google.android.gms.gcm.ACTION_SCHEDULE}
04-28 11:58:19.287  1162  3940 W HwAlarmManagerService: isContainsAppUidInWorksource-->happend NameNotFoundException
04-28 11:58:19.287  1162  3940 W HwAlarmManagerService: isContainsAppUidInWorksource-->happend NameNotFoundException
04-28 11:58:19.290  8622  8622 D ActivityThread: Remove activity client record, r= ActivityRecord{9b2b95c token=android.os.BinderProxy@b6ba20d {com.quvideo.xiaoying/com.quvideo.xiaoying.app.splash.SplashActivity}} token= android.os.BinderProxy@b6ba20d
04-28 11:58:19.292  1162  3940 V WindowManager: removeIfPossible: Window{3530eb8 u0 com.quvideo.xiaoying/com.quvideo.xiaoying.app.splash.SplashActivity}
04-28 11:58:19.293  1162  3940 V WindowManager: postWindowRemoveCleanupLocked: Window{3530eb8 u0 com.quvideo.xiaoying/com.quvideo.xiaoying.app.splash.SplashActivity}
04-28 11:58:19.293  1162  3940 V WindowManager: Removing Window{3530eb8 u0 com.quvideo.xiaoying/com.quvideo.xiaoying.app.splash.SplashActivity} from AppWindowToken{f5f5c1a token=Token{16cdac5 ActivityRecord{799cd3c u0 com.quvideo.xiaoying/.app.splash.SplashActivity t2950}}}
04-28 11:58:19.302  1162  3940 V WindowManager: removeAppToken: AppWindowToken{f5f5c1a token=Token{16cdac5 ActivityRecord{799cd3c u0 com.quvideo.xiaoying/.app.splash.SplashActivity t2950}}} delayed=false Callers=com.android.server.wm.DisplayContent.removeAppToken:1059 com.android.server.wm.AppWindowContainerController.removeContainer:301 com.android.server.am.ActivityRecord.removeWindowContainer:1148 com.android.server.am.ActivityStack.removeActivityFromHistoryLocked:4507 
04-28 11:58:19.305  1162  8538 V BroadcastQueue: Finished with ordered broadcast BroadcastRecord{8acf706 u0 com.google.android.gms.gcm.ACTION_SCHEDULE}
04-28 11:58:19.309  1162  8538 V BroadcastQueue: Finished with ordered broadcast BroadcastRecord{98d31c7 u0 com.google.android.gms.gcm.ACTION_SCHEDULE}
04-28 11:58:19.317  1162  9181 W HwAlarmManagerService: isContainsAppUidInWorksource-->happend NameNotFoundException
04-28 11:58:19.318  1162  9181 W HwAlarmManagerService: isContainsAppUidInWorksource-->happend NameNotFoundException
04-28 11:58:19.342  1162  9181 V BroadcastQueue: Finished with ordered broadcast BroadcastRecord{ca5371d u0 com.google.android.gms.gcm.ACTION_SCHEDULE}
04-28 11:58:19.346  1162  9181 V BroadcastQueue: Finished with ordered broadcast BroadcastRecord{6917d92 u0 com.google.android.gms.gcm.ACTION_SCHEDULE}
04-28 11:58:19.353  1162  9181 W HwAlarmManagerService: isContainsAppUidInWorksource-->happend NameNotFoundException
04-28 11:58:19.353  1162  9181 W HwAlarmManagerService: isContainsAppUidInWorksource-->happend NameNotFoundException
04-28 11:58:19.365  1162  9181 V BroadcastQueue: Finished with ordered broadcast BroadcastRecord{5766b60 u0 com.google.android.gms.gcm.ACTION_SCHEDULE}
04-28 11:58:19.368  1162  9181 V BroadcastQueue: Finished with ordered broadcast BroadcastRecord{4632819 u0 com.google.android.gms.gcm.ACTION_SCHEDULE}
04-28 11:58:19.375  1162  3940 W HwAlarmManagerService: isContainsAppUidInWorksource-->happend NameNotFoundException
04-28 11:58:19.375  1162  3940 W HwAlarmManagerService: isContainsAppUidInWorksource-->happend NameNotFoundException
04-28 11:58:19.388  1162  3940 V BroadcastQueue: Finished with ordered broadcast BroadcastRecord{87892bf u0 com.google.android.gms.gcm.ACTION_SCHEDULE}
04-28 11:58:19.391  1162  3940 V BroadcastQueue: Finished with ordered broadcast BroadcastRecord{6c6dd8c u0 com.google.android.gms.gcm.ACTION_SCHEDULE}
04-28 11:58:19.398  1162  9181 W HwAlarmManagerService: isContainsAppUidInWorksource-->happend NameNotFoundException
04-28 11:58:19.398  1162  9181 W HwAlarmManagerService: isContainsAppUidInWorksource-->happend NameNotFoundException
04-28 11:58:19.419  1162  9181 V BroadcastQueue: Finished with ordered broadcast BroadcastRecord{74b2cea u0 com.google.android.gms.gcm.ACTION_SCHEDULE}
04-28 11:58:19.422  1162  9181 V BroadcastQueue: Finished with ordered broadcast BroadcastRecord{9ad9bdb u0 com.google.android.gms.gcm.ACTION_SCHEDULE}
04-28 11:58:19.431  1162  9181 W HwAlarmManagerService: isContainsAppUidInWorksource-->happend NameNotFoundException
04-28 11:58:19.431  1162  9181 W HwAlarmManagerService: isContainsAppUidInWorksource-->happend NameNotFoundException
04-28 11:58:19.450  1162  9181 V BroadcastQueue: Finished with ordered broadcast BroadcastRecord{268c151 u0 com.google.android.gms.gcm.ACTION_SCHEDULE}
04-28 11:58:19.453  1162  3940 V BroadcastQueue: Finished with ordered broadcast BroadcastRecord{7272db6 u0 com.google.android.gms.gcm.ACTION_SCHEDULE}
04-28 11:58:19.462  1162  9181 W HwAlarmManagerService: isContainsAppUidInWorksource-->happend NameNotFoundException
04-28 11:58:19.462  1162  9181 W HwAlarmManagerService: isContainsAppUidInWorksource-->happend NameNotFoundException
04-28 11:58:19.472  1162  9181 V BroadcastQueue: Finished with ordered broadcast BroadcastRecord{d995224 u0 com.google.android.gms.gcm.ACTION_SCHEDULE}
04-28 11:58:19.475  1162  9181 V BroadcastQueue: Finished with ordered broadcast BroadcastRecord{d27218d u0 com.google.android.gms.gcm.ACTION_SCHEDULE}
04-28 11:58:19.486  1162  8538 W HwAlarmManagerService: isContainsAppUidInWorksource-->happend NameNotFoundException
04-28 11:58:19.486  1162  8538 W HwAlarmManagerService: isContainsAppUidInWorksource-->happend NameNotFoundException
04-28 11:58:19.495  1162  9181 V BroadcastQueue: Finished with ordered broadcast BroadcastRecord{851ab53 u0 com.google.android.gms.gcm.ACTION_SCHEDULE}
04-28 11:58:19.498  1162  9181 V BroadcastQueue: Finished with ordered broadcast BroadcastRecord{22b6c90 u0 com.google.android.gms.gcm.ACTION_SCHEDULE}
04-28 11:58:19.506  1162  2327 W HwAlarmManagerService: isContainsAppUidInWorksource-->happend NameNotFoundException
04-28 11:58:19.506  1162  2327 W HwAlarmManagerService: isContainsAppUidInWorksource-->happend NameNotFoundException
04-28 11:58:19.514  1162  9181 V BroadcastQueue: Finished with ordered broadcast BroadcastRecord{a1a3d8e u0 com.google.android.gms.gcm.ACTION_SCHEDULE}
04-28 11:58:19.516  1162  9181 V BroadcastQueue: Finished with ordered broadcast BroadcastRecord{5c1a9af u0 com.google.android.gms.gcm.ACTION_SCHEDULE}
04-28 11:58:19.526  1162  8538 W HwAlarmManagerService: isContainsAppUidInWorksource-->happend NameNotFoundException
04-28 11:58:19.526  1162  8538 W HwAlarmManagerService: isContainsAppUidInWorksource-->happend NameNotFoundException
04-28 11:58:19.538  1162  8538 V BroadcastQueue: Finished with ordered broadcast BroadcastRecord{f1bf545 u0 com.google.android.gms.gcm.ACTION_SCHEDULE}
04-28 11:58:19.542  1162  9181 V BroadcastQueue: Finished with ordered broadcast BroadcastRecord{c00a49a u0 com.google.android.gms.gcm.ACTION_SCHEDULE}
04-28 11:58:19.552  1162  9181 W HwAlarmManagerService: isContainsAppUidInWorksource-->happend NameNotFoundException
04-28 11:58:19.552  1162  9181 W HwAlarmManagerService: isContainsAppUidInWorksource-->happend NameNotFoundException
04-28 11:58:19.572  1162  9181 V BroadcastQueue: Finished with ordered broadcast BroadcastRecord{983da8 u0 com.google.android.gms.gcm.ACTION_SCHEDULE}
04-28 11:58:19.575  1162  9181 V BroadcastQueue: Finished with ordered broadcast BroadcastRecord{b8ba0c1 u0 com.google.android.gms.gcm.ACTION_SCHEDULE}
04-28 11:58:19.589  1162  2327 W HwAlarmManagerService: isContainsAppUidInWorksource-->happend NameNotFoundException
04-28 11:58:19.589  1162  2327 W HwAlarmManagerService: isContainsAppUidInWorksource-->happend NameNotFoundException
04-28 11:58:19.597  1162  2327 V BroadcastQueue: Finished with ordered broadcast BroadcastRecord{af71fa7 u0 com.google.android.gms.gcm.ACTION_SCHEDULE}
04-28 11:58:19.600  1162  2327 V BroadcastQueue: Finished with ordered broadcast BroadcastRecord{9078c54 u0 com.google.android.gms.gcm.ACTION_SCHEDULE}
04-28 11:58:19.607  1162  2327 W HwAlarmManagerService: isContainsAppUidInWorksource-->happend NameNotFoundException
04-28 11:58:19.607  1162  2327 W HwAlarmManagerService: isContainsAppUidInWorksource-->happend NameNotFoundException
04-28 11:58:19.719  1162  1234 I ActivityManager: App 10530/com.quvideo.xiaoying targets O+, restricted
04-28 11:58:19.728  1162  2327 V BroadcastQueue: Finished with ordered broadcast BroadcastRecord{7872cf2 u0 com.quvideo.xiaoying.cmd_msg}
04-28 11:58:19.729  1162  2327 I ActivityManager: App 10530/com.quvideo.xiaoying targets O+, restricted
04-28 11:58:19.731  1162  8538 V BroadcastQueue: Finished with ordered broadcast BroadcastRecord{96c0f43 u0 com.quvideo.xiaoying.cmd_msg}
04-28 11:58:19.732  1162  8538 I ActivityManager: App 10530/com.quvideo.xiaoying targets O+, restricted
04-28 11:58:19.735  1162  8538 V BroadcastQueue: Finished with ordered broadcast BroadcastRecord{7b19c0 u0 com.quvideo.xiaoying.cmd_msg}
04-28 11:58:19.736  1162  8538 I ActivityManager: App 10530/com.quvideo.xiaoying targets O+, restricted
04-28 11:58:19.737  1162  8538 V BroadcastQueue: Finished with ordered broadcast BroadcastRecord{c2a6f9 u0 com.quvideo.xiaoying.cmd_msg}
04-28 11:58:19.778  1162  1234 I ActivityManager: App 10530/com.quvideo.xiaoying targets O+, restricted
04-28 11:58:19.786  1162  3940 V BroadcastQueue: Finished with ordered broadcast BroadcastRecord{32a60d8 u0 cn.jpush.android.intent.RECEIVE_MESSAGE}
04-28 11:58:19.786  1162  3940 I ActivityManager: App 10530/com.quvideo.xiaoying targets O+, restricted
04-28 11:58:19.788  1162  2327 V BroadcastQueue: Finished with ordered broadcast BroadcastRecord{19d3c31 u0 com.quvideo.xiaoying.cmd_msg}
04-28 11:58:19.789  1162  2327 I ActivityManager: App 10530/com.quvideo.xiaoying targets O+, restricted
04-28 11:58:19.790  1162  3940 V BroadcastQueue: Finished with ordered broadcast BroadcastRecord{72fbf16 u0 com.quvideo.xiaoying.cmd_msg}
04-28 11:58:19.953  1162  2327 I ActivityManager: START u0 {cmp=com.quvideo.xiaoying/.editor.TmpGalleryActivity (has extras)} from uid 10530
04-28 11:58:19.954  1162  2327 I ActivityManager: ActivityRecord info: ActivityInfo{ee0b6a2 com.quvideo.xiaoying.editor.TmpGalleryActivity}
04-28 11:58:19.960  1162  2327 V WindowManager: addAppToken: AppWindowToken{f1e4069 token=Token{26872f0 ActivityRecord{9f4f33 u0 com.quvideo.xiaoying/.editor.TmpGalleryActivity t2950}}} controller={TaskWindowContainerController taskId=2950} at 2147483647
04-28 11:58:19.980  1162  2327 V ActivityManager: Making visible and scheduling visibility: ActivityRecord{9f4f33 u0 com.quvideo.xiaoying/.editor.TmpGalleryActivity t2950}
04-28 11:58:19.981  1162  2327 D HwPhoneWindowManager: sensorRotation = -1 lastRotation:0
04-28 11:58:19.987  1162  2327 V WindowManager: Checking 1 opening apps (frozen=false timeout=false), Track: activitypause performsurface
04-28 11:58:19.987  1162  2327 V WindowManager: Check opening app=AppWindowToken{f1e4069 token=Token{26872f0 ActivityRecord{9f4f33 u0 com.quvideo.xiaoying/.editor.TmpGalleryActivity t2950}}}: allDrawn=false startingDisplayed=false startingMoved=false isRelaunching()=false startingWindow=null
04-28 11:58:19.988  1162  1227 W HwActivityManagerServiceEx: HwActivityNotifier end call android.app.IHwActivityNotifier$Stub$Proxy@6101998 for activityLifeState under user 0 cost 0
04-28 11:58:19.989  8622  8622 V ActivityThread: Skipping new config:{1.0 ?mcc?mnc [zh_CN_#Hans,en_GB,ar_AE] ldltr sw360dp w360dp h719dp 480dpi nrml long hdr port finger -keyb/v/h -nav/h winConfig={ mBounds=Rect(0, 0 - 1080, 2159) mAppBounds=Rect(0, 85 - 1080, 2244) mWindowingMode=fullscreen mActivityType=undefined} nonFullScreen=0 suim:1 s.11}, config:{1.0 ?mcc?mnc [zh_CN_#Hans,en_GB,ar_AE] ldltr sw360dp w360dp h719dp 480dpi nrml long hdr port finger -keyb/v/h -nav/h winConfig={ mBounds=Rect(0, 0 - 1080, 2159) mAppBounds=Rect(0, 85 - 1080, 2244) mWindowingMode=fullscreen mActivityType=undefined} nonFullScreen=0 suim:1 s.11} for app:com.quvideo.xiaoying
04-28 11:58:19.992  1162  8538 V BroadcastQueue: Finished with ordered broadcast BroadcastRecord{1b79aee u0 com.google.android.gms.gcm.ACTION_SCHEDULE}
04-28 11:58:19.994  8622  8622 V ActivityThread: callActivityOnCreate
