04-28 11:51:48.313 31726 31726 V ActivityThread: Skipping new config:{1.0 ?mcc?mnc [zh_CN_#Hans,en_GB,ar_AE] ldltr sw360dp w360dp h719dp 480dpi nrml long hdr port finger -keyb/v/h -nav/h winConfig={ mBounds=Rect(0, 0 - 1080, 2159) mAppBounds=Rect(0, 85 - 1080, 2244) mWindowingMode=fullscreen mActivityType=undefined} nonFullScreen=0 suim:1 s.11}, config:{1.0 ?mcc?mnc [zh_CN_#Hans,en_GB,ar_AE] ldltr sw360dp w360dp h719dp 480dpi nrml long hdr port finger -keyb/v/h -nav/h winConfig={ mBounds=Rect(0, 0 - 1080, 2159) mAppBounds=Rect(0, 85 - 1080, 2244) mWindowingMode=fullscreen mActivityType=undefined} nonFullScreen=0 suim:1 s.11} for app:com.quvideo.xiaoying
04-28 11:51:48.316 31726 31726 V ActivityThread: callActivityOnCreate
04-28 11:51:48.332  1162  1602 I chatty  : uid=1000(system) HwDualSensorEve expire 17 lines
04-28 11:51:48.334 31726 31726 D ActivityThread: add activity client record, r= ActivityRecord{860c424 token=android.os.BinderProxy@ed21173 {com.quvideo.xiaoying/com.quvideo.xiaoying.editor.TmpGalleryActivity}} token= android.os.BinderProxy@ed21173
04-28 11:51:48.349  1162  1177 I chatty  : uid=1000(system) Binder:1162_2 expire 6 lines
04-28 11:51:48.380  1162  1734 I chatty  : uid=1000(system) Binder:1162_5 expire 1 line
04-28 11:51:48.427  1162  2347 I chatty  : uid=1000(system) Binder:1162_D expire 6 lines
04-28 11:51:48.543 31726 31726 D ActivityThread: Remove activity client record, r= ActivityRecord{f4c8bc9 token=android.os.BinderProxy@39746ed {com.quvideo.xiaoying/com.quvideo.xiaoying.templatex.ui.TemplatePackageDetailActivity}} token= android.os.BinderProxy@39746ed
04-28 11:51:49.786   580   646 W SocketListener: sending broadcast to Pid = 1162, Uid = 1000 
04-28 11:51:49.788  1162  1563 I chatty  : uid=1000(system) NetdConnector expire 4 lines
04-28 11:51:49.790  1162  1239 I chatty  : uid=1000(system) android.fg expire 2 lines
04-28 11:51:49.794  1162  1566 I chatty  : uid=1000(system) NetworkStats expire 10 lines
04-28 11:51:53.262  1162  1506 I chatty  : uid=1000(system) android.anim expire 14 lines
04-28 11:51:53.355  1162  3940 I chatty  : uid=1000(system) Binder:1162_10 expire 31 lines
04-28 11:51:53.455  1162  1602 I chatty  : uid=1000(system) HwDualSensorEve expire 16 lines
04-28 11:51:53.507  1162  1177 I chatty  : uid=1000(system) Binder:1162_2 expire 6 lines
04-28 11:51:53.592  1162  2347 I chatty  : uid=1000(system) Binder:1162_D expire 56 lines
04-28 11:51:53.599  1162  1227 I chatty  : uid=1000(system) HwActivityManag expire 2 lines
04-28 11:51:53.602 31726 31726 V ActivityThread: Skipping new config:{1.0 ?mcc?mnc [zh_CN_#Hans,en_GB,ar_AE] ldltr sw360dp w360dp h719dp 480dpi nrml long hdr port finger -keyb/v/h -nav/h winConfig={ mBounds=Rect(0, 0 - 1080, 2159) mAppBounds=Rect(0, 85 - 1080, 2244) mWindowingMode=fullscreen mActivityType=undefined} nonFullScreen=0 suim:1 s.11}, config:{1.0 ?mcc?mnc [zh_CN_#Hans,en_GB,ar_AE] ldltr sw360dp w360dp h719dp 480dpi nrml long hdr port finger -keyb/v/h -nav/h winConfig={ mBounds=Rect(0, 0 - 1080, 2159) mAppBounds=Rect(0, 85 - 1080, 2244) mWindowingMode=fullscreen mActivityType=undefined} nonFullScreen=0 suim:1 s.11} for app:com.quvideo.xiaoying
04-28 11:51:53.603 31726 31726 V ActivityThread: callActivityOnCreate
04-28 11:51:53.635 31726 31726 D ActivityThread: add activity client record, r= ActivityRecord{9c54960 token=android.os.BinderProxy@c4dcdd0 {com.quvideo.xiaoying/com.quvideo.xiaoying.editorx.EditorActivity}} token= android.os.BinderProxy@c4dcdd0
04-28 11:51:53.769  1162  1734 I chatty  : uid=1000(system) Binder:1162_5 expire 4 lines
04-28 11:51:53.770  1162  1242 I chatty  : uid=1000(system) HwGameAssistant expire 1 line
04-28 11:51:53.772  1162  3944 I chatty  : uid=1000(system) Binder:1162_11 expire 38 lines
04-28 11:51:53.868  1162  1241 I chatty  : uid=1000(system) android.display expire 1 line
04-28 11:51:53.884  1162  8733 I chatty  : uid=1000(system) Binder:1162_18 expire 38 lines
04-28 11:51:54.133 31726 31726 D ActivityThread: Remove activity client record, r= ActivityRecord{860c424 token=android.os.BinderProxy@ed21173 {com.quvideo.xiaoying/com.quvideo.xiaoying.editor.TmpGalleryActivity}} token= android.os.BinderProxy@ed21173
04-28 11:51:55.929   580   646 W SocketListener: sending broadcast to Pid = 1162, Uid = 1000 
04-28 11:51:55.930  1162  1563 I chatty  : uid=1000(system) NetdConnector expire 6 lines
04-28 11:51:55.931  1162  1239 I chatty  : uid=1000(system) android.fg expire 6 lines
04-28 11:51:56.956   580   650 W SocketListener: sending broadcast to Pid = 1162, Uid = 1000 
04-28 11:51:57.127  1162  1232 I chatty  : uid=1000(system) ActivityManager expire 1 line
04-28 11:51:57.128  1162  1779 I chatty  : uid=1000(system) MultiTaskManage expire 1 line
04-28 11:51:57.160 32382 32382 D ActivityThread: Attach thread to application
04-28 11:51:58.230  1162  1177 I chatty  : uid=1000(system) Binder:1162_2 expire 23 lines
04-28 11:51:58.280  1162  1602 I chatty  : uid=1000(system) HwDualSensorEve expire 8 lines
04-28 11:51:58.431  1162  3944 I chatty  : uid=1000(system) Binder:1162_11 expire 24 lines
04-28 11:51:58.485  1162  8733 I chatty  : uid=1000(system) Binder:1162_18 expire 22 lines
04-28 11:51:58.812  1162  2347 I chatty  : uid=1000(system) Binder:1162_D expire 12 lines
04-28 11:51:59.367  1162  1162 I chatty  : uid=1000 system_server expire 18 lines
04-28 11:51:59.424  1162  1506 I chatty  : uid=1000(system) android.anim expire 19 lines
04-28 11:52:02.267  1162 18979 I chatty  : uid=1000 system_server expire 5 lines
04-28 11:52:02.274  1814  7167 I BoosterSwitchP: notifyUidState do nothing
04-28 11:52:02.274  1814  7167 I HidataAppQoeP: notifyUidState
04-28 11:52:02.274  1814  7167 I BrowserChrP: notifyUidState
04-28 11:52:02.284  1814  1814 I HwCoreAppHelperService: LocalReceiver receives:android.intent.action.PACKAGE_RESTARTED,pkg:com.huawei.securitymgr,uid:1000
04-28 11:52:02.368  1162  9307 I chatty  : uid=1000(system) Binder:1162_1B expire 11 lines
04-28 11:52:02.776  1162  1590 I chatty  : uid=1000(system) Thread-53 expire 1 line
04-28 11:52:06.822  1162  1734 I chatty  : uid=1000(system) Binder:1162_5 expire 6 lines
04-28 11:52:07.569  1162  1514 I chatty  : uid=1000(system) UEventObserver expire 5 lines
04-28 11:52:07.574  1162  1255 I chatty  : uid=1000(system) HwBinder:1162_1 expire 1 line
04-28 11:52:07.980  1162  1227 I chatty  : uid=1000(system) HwActivityManag expire 12 lines
04-28 11:52:07.991  1162  1242 I chatty  : uid=1000(system) HwGameAssistant expire 4 lines
04-28 11:52:08.068  1162  1244 I chatty  : uid=1000(system) PowerManagerSer expire 7 lines
04-28 11:52:08.068  1162  3940 I chatty  : uid=1000(system) Binder:1162_10 expire 17 lines
04-28 11:52:08.070  1814  7167 I BoosterSwitchP: notifyUidState do nothing
04-28 11:52:08.071  1814  7167 I HidataAppQoeP: notifyUidState
04-28 11:52:08.071  1814  7167 I BrowserChrP: notifyUidState
04-28 11:52:08.072  1162  3946 I chatty  : uid=1000(system) Binder:1162_12 expire 10 lines
04-28 11:52:08.077 22470 22814 I HwNetworkPolicyManager: getHwUidPolicy uid = 10104 policy = 0
04-28 11:52:08.084  1814 27666 W ContextImpl: Calling a method in the system process without a qualified user: android.app.ContextImpl.startService:1796 android.content.ContextWrapper.startService:664 com.huawei.appgallery.assistant.service.AppGalleryAssistantService.startHMSService:299 com.huawei.appgallery.assistant.service.AppGalleryAssistantService.notifyHMSBackgroundEvent:285 com.huawei.appgallery.assistant.service.AppGalleryAssistantService.backgroundEvent:227 
04-28 11:52:08.158 16084 19431 I CommandQueue: updateBarBgColor
04-28 11:52:08.158 16084 19431 D CommandQueue: CommandQueue, setBarBackgroundColor
04-28 11:52:08.605 31726 31726 D ActivityThread: Remove activity client record, r= ActivityRecord{1596054 token=android.os.BinderProxy@8b09412 {com.quvideo.xiaoying/com.quvideo.xiaoying.templatex.ui.TemplateCenterActivity}} token= android.os.BinderProxy@8b09412
04-28 11:52:08.630 31726 31726 D ActivityThread: Remove activity client record, r= ActivityRecord{e46c512 token=android.os.BinderProxy@52881 {com.quvideo.xiaoying/com.quvideo.xiaoying.templatex.ui.TemplatePackageActivity}} token= android.os.BinderProxy@52881
04-28 11:52:08.663  1814 27666 I BoosterSwitchP: notifyUidState do nothing
04-28 11:52:08.664  1814 27666 I HidataAppQoeP: notifyUidState
04-28 11:52:08.664  1814 27666 I BrowserChrP: notifyUidState
04-28 11:52:08.665  1814 27666 W ContextImpl: Calling a method in the system process without a qualified user: android.app.ContextImpl.startService:1796 android.content.ContextWrapper.startService:664 com.huawei.appgallery.assistant.service.AppGalleryAssistantService.startHMSService:299 com.huawei.appgallery.assistant.service.AppGalleryAssistantService.notifyHMSBackgroundEvent:285 com.huawei.appgallery.assistant.service.AppGalleryAssistantService.backgroundEvent:227 
04-28 11:52:08.679 31726 31726 D ActivityThread: Remove activity client record, r= ActivityRecord{9c54960 token=android.os.BinderProxy@c4dcdd0 {com.quvideo.xiaoying/com.quvideo.xiaoying.editorx.EditorActivity}} token= android.os.BinderProxy@c4dcdd0
04-28 11:52:08.687  1162  1177 I chatty  : uid=1000(system) Binder:1162_2 expire 3 lines
04-28 11:52:08.715  1162  3944 I chatty  : uid=1000(system) Binder:1162_11 expire 1 line
04-28 11:52:09.116  1162  1745 I chatty  : uid=1000(system) watchdog expire 1 line
04-28 11:52:13.238  1162 32558 I chatty  : uid=1000 system_server expire 1 line
04-28 11:52:13.246 31726 31726 V ActivityThread: Skipping new config:{1.0 ?mcc?mnc [zh_CN_#Hans,en_GB,ar_AE] ldltr sw360dp w360dp h719dp 480dpi nrml long hdr port finger -keyb/v/h -nav/h winConfig={ mBounds=Rect(0, 0 - 1080, 2159) mAppBounds=Rect(0, 85 - 1080, 2244) mWindowingMode=fullscreen mActivityType=undefined} nonFullScreen=0 suim:1 s.11}, config:{1.0 ?mcc?mnc [zh_CN_#Hans,en_GB,ar_AE] ldltr sw360dp w360dp h719dp 480dpi nrml long hdr port finger -keyb/v/h -nav/h winConfig={ mBounds=Rect(0, 0 - 1080, 2159) mAppBounds=Rect(0, 85 - 1080, 2244) mWindowingMode=fullscreen mActivityType=undefined} nonFullScreen=0 suim:1 s.11} for app:com.quvideo.xiaoying
04-28 11:52:13.251  1162  9307 I chatty  : uid=1000(system) Binder:1162_1B expire 5 lines
04-28 11:52:13.256  1814  4859 I BoosterSwitchP: notifyUidState do nothing
04-28 11:52:13.256  1814  4859 I HidataAppQoeP: notifyUidState
04-28 11:52:13.256  1814  4859 I BrowserChrP: notifyUidState
04-28 11:52:13.258 31726 31726 V ActivityThread: callActivityOnCreate
04-28 11:52:13.263  1162  1506 I chatty  : uid=1000(system) android.anim expire 3 lines
04-28 11:52:13.264  1162  8733 I chatty  : uid=1000(system) Binder:1162_18 expire 1 line
04-28 11:52:13.265  1162  5600 I chatty  : uid=1000(system) Binder:1162_15 expire 1 line
04-28 11:52:13.265 22470 22814 I HwNetworkPolicyManager: getHwUidPolicy uid = 10530 policy = 0
04-28 11:52:13.279  1162 11484 I chatty  : uid=1000(system) Binder:1162_1F expire 20 lines
04-28 11:52:13.294 31726 31726 D ActivityThread: add activity client record, r= ActivityRecord{986699b token=android.os.BinderProxy@f30e7ec {com.quvideo.xiaoying/com.quvideo.xiaoying.templatex.ui.TemplateCenterActivity}} token= android.os.BinderProxy@f30e7ec
04-28 11:52:13.330 16084 16717 I CommandQueue: updateBarBgColor
04-28 11:52:13.330 16084 16717 D CommandQueue: CommandQueue, setBarBackgroundColor
04-28 11:52:13.383  1162  9307 I chatty  : uid=1000(system) Binder:1162_1B expire 28 lines
04-28 11:52:13.446  1162  1506 I chatty  : uid=1000(system) android.anim expire 25 lines
04-28 11:52:13.466  1162  1241 I chatty  : uid=1000(system) android.display expire 4 lines
04-28 11:52:13.523 31726 32570 E ActivityThread: Failed to find provider info for com.facebook.katana.provider.AttributionIdProvider
04-28 11:52:13.618  1162  3940 I chatty  : uid=1000(system) Binder:1162_10 expire 32 lines
04-28 11:52:13.622  1814  1827 I BoosterSwitchP: notifyUidState do nothing
04-28 11:52:13.622  1814  1827 I HidataAppQoeP: notifyUidState
04-28 11:52:13.622  1814  1827 I BrowserChrP: notifyUidState
04-28 11:52:15.413  1162  1227 I chatty  : uid=1000(system) HwActivityManag expire 8 lines
04-28 11:52:15.414 31726 31726 V ActivityThread: Skipping new config:{1.0 ?mcc?mnc [zh_CN_#Hans,en_GB,ar_AE] ldltr sw360dp w360dp h719dp 480dpi nrml long hdr port finger -keyb/v/h -nav/h winConfig={ mBounds=Rect(0, 0 - 1080, 2159) mAppBounds=Rect(0, 85 - 1080, 2244) mWindowingMode=fullscreen mActivityType=undefined} nonFullScreen=0 suim:1 s.11}, config:{1.0 ?mcc?mnc [zh_CN_#Hans,en_GB,ar_AE] ldltr sw360dp w360dp h719dp 480dpi nrml long hdr port finger -keyb/v/h -nav/h winConfig={ mBounds=Rect(0, 0 - 1080, 2159) mAppBounds=Rect(0, 85 - 1080, 2244) mWindowingMode=fullscreen mActivityType=undefined} nonFullScreen=0 suim:1 s.11} for app:com.quvideo.xiaoying
04-28 11:52:15.416 31726 31726 V ActivityThread: callActivityOnCreate
04-28 11:52:15.431 31726 31726 D ActivityThread: add activity client record, r= ActivityRecord{b69bcd8 token=android.os.BinderProxy@64698d5 {com.quvideo.xiaoying/com.quvideo.xiaoying.templatex.ui.TemplatePackageActivity}} token= android.os.BinderProxy@64698d5
04-28 11:52:15.443  1162  1734 I chatty  : uid=1000(system) Binder:1162_5 expire 12 lines
04-28 11:52:15.444  1162  1242 I chatty  : uid=1000(system) HwGameAssistant expire 4 lines
04-28 11:52:15.449  1162  5600 I chatty  : uid=1000(system) Binder:1162_15 expire 13 lines
04-28 11:52:15.749  1162  1162 I chatty  : uid=1000 system_server expire 4 lines
04-28 11:52:15.749  1162  1244 I chatty  : uid=1000(system) PowerManagerSer expire 1 line
04-28 11:52:16.769 31726 31726 V ActivityThread: Skipping new config:{1.0 ?mcc?mnc [zh_CN_#Hans,en_GB,ar_AE] ldltr sw360dp w360dp h719dp 480dpi nrml long hdr port finger -keyb/v/h -nav/h winConfig={ mBounds=Rect(0, 0 - 1080, 2159) mAppBounds=Rect(0, 85 - 1080, 2244) mWindowingMode=fullscreen mActivityType=undefined} nonFullScreen=0 suim:1 s.11}, config:{1.0 ?mcc?mnc [zh_CN_#Hans,en_GB,ar_AE] ldltr sw360dp w360dp h719dp 480dpi nrml long hdr port finger -keyb/v/h -nav/h winConfig={ mBounds=Rect(0, 0 - 1080, 2159) mAppBounds=Rect(0, 85 - 1080, 2244) mWindowingMode=fullscreen mActivityType=undefined} nonFullScreen=0 suim:1 s.11} for app:com.quvideo.xiaoying
04-28 11:52:16.775 31726 31726 V ActivityThread: callActivityOnCreate
04-28 11:52:16.787 31726 31726 D ActivityThread: add activity client record, r= ActivityRecord{535cc14 token=android.os.BinderProxy@457cefa {com.quvideo.xiaoying/com.quvideo.xiaoying.templatex.ui.TemplatePackageDetailActivity}} token= android.os.BinderProxy@457cefa
04-28 11:52:17.102  1162  8733 I chatty  : uid=1000(system) Binder:1162_18 expire 21 lines
04-28 11:52:17.127   580   646 W SocketListener: sending broadcast to Pid = 1162, Uid = 1000 
04-28 11:52:17.128  1162  1563 I chatty  : uid=1000(system) NetdConnector expire 4 lines
04-28 11:52:17.128  1162  1239 I chatty  : uid=1000(system) android.fg expire 2 lines
04-28 11:52:17.130  1162  1566 I chatty  : uid=1000(system) NetworkStats expire 5 lines
04-28 11:52:20.865 31726 31726 V ActivityThread: Skipping new config:{1.0 ?mcc?mnc [zh_CN_#Hans,en_GB,ar_AE] ldltr sw360dp w360dp h719dp 480dpi nrml long hdr port finger -keyb/v/h -nav/h winConfig={ mBounds=Rect(0, 0 - 1080, 2159) mAppBounds=Rect(0, 85 - 1080, 2244) mWindowingMode=fullscreen mActivityType=undefined} nonFullScreen=0 suim:1 s.11}, config:{1.0 ?mcc?mnc [zh_CN_#Hans,en_GB,ar_AE] ldltr sw360dp w360dp h719dp 480dpi nrml long hdr port finger -keyb/v/h -nav/h winConfig={ mBounds=Rect(0, 0 - 1080, 2159) mAppBounds=Rect(0, 85 - 1080, 2244) mWindowingMode=fullscreen mActivityType=undefined} nonFullScreen=0 suim:1 s.11} for app:com.quvideo.xiaoying
04-28 11:52:20.870 31726 31726 V ActivityThread: callActivityOnCreate
04-28 11:52:20.881 31726 31726 D ActivityThread: add activity client record, r= ActivityRecord{f298b11 token=android.os.BinderProxy@9e18e6d {com.quvideo.xiaoying/com.quvideo.xiaoying.editor.TmpGalleryActivity}} token= android.os.BinderProxy@9e18e6d
04-28 11:52:21.099 31726 31726 D ActivityThread: Remove activity client record, r= ActivityRecord{535cc14 token=android.os.BinderProxy@457cefa {com.quvideo.xiaoying/com.quvideo.xiaoying.templatex.ui.TemplatePackageDetailActivity}} token= android.os.BinderProxy@457cefa
04-28 11:52:24.236 31726 31726 V ActivityThread: Skipping new config:{1.0 ?mcc?mnc [zh_CN_#Hans,en_GB,ar_AE] ldltr sw360dp w360dp h719dp 480dpi nrml long hdr port finger -keyb/v/h -nav/h winConfig={ mBounds=Rect(0, 0 - 1080, 2159) mAppBounds=Rect(0, 85 - 1080, 2244) mWindowingMode=fullscreen mActivityType=undefined} nonFullScreen=0 suim:1 s.11}, config:{1.0 ?mcc?mnc [zh_CN_#Hans,en_GB,ar_AE] ldltr sw360dp w360dp h719dp 480dpi nrml long hdr port finger -keyb/v/h -nav/h winConfig={ mBounds=Rect(0, 0 - 1080, 2159) mAppBounds=Rect(0, 85 - 1080, 2244) mWindowingMode=fullscreen mActivityType=undefined} nonFullScreen=0 suim:1 s.11} for app:com.quvideo.xiaoying
04-28 11:52:24.239 31726 31726 V ActivityThread: callActivityOnCreate
04-28 11:52:24.242  1162 11484 I chatty  : uid=1000(system) Binder:1162_1F expire 1 line
04-28 11:52:24.251  1162  3940 I chatty  : uid=1000(system) Binder:1162_10 expire 10 lines
04-28 11:52:24.264 31726 31726 D ActivityThread: add activity client record, r= ActivityRecord{52fd2bf token=android.os.BinderProxy@28bafd0 {com.quvideo.xiaoying/com.quvideo.xiaoying.editorx.EditorActivity}} token= android.os.BinderProxy@28bafd0
04-28 11:52:24.282  1162  8538 I chatty  : uid=1000(system) Binder:1162_17 expire 7 lines
04-28 11:52:24.299  1162  9307 I chatty  : uid=1000(system) Binder:1162_1B expire 12 lines
04-28 11:52:24.334  1162  1506 I chatty  : uid=1000(system) android.anim expire 9 lines
04-28 11:52:24.364  1162  2334 I chatty  : uid=1000(system) Binder:1162_C expire 31 lines
04-28 11:52:24.427  1162  1506 I chatty  : uid=1000(system) android.anim expire 5 lines
04-28 11:52:24.443  1162  8538 I chatty  : uid=1000(system) Binder:1162_17 expire 36 lines
04-28 11:52:24.457  1162  1241 I chatty  : uid=1000(system) android.display expire 1 line
04-28 11:52:24.489  1162  3940 I chatty  : uid=1000(system) Binder:1162_10 expire 33 lines
04-28 11:52:24.884 31726 31726 D ActivityThread: Remove activity client record, r= ActivityRecord{f298b11 token=android.os.BinderProxy@9e18e6d {com.quvideo.xiaoying/com.quvideo.xiaoying.editor.TmpGalleryActivity}} token= android.os.BinderProxy@9e18e6d
04-28 11:52:25.260  1162  9307 I chatty  : uid=1000(system) Binder:1162_1B expire 34 lines
04-28 11:52:25.708   580   646 W SocketListener: sending broadcast to Pid = 1162, Uid = 1000 
04-28 11:52:25.709  1162  1563 I chatty  : uid=1000(system) NetdConnector expire 8 lines
04-28 11:52:25.710  1162  1239 I chatty  : uid=1000(system) android.fg expire 6 lines
04-28 11:52:25.715  1162  1566 I chatty  : uid=1000(system) NetworkStats expire 5 lines
04-28 11:52:26.674  1162  1162 I chatty  : uid=1000 system_server expire 10 lines
04-28 11:52:27.171   580   650 W SocketListener: sending broadcast to Pid = 1162, Uid = 1000 
04-28 11:52:28.703  1162  8733 I chatty  : uid=1000(system) Binder:1162_18 expire 15 lines
04-28 11:52:29.168  1162 11484 I chatty  : uid=1000(system) Binder:1162_1F expire 9 lines
04-28 11:52:29.212  1162  1232 I chatty  : uid=1000(system) ActivityManager expire 6 lines
04-28 11:52:29.213  1162  1779 I chatty  : uid=1000(system) MultiTaskManage expire 1 line
04-28 11:52:29.271   596   596 D ActivityThread: Attach thread to application
04-28 11:52:29.383  1162  1963 I chatty  : uid=1000(system) Binder:1162_8 expire 6 lines
04-28 11:52:30.909  1162 18979 I chatty  : uid=1000 system_server expire 5 lines
04-28 11:52:30.934  1814  7167 I BoosterSwitchP: notifyUidState do nothing
04-28 11:52:30.934  1814  7167 I HidataAppQoeP: notifyUidState
04-28 11:52:30.934  1814  7167 I BrowserChrP: notifyUidState
04-28 11:52:30.954  1814  1814 I HwCoreAppHelperService: LocalReceiver receives:android.intent.action.PACKAGE_RESTARTED,pkg:com.huawei.securitymgr,uid:1000
04-28 11:52:31.328  1162 12013 I chatty  : uid=1000(system) Binder:1162_20 expire 6 lines
04-28 11:52:31.347  1162  5600 I chatty  : uid=1000(system) Binder:1162_15 expire 2 lines
04-28 11:52:31.426  1162  1590 I chatty  : uid=1000(system) Thread-53 expire 1 line
04-28 11:52:31.859  1814  1908 I HidataAppQoeP: handleStateChanged reason=8
04-28 11:52:31.865  1814  1908 I BrowserChrP: handleStateChanged
04-28 11:52:33.082  1162  2347 I chatty  : uid=1000(system) Binder:1162_D expire 8 lines
04-28 11:52:37.865  1814  1908 I HidataAppQoeP: handleStateChanged reason=8
04-28 11:52:37.870  1814  1908 I BrowserChrP: handleStateChanged
04-28 11:52:38.297  1162  1514 I chatty  : uid=1000(system) UEventObserver expire 5 lines
04-28 11:52:38.448  1162  2347 I chatty  : uid=1000(system) Binder:1162_D expire 22 lines
04-28 11:52:38.456  1162  5600 I chatty  : uid=1000(system) Binder:1162_15 expire 14 lines
04-28 11:52:39.118  1162  1745 I chatty  : uid=1000(system) watchdog expire 1 line
04-28 11:52:39.306  1162 12013 I chatty  : uid=1000(system) Binder:1162_20 expire 11 lines
04-28 11:52:39.316   580   646 W SocketListener: sending broadcast to Pid = 1162, Uid = 1000 
04-28 11:52:39.318  1162  1563 I chatty  : uid=1000(system) NetdConnector expire 6 lines
04-28 11:52:39.320  1162  1239 I chatty  : uid=1000(system) android.fg expire 4 lines
04-28 11:52:39.323  1162  1566 I chatty  : uid=1000(system) NetworkStats expire 5 lines
04-28 11:52:39.482  1162  1227 I chatty  : uid=1000(system) HwActivityManag expire 12 lines
04-28 11:52:39.497  1162  1242 I chatty  : uid=1000(system) HwGameAssistant expire 4 lines
04-28 11:52:39.512  1162  8733 I chatty  : uid=1000(system) Binder:1162_18 expire 16 lines
04-28 11:52:39.519  1162  1506 I chatty  : uid=1000(system) android.anim expire 29 lines
04-28 11:52:39.522  1162  1963 I chatty  : uid=1000(system) Binder:1162_8 expire 3 lines
04-28 11:52:39.543  1814  1827 W ContextImpl: Calling a method in the system process without a qualified user: android.app.ContextImpl.startService:1796 android.content.ContextWrapper.startService:664 com.huawei.appgallery.assistant.service.AppGalleryAssistantService.startHMSService:299 com.huawei.appgallery.assistant.service.AppGalleryAssistantService.notifyHMSBackgroundEvent:285 com.huawei.appgallery.assistant.service.AppGalleryAssistantService.backgroundEvent:227 
04-28 11:52:39.543  1814  7167 I BoosterSwitchP: notifyUidState do nothing
04-28 11:52:39.543  1814  7167 I HidataAppQoeP: notifyUidState
04-28 11:52:39.543  1814  7167 I BrowserChrP: notifyUidState
04-28 11:52:39.552  1162  8538 I chatty  : uid=1000(system) Binder:1162_17 expire 9 lines
04-28 11:52:39.555 22470 22814 I HwNetworkPolicyManager: getHwUidPolicy uid = 10104 policy = 0
04-28 11:52:39.564  1162 11484 I chatty  : uid=1000(system) Binder:1162_1F expire 9 lines
04-28 11:52:39.565  1162  1244 I chatty  : uid=1000(system) PowerManagerSer expire 6 lines
04-28 11:52:39.646 16084 16717 I CommandQueue: updateBarBgColor
04-28 11:52:39.646 16084 16717 D CommandQueue: CommandQueue, setBarBackgroundColor
04-28 11:52:40.050 31726 31726 D ActivityThread: Remove activity client record, r= ActivityRecord{986699b token=android.os.BinderProxy@f30e7ec {com.quvideo.xiaoying/com.quvideo.xiaoying.templatex.ui.TemplateCenterActivity}} token= android.os.BinderProxy@f30e7ec
04-28 11:52:40.060  1162  1162 I chatty  : uid=1000 system_server expire 11 lines
04-28 11:52:40.078 31726 31726 D ActivityThread: Remove activity client record, r= ActivityRecord{b69bcd8 token=android.os.BinderProxy@64698d5 {com.quvideo.xiaoying/com.quvideo.xiaoying.templatex.ui.TemplatePackageActivity}} token= android.os.BinderProxy@64698d5
04-28 11:52:40.097  1814  7167 I BoosterSwitchP: notifyUidState do nothing
04-28 11:52:40.097  1814  7167 I HidataAppQoeP: notifyUidState
04-28 11:52:40.097  1814  7167 I BrowserChrP: notifyUidState
04-28 11:52:40.100  1814  1827 W ContextImpl: Calling a method in the system process without a qualified user: android.app.ContextImpl.startService:1796 android.content.ContextWrapper.startService:664 com.huawei.appgallery.assistant.service.AppGalleryAssistantService.startHMSService:299 com.huawei.appgallery.assistant.service.AppGalleryAssistantService.notifyHMSBackgroundEvent:285 com.huawei.appgallery.assistant.service.AppGalleryAssistantService.backgroundEvent:227 
04-28 11:52:40.152 31726 31726 D ActivityThread: Remove activity client record, r= ActivityRecord{52fd2bf token=android.os.BinderProxy@28bafd0 {com.quvideo.xiaoying/com.quvideo.xiaoying.editorx.EditorActivity}} token= android.os.BinderProxy@28bafd0
04-28 11:52:43.877  1814  1908 I HidataAppQoeP: handleStateChanged reason=8
04-28 11:52:43.882  1814  1908 I BrowserChrP: handleStateChanged
04-28 11:52:44.719  1814  1826 I BoosterSwitchP: notifyUidState do nothing
04-28 11:52:44.720  1814  1826 I HidataAppQoeP: notifyUidState
04-28 11:52:44.720  1814  1826 I BrowserChrP: notifyUidState
04-28 11:52:44.720  1814  1826 I BoosterSwitchP: notifyUidState do nothing
04-28 11:52:44.720  1814  1826 I HidataAppQoeP: notifyUidState
04-28 11:52:44.720  1814  1826 I BrowserChrP: notifyUidState
04-28 11:52:44.721  1162  1226 I chatty  : uid=1000(system) android.bg expire 2 lines
04-28 11:52:44.729  1814  1814 I HwCoreAppHelperService: LocalReceiver receives:android.intent.action.PACKAGE_RESTARTED,pkg:com.quvideo.xiaoying,uid:10530
04-28 11:52:44.839  1162  1149 I chatty  : uid=1000 system_server expire 1 line
04-28 11:52:44.866  1150  1150 D ActivityThread: Attach thread to application
04-28 11:52:44.870  1162  1779 I chatty  : uid=1000(system) MultiTaskManage expire 2 lines
04-28 11:52:44.885  1162  1241 I chatty  : uid=1000(system) android.display expire 2 lines
04-28 11:52:44.892  1814  7167 I BoosterSwitchP: notifyUidState do nothing
04-28 11:52:44.892  1162  8103 I chatty  : uid=1000(system) Binder:1162_16 expire 15 lines
04-28 11:52:44.892  1814  7167 I HidataAppQoeP: notifyUidState
04-28 11:52:44.892  1814  7167 I BrowserChrP: notifyUidState
04-28 11:52:44.893  1162  3293 I chatty  : uid=1000(system) Binder:1162_E expire 4 lines
04-28 11:52:44.894 22470 22814 I HwNetworkPolicyManager: getHwUidPolicy uid = 10530 policy = 0
04-28 11:52:45.004  1150  1283 E ActivityThread: Failed to find provider info for com.facebook.katana.provider.PlatformProvider
04-28 11:52:45.031  1150  1150 E ActivityThread: Failed to find provider info for com.quvideo.xiaoying.vivasetting
04-28 11:52:45.179  1150  1150 V ActivityThread: Skipping new config:{1.0 ?mcc?mnc [zh_CN_#Hans,en_GB,ar_AE] ldltr sw360dp w360dp h719dp 480dpi nrml long hdr port finger -keyb/v/h -nav/h winConfig={ mBounds=Rect(0, 0 - 1080, 2159) mAppBounds=Rect(0, 85 - 1080, 2244) mWindowingMode=fullscreen mActivityType=undefined} nonFullScreen=0 suim:1 s.11}, config:{1.0 ?mcc?mnc [zh_CN_#Hans,en_GB,ar_AE] ldltr sw360dp w360dp h719dp 480dpi nrml long hdr port finger -keyb/v/h -nav/h winConfig={ mBounds=Rect(0, 0 - 1080, 2159) mAppBounds=Rect(0, 85 - 1080, 2244) mWindowingMode=fullscreen mActivityType=undefined} nonFullScreen=0 suim:1 s.11} for app:com.quvideo.xiaoying
04-28 11:52:45.181  1162  1590 I chatty  : uid=1000(system) Thread-53 expire 2 lines
04-28 11:52:45.191  1150  1150 V ActivityThread: callActivityOnCreate
04-28 11:52:45.286  1162  1612 I chatty  : uid=1000(system) Binder:1162_3 expire 9 lines
04-28 11:52:45.291  1162  1232 I chatty  : uid=1000(system) ActivityManager expire 1 line
04-28 11:52:45.300  1150  1150 D ActivityThread: add activity client record, r= ActivityRecord{7ab95cb token=android.os.BinderProxy@4bfa5e0 {com.quvideo.xiaoying/com.quvideo.xiaoying.templatex.ui.TemplateCenterActivity}} token= android.os.BinderProxy@4bfa5e0
04-28 11:52:45.315  1404  1404 D ActivityThread: Attach thread to application
04-28 11:52:45.345  1150  1291 E ActivityThread: Failed to find provider info for com.facebook.katana.provider.AttributionIdProvider
04-28 11:52:45.358 16084 32538 I CommandQueue: updateBarBgColor
04-28 11:52:45.358 16084 32538 D CommandQueue: CommandQueue, setBarBackgroundColor
04-28 11:52:45.414  1162  1229 I chatty  : uid=1000(system) ActivityManager expire 1 line
04-28 11:52:45.442  1162  1234 I chatty  : uid=1000(system) ThirdAppHandler expire 2 lines
04-28 11:52:45.445  1404  1464 E ActivityThread: Failed to find provider info for com.tempo.video.edit.DownloadProvider
04-28 11:52:45.447  1404  1464 E ActivityThread: Failed to find provider info for com.quvideo.vivamini.DownloadProvider
04-28 11:52:45.448  1404  1464 E ActivityThread: Failed to find provider info for com.quvideo.slideplus.DownloadProvider
04-28 11:52:45.559  1162  1176 I chatty  : uid=1000(system) Binder:1162_1 expire 10 lines
04-28 11:52:45.560  1150  1493 E ActivityThread: Failed to find provider info for com.facebook.katana.provider.AttributionIdProvider
04-28 11:52:45.612  1162 10171 I chatty  : uid=1000(system) Binder:1162_1D expire 15 lines
04-28 11:52:45.671  1814  1827 I BoosterSwitchP: notifyUidState do nothing
04-28 11:52:45.672  1814  1827 I HidataAppQoeP: notifyUidState
04-28 11:52:45.672  1814  1827 I BrowserChrP: notifyUidState
04-28 11:52:47.576   580   646 W SocketListener: sending broadcast to Pid = 1162, Uid = 1000 
04-28 11:52:47.580  1162  1566 I chatty  : uid=1000(system) NetworkStats expire 15 lines
04-28 11:52:47.629  1162  1563 I chatty  : uid=1000(system) NetdConnector expire 12 lines
04-28 11:52:48.326  1162  1176 I chatty  : uid=1000(system) Binder:1162_1 expire 34 lines
04-28 11:52:48.352  1162  1227 I chatty  : uid=1000(system) HwActivityManag expire 8 lines
04-28 11:52:48.353  1150  1150 V ActivityThread: Skipping new config:{1.0 ?mcc?mnc [zh_CN_#Hans,en_GB,ar_AE] ldltr sw360dp w360dp h719dp 480dpi nrml long hdr port finger -keyb/v/h -nav/h winConfig={ mBounds=Rect(0, 0 - 1080, 2159) mAppBounds=Rect(0, 85 - 1080, 2244) mWindowingMode=fullscreen mActivityType=undefined} nonFullScreen=0 suim:1 s.11}, config:{1.0 ?mcc?mnc [zh_CN_#Hans,en_GB,ar_AE] ldltr sw360dp w360dp h719dp 480dpi nrml long hdr port finger -keyb/v/h -nav/h winConfig={ mBounds=Rect(0, 0 - 1080, 2159) mAppBounds=Rect(0, 85 - 1080, 2244) mWindowingMode=fullscreen mActivityType=undefined} nonFullScreen=0 suim:1 s.11} for app:com.quvideo.xiaoying
04-28 11:52:48.354  1150  1150 V ActivityThread: callActivityOnCreate
04-28 11:52:48.380  1150  1150 D ActivityThread: add activity client record, r= ActivityRecord{cacc6c0 token=android.os.BinderProxy@26d02eb {com.quvideo.xiaoying/com.quvideo.xiaoying.templatex.ui.TemplatePackageActivity}} token= android.os.BinderProxy@26d02eb
04-28 11:52:48.392  1162  3293 I chatty  : uid=1000(system) Binder:1162_E expire 51 lines
04-28 11:52:48.392  1162  1242 I chatty  : uid=1000(system) HwGameAssistant expire 4 lines
04-28 11:52:48.421  1162  5600 I chatty  : uid=1000(system) Binder:1162_15 expire 6 lines
04-28 11:52:48.436  1162  1612 I chatty  : uid=1000(system) Binder:1162_3 expire 3 lines
04-28 11:52:48.487  1162  1506 I chatty  : uid=1000(system) android.anim expire 17 lines
04-28 11:52:48.503  1162  1241 I chatty  : uid=1000(system) android.display expire 3 lines
04-28 11:52:48.633  1162  8103 I chatty  : uid=1000(system) Binder:1162_16 expire 10 lines
04-28 11:52:48.636  1162 12013 I chatty  : uid=1000(system) Binder:1162_20 expire 9 lines
04-28 11:52:49.880  1814  1908 I HidataAppQoeP: handleStateChanged reason=8
04-28 11:52:49.888  1814  1908 I BrowserChrP: handleStateChanged
04-28 11:52:51.356  1150  1150 V ActivityThread: Skipping new config:{1.0 ?mcc?mnc [zh_CN_#Hans,en_GB,ar_AE] ldltr sw360dp w360dp h719dp 480dpi nrml long hdr port finger -keyb/v/h -nav/h winConfig={ mBounds=Rect(0, 0 - 1080, 2159) mAppBounds=Rect(0, 85 - 1080, 2244) mWindowingMode=fullscreen mActivityType=undefined} nonFullScreen=0 suim:1 s.11}, config:{1.0 ?mcc?mnc [zh_CN_#Hans,en_GB,ar_AE] ldltr sw360dp w360dp h719dp 480dpi nrml long hdr port finger -keyb/v/h -nav/h winConfig={ mBounds=Rect(0, 0 - 1080, 2159) mAppBounds=Rect(0, 85 - 1080, 2244) mWindowingMode=fullscreen mActivityType=undefined} nonFullScreen=0 suim:1 s.11} for app:com.quvideo.xiaoying
04-28 11:52:51.358  1150  1150 V ActivityThread: callActivityOnCreate
04-28 11:52:51.377  1150  1150 D ActivityThread: add activity client record, r= ActivityRecord{11b70d4 token=android.os.BinderProxy@d30606b {com.quvideo.xiaoying/com.quvideo.xiaoying.templatex.ui.TemplatePackageDetailActivity}} token= android.os.BinderProxy@d30606b
04-28 11:52:51.382  1162  3946 I chatty  : uid=1000(system) Binder:1162_12 expire 19 lines
04-28 11:52:51.792   580   646 W SocketListener: sending broadcast to Pid = 1162, Uid = 1000 
04-28 11:52:51.794  1162  1239 I chatty  : uid=1000(system) android.fg expire 7 lines
04-28 11:52:54.341   580   646 W SocketListener: sending broadcast to Pid = 1162, Uid = 1000 
04-28 11:52:54.553  1150  1150 V ActivityThread: Skipping new config:{1.0 ?mcc?mnc [zh_CN_#Hans,en_GB,ar_AE] ldltr sw360dp w360dp h719dp 480dpi nrml long hdr port finger -keyb/v/h -nav/h winConfig={ mBounds=Rect(0, 0 - 1080, 2159) mAppBounds=Rect(0, 85 - 1080, 2244) mWindowingMode=fullscreen mActivityType=undefined} nonFullScreen=0 suim:1 s.11}, config:{1.0 ?mcc?mnc [zh_CN_#Hans,en_GB,ar_AE] ldltr sw360dp w360dp h719dp 480dpi nrml long hdr port finger -keyb/v/h -nav/h winConfig={ mBounds=Rect(0, 0 - 1080, 2159) mAppBounds=Rect(0, 85 - 1080, 2244) mWindowingMode=fullscreen mActivityType=undefined} nonFullScreen=0 suim:1 s.11} for app:com.quvideo.xiaoying
04-28 11:52:54.555  1150  1150 V ActivityThread: callActivityOnCreate
04-28 11:52:54.571  1150  1150 D ActivityThread: add activity client record, r= ActivityRecord{d3394f token=android.os.BinderProxy@31be081 {com.quvideo.xiaoying/com.quvideo.xiaoying.editor.TmpGalleryActivity}} token= android.os.BinderProxy@31be081
04-28 11:52:54.805  1150  1150 D ActivityThread: Remove activity client record, r= ActivityRecord{11b70d4 token=android.os.BinderProxy@d30606b {com.quvideo.xiaoying/com.quvideo.xiaoying.templatex.ui.TemplatePackageDetailActivity}} token= android.os.BinderProxy@d30606b
04-28 11:52:57.373   580   650 W SocketListener: sending broadcast to Pid = 1162, Uid = 1000 
04-28 11:52:59.621  1150  1150 V ActivityThread: Skipping new config:{1.0 ?mcc?mnc [zh_CN_#Hans,en_GB,ar_AE] ldltr sw360dp w360dp h719dp 480dpi nrml long hdr port finger -keyb/v/h -nav/h winConfig={ mBounds=Rect(0, 0 - 1080, 2159) mAppBounds=Rect(0, 85 - 1080, 2244) mWindowingMode=fullscreen mActivityType=undefined} nonFullScreen=0 suim:1 s.11}, config:{1.0 ?mcc?mnc [zh_CN_#Hans,en_GB,ar_AE] ldltr sw360dp w360dp h719dp 480dpi nrml long hdr port finger -keyb/v/h -nav/h winConfig={ mBounds=Rect(0, 0 - 1080, 2159) mAppBounds=Rect(0, 85 - 1080, 2244) mWindowingMode=fullscreen mActivityType=undefined} nonFullScreen=0 suim:1 s.11} for app:com.quvideo.xiaoying
04-28 11:52:59.625  1150  1150 V ActivityThread: callActivityOnCreate
04-28 11:52:59.635  1162  1176 I chatty  : uid=1000(system) Binder:1162_1 expire 10 lines
04-28 11:52:59.647  1162  3293 I chatty  : uid=1000(system) Binder:1162_E expire 4 lines
04-28 11:52:59.659  1150  1150 D ActivityThread: add activity client record, r= ActivityRecord{f438362 token=android.os.BinderProxy@e135620 {com.quvideo.xiaoying/com.quvideo.xiaoying.editorx.EditorActivity}} token= android.os.BinderProxy@e135620
04-28 11:52:59.717  1162  1506 I chatty  : uid=1000(system) android.anim expire 16 lines
04-28 11:52:59.814  1162  3293 I chatty  : uid=1000(system) Binder:1162_E expire 21 lines
04-28 11:52:59.822  1162  8103 I chatty  : uid=1000(system) Binder:1162_16 expire 24 lines
04-28 11:52:59.838  1162 12013 I chatty  : uid=1000(system) Binder:1162_20 expire 50 lines
04-28 11:52:59.843  1162  3946 I chatty  : uid=1000(system) Binder:1162_12 expire 53 lines
04-28 11:52:59.898  1162  1241 I chatty  : uid=1000(system) android.display expire 2 lines
04-28 11:52:59.945  1814  1908 I HidataAppQoeP: handleStateChanged reason=8
04-28 11:52:59.947  1814  1908 I BrowserChrP: handleStateChanged
04-28 11:53:00.000  1162  1162 I chatty  : uid=1000 system_server expire 3 lines
04-28 11:53:00.163  1150  1150 D ActivityThread: Remove activity client record, r= ActivityRecord{d3394f token=android.os.BinderProxy@31be081 {com.quvideo.xiaoying/com.quvideo.xiaoying.editor.TmpGalleryActivity}} token= android.os.BinderProxy@31be081
04-28 11:53:00.787   580   646 W SocketListener: sending broadcast to Pid = 1162, Uid = 1000 
04-28 11:53:00.789  1162  1563 I chatty  : uid=1000(system) NetdConnector expire 16 lines
04-28 11:53:00.801  1162  1239 I chatty  : uid=1000(system) android.fg expire 8 lines
04-28 11:53:00.813  1162  1566 I chatty  : uid=1000(system) NetworkStats expire 20 lines
04-28 11:53:02.789   580   646 W SocketListener: sending broadcast to Pid = 1162, Uid = 1000 
04-28 11:53:04.812   580   646 W SocketListener: sending broadcast to Pid = 1162, Uid = 1000 
04-28 11:53:05.184  1162  1176 I chatty  : uid=1000(system) Binder:1162_1 expire 44 lines
04-28 11:53:05.954  1814  1908 I HidataAppQoeP: handleStateChanged reason=8
04-28 11:53:05.958  1814  1908 I BrowserChrP: handleStateChanged
04-28 11:53:06.818   580   646 W SocketListener: sending broadcast to Pid = 1162, Uid = 1000 
04-28 11:53:07.007  1162  3946 I chatty  : uid=1000(system) Binder:1162_12 expire 34 lines
04-28 11:53:07.070  1162 12013 I chatty  : uid=1000(system) Binder:1162_20 expire 17 lines
04-28 11:53:07.081  1162  3293 I chatty  : uid=1000(system) Binder:1162_E expire 16 lines
04-28 11:53:07.748  1162  1162 I chatty  : uid=1000 system_server expire 10 lines
04-28 11:53:09.010  1162  1514 I chatty  : uid=1000(system) UEventObserver expire 5 lines
04-28 11:53:09.121  1162  1745 I chatty  : uid=1000(system) watchdog expire 1 line
04-28 11:53:11.962  1814  1908 I HidataAppQoeP: handleStateChanged reason=8
04-28 11:53:11.967  1814  1908 I BrowserChrP: handleStateChanged
04-28 11:53:12.734  1162  1227 I chatty  : uid=1000(system) HwActivityManag expire 12 lines
04-28 11:53:12.750  1162  1242 I chatty  : uid=1000(system) HwGameAssistant expire 4 lines
04-28 11:53:12.806  1814  2269 W ContextImpl: Calling a method in the system process without a qualified user: android.app.ContextImpl.startService:1796 android.content.ContextWrapper.startService:664 com.huawei.appgallery.assistant.service.AppGalleryAssistantService.startHMSService:299 com.huawei.appgallery.assistant.service.AppGalleryAssistantService.notifyHMSBackgroundEvent:285 com.huawei.appgallery.assistant.service.AppGalleryAssistantService.backgroundEvent:227 
04-28 11:53:12.806  1162  1177 I chatty  : uid=1000(system) Binder:1162_2 expire 3 lines
04-28 11:53:12.808  1162  2347 I chatty  : uid=1000(system) Binder:1162_D expire 3 lines
04-28 11:53:12.809  1814  1827 I BoosterSwitchP: notifyUidState do nothing
04-28 11:53:12.809  1814  1827 I HidataAppQoeP: notifyUidState
04-28 11:53:12.809  1814  1827 I BrowserChrP: notifyUidState
04-28 11:53:12.812 22470 22814 I HwNetworkPolicyManager: getHwUidPolicy uid = 10104 policy = 0
04-28 11:53:12.812  1162  1244 I chatty  : uid=1000(system) PowerManagerSer expire 5 lines
04-28 11:53:12.816  1162  5600 I chatty  : uid=1000(system) Binder:1162_15 expire 3 lines
04-28 11:53:12.817  1162  8103 I chatty  : uid=1000(system) Binder:1162_16 expire 13 lines
04-28 11:53:12.822  1162  1506 I chatty  : uid=1000(system) android.anim expire 27 lines
04-28 11:53:12.833  1162  3951 I chatty  : uid=1000(system) Binder:1162_13 expire 8 lines
04-28 11:53:12.904 16084 16717 I CommandQueue: updateBarBgColor
04-28 11:53:12.904 16084 16717 D CommandQueue: CommandQueue, setBarBackgroundColor
04-28 11:53:13.335  1150  1150 D ActivityThread: Remove activity client record, r= ActivityRecord{7ab95cb token=android.os.BinderProxy@4bfa5e0 {com.quvideo.xiaoying/com.quvideo.xiaoying.templatex.ui.TemplateCenterActivity}} token= android.os.BinderProxy@4bfa5e0
04-28 11:53:13.357  1150  1150 D ActivityThread: Remove activity client record, r= ActivityRecord{cacc6c0 token=android.os.BinderProxy@26d02eb {com.quvideo.xiaoying/com.quvideo.xiaoying.templatex.ui.TemplatePackageActivity}} token= android.os.BinderProxy@26d02eb
04-28 11:53:13.408  1814  1827 I BoosterSwitchP: notifyUidState do nothing
04-28 11:53:13.408  1814  1827 I HidataAppQoeP: notifyUidState
04-28 11:53:13.408  1814  1827 I BrowserChrP: notifyUidState
04-28 11:53:13.408  1814  2269 W ContextImpl: Calling a method in the system process without a qualified user: android.app.ContextImpl.startService:1796 android.content.ContextWrapper.startService:664 com.huawei.appgallery.assistant.service.AppGalleryAssistantService.startHMSService:299 com.huawei.appgallery.assistant.service.AppGalleryAssistantService.notifyHMSBackgroundEvent:285 com.huawei.appgallery.assistant.service.AppGalleryAssistantService.backgroundEvent:227 
04-28 11:53:13.494  1150  1150 D ActivityThread: Remove activity client record, r= ActivityRecord{f438362 token=android.os.BinderProxy@e135620 {com.quvideo.xiaoying/com.quvideo.xiaoying.editorx.EditorActivity}} token= android.os.BinderProxy@e135620
04-28 11:53:14.787  1162  2171 I chatty  : uid=1000(system) Binder:1162_A expire 8 lines
04-28 11:53:17.916  1814  1814 I HwCoreAppHelperService: LocalReceiver receives:android.intent.action.PACKAGE_RESTARTED,pkg:com.quvideo.xiaoying,uid:10530
04-28 11:53:17.931  1814  2269 I BoosterSwitchP: notifyUidState do nothing
04-28 11:53:17.931  1814  2269 I HidataAppQoeP: notifyUidState
04-28 11:53:17.931  1814  2269 I BrowserChrP: notifyUidState
04-28 11:53:17.931  1814  2269 I BoosterSwitchP: notifyUidState do nothing
04-28 11:53:17.931  1814  2269 I HidataAppQoeP: notifyUidState
04-28 11:53:17.931  1814  2269 I BrowserChrP: notifyUidState
04-28 11:53:17.932  1162  1226 I chatty  : uid=1000(system) android.bg expire 2 lines
04-28 11:53:18.020  1162  1241 I chatty  : uid=1000(system) android.display expire 2 lines
04-28 11:53:18.030  1162  2239 I chatty  : uid=1000 system_server expire 1 line
04-28 11:53:18.051  1162  1232 I chatty  : uid=1000(system) ActivityManager expire 2 lines
04-28 11:53:18.052  1162  1779 I chatty  : uid=1000(system) MultiTaskManage expire 2 lines
04-28 11:53:18.054  2241  2241 D ActivityThread: Attach thread to application
04-28 11:53:18.067  1162  3293 I chatty  : uid=1000(system) Binder:1162_E expire 2 lines
04-28 11:53:18.083  1814  1826 I BoosterSwitchP: notifyUidState do nothing
04-28 11:53:18.083  1814  1826 I HidataAppQoeP: notifyUidState
04-28 11:53:18.083  1814  1826 I BrowserChrP: notifyUidState
04-28 11:53:18.086  1162  1176 I chatty  : uid=1000(system) Binder:1162_1 expire 7 lines
04-28 11:53:18.086 22470 22814 I HwNetworkPolicyManager: getHwUidPolicy uid = 10530 policy = 0
04-28 11:53:18.096  1162  3795 I chatty  : uid=1000(system) Binder:1162_F expire 3 lines
04-28 11:53:18.184  2241  2309 E ActivityThread: Failed to find provider info for com.facebook.katana.provider.PlatformProvider
04-28 11:53:18.205  2241  2241 E ActivityThread: Failed to find provider info for com.quvideo.xiaoying.vivasetting
04-28 11:53:18.357  2241  2241 V ActivityThread: Skipping new config:{1.0 ?mcc?mnc [zh_CN_#Hans,en_GB,ar_AE] ldltr sw360dp w360dp h719dp 480dpi nrml long hdr port finger -keyb/v/h -nav/h winConfig={ mBounds=Rect(0, 0 - 1080, 2159) mAppBounds=Rect(0, 85 - 1080, 2244) mWindowingMode=fullscreen mActivityType=undefined} nonFullScreen=0 suim:1 s.11}, config:{1.0 ?mcc?mnc [zh_CN_#Hans,en_GB,ar_AE] ldltr sw360dp w360dp h719dp 480dpi nrml long hdr port finger -keyb/v/h -nav/h winConfig={ mBounds=Rect(0, 0 - 1080, 2159) mAppBounds=Rect(0, 85 - 1080, 2244) mWindowingMode=fullscreen mActivityType=undefined} nonFullScreen=0 suim:1 s.11} for app:com.quvideo.xiaoying
04-28 11:53:18.363  2241  2241 V ActivityThread: callActivityOnCreate
04-28 11:53:18.367  1162  1590 I chatty  : uid=1000(system) Thread-53 expire 2 lines
04-28 11:53:18.454  2241  2241 D ActivityThread: add activity client record, r= ActivityRecord{7ab95cb token=android.os.BinderProxy@d1e27dc {com.quvideo.xiaoying/com.quvideo.xiaoying.templatex.ui.TemplateCenterActivity}} token= android.os.BinderProxy@d1e27dc
04-28 11:53:18.474  2448  2448 D ActivityThread: Attach thread to application
04-28 11:53:18.502  2241  2316 E ActivityThread: Failed to find provider info for com.facebook.katana.provider.AttributionIdProvider
04-28 11:53:18.506  1162 12013 I chatty  : uid=1000(system) Binder:1162_20 expire 3 lines
04-28 11:53:18.511 16084 32538 I CommandQueue: updateBarBgColor
04-28 11:53:18.511 16084 32538 D CommandQueue: CommandQueue, setBarBackgroundColor
04-28 11:53:18.550  1162  1229 I chatty  : uid=1000(system) ActivityManager expire 1 line
04-28 11:53:18.572  2448  2511 E ActivityThread: Failed to find provider info for com.tempo.video.edit.DownloadProvider
04-28 11:53:18.572  1162  1234 I chatty  : uid=1000(system) ThirdAppHandler expire 1 line
04-28 11:53:18.573  2448  2511 E ActivityThread: Failed to find provider info for com.quvideo.vivamini.DownloadProvider
04-28 11:53:18.575  2448  2511 E ActivityThread: Failed to find provider info for com.quvideo.slideplus.DownloadProvider
04-28 11:53:18.644  1162  2327 I chatty  : uid=1000(system) Binder:1162_B expire 40 lines
04-28 11:53:18.708  1162 12013 I chatty  : uid=1000(system) Binder:1162_20 expire 14 lines
04-28 11:53:18.728  1814  7167 I BoosterSwitchP: notifyUidState do nothing
04-28 11:53:18.728  1814  7167 I HidataAppQoeP: notifyUidState
04-28 11:53:18.728  1814  7167 I BrowserChrP: notifyUidState
04-28 11:53:18.743  1162  1506 I chatty  : uid=1000(system) android.anim expire 21 lines
04-28 11:53:18.744  2241  2547 E ActivityThread: Failed to find provider info for com.facebook.katana.provider.AttributionIdProvider
04-28 11:53:18.756  1162  3795 I chatty  : uid=1000(system) Binder:1162_F expire 19 lines
04-28 11:53:18.761  1162  3951 I chatty  : uid=1000(system) Binder:1162_13 expire 4 lines
04-28 11:53:18.796  1162  5600 I chatty  : uid=1000(system) Binder:1162_15 expire 30 lines
04-28 11:53:19.428  1162  1227 I chatty  : uid=1000(system) HwActivityManag expire 7 lines
04-28 11:53:19.429  2241  2241 V ActivityThread: Skipping new config:{1.0 ?mcc?mnc [zh_CN_#Hans,en_GB,ar_AE] ldltr sw360dp w360dp h719dp 480dpi nrml long hdr port finger -keyb/v/h -nav/h winConfig={ mBounds=Rect(0, 0 - 1080, 2159) mAppBounds=Rect(0, 85 - 1080, 2244) mWindowingMode=fullscreen mActivityType=undefined} nonFullScreen=0 suim:1 s.11}, config:{1.0 ?mcc?mnc [zh_CN_#Hans,en_GB,ar_AE] ldltr sw360dp w360dp h719dp 480dpi nrml long hdr port finger -keyb/v/h -nav/h winConfig={ mBounds=Rect(0, 0 - 1080, 2159) mAppBounds=Rect(0, 85 - 1080, 2244) mWindowingMode=fullscreen mActivityType=undefined} nonFullScreen=0 suim:1 s.11} for app:com.quvideo.xiaoying
04-28 11:53:19.430  2241  2241 V ActivityThread: callActivityOnCreate
04-28 11:53:19.448  2241  2241 D ActivityThread: add activity client record, r= ActivityRecord{3f9190a token=android.os.BinderProxy@42307d9 {com.quvideo.xiaoying/com.quvideo.xiaoying.templatex.ui.TemplatePackageActivity}} token= android.os.BinderProxy@42307d9
04-28 11:53:19.456  1162  1242 I chatty  : uid=1000(system) HwGameAssistant expire 3 lines
04-28 11:53:19.569  1162  3967 I chatty  : uid=1000(system) Binder:1162_14 expire 19 lines
04-28 11:53:19.578  1162  1241 I chatty  : uid=1000(system) android.display expire 3 lines
04-28 11:53:20.588  1162  1162 I chatty  : uid=1000 system_server expire 6 lines
04-28 11:53:20.589  1162  1244 I chatty  : uid=1000(system) PowerManagerSer expire 3 lines
04-28 11:53:21.791   580   646 W SocketListener: sending broadcast to Pid = 1162, Uid = 1000 
04-28 11:53:21.793  1162  1563 I chatty  : uid=1000(system) NetdConnector expire 6 lines
04-28 11:53:21.794  1162  1239 I chatty  : uid=1000(system) android.fg expire 5 lines
04-28 11:53:21.796  1162  1566 I chatty  : uid=1000(system) NetworkStats expire 5 lines
04-28 11:53:22.260  2241  2241 V ActivityThread: Skipping new config:{1.0 ?mcc?mnc [zh_CN_#Hans,en_GB,ar_AE] ldltr sw360dp w360dp h719dp 480dpi nrml long hdr port finger -keyb/v/h -nav/h winConfig={ mBounds=Rect(0, 0 - 1080, 2159) mAppBounds=Rect(0, 85 - 1080, 2244) mWindowingMode=fullscreen mActivityType=undefined} nonFullScreen=0 suim:1 s.11}, config:{1.0 ?mcc?mnc [zh_CN_#Hans,en_GB,ar_AE] ldltr sw360dp w360dp h719dp 480dpi nrml long hdr port finger -keyb/v/h -nav/h winConfig={ mBounds=Rect(0, 0 - 1080, 2159) mAppBounds=Rect(0, 85 - 1080, 2244) mWindowingMode=fullscreen mActivityType=undefined} nonFullScreen=0 suim:1 s.11} for app:com.quvideo.xiaoying
04-28 11:53:22.264  2241  2241 V ActivityThread: callActivityOnCreate
04-28 11:53:22.283  2241  2241 D ActivityThread: add activity client record, r= ActivityRecord{e77b562 token=android.os.BinderProxy@1829695 {com.quvideo.xiaoying/com.quvideo.xiaoying.templatex.ui.TemplatePackageDetailActivity}} token= android.os.BinderProxy@1829695
04-28 11:53:26.366  2241  2241 V ActivityThread: Skipping new config:{1.0 ?mcc?mnc [zh_CN_#Hans,en_GB,ar_AE] ldltr sw360dp w360dp h719dp 480dpi nrml long hdr port finger -keyb/v/h -nav/h winConfig={ mBounds=Rect(0, 0 - 1080, 2159) mAppBounds=Rect(0, 85 - 1080, 2244) mWindowingMode=fullscreen mActivityType=undefined} nonFullScreen=0 suim:1 s.11}, config:{1.0 ?mcc?mnc [zh_CN_#Hans,en_GB,ar_AE] ldltr sw360dp w360dp h719dp 480dpi nrml long hdr port finger -keyb/v/h -nav/h winConfig={ mBounds=Rect(0, 0 - 1080, 2159) mAppBounds=Rect(0, 85 - 1080, 2244) mWindowingMode=fullscreen mActivityType=undefined} nonFullScreen=0 suim:1 s.11} for app:com.quvideo.xiaoying
04-28 11:53:26.371  2241  2241 V ActivityThread: callActivityOnCreate
04-28 11:53:26.387  2241  2241 D ActivityThread: add activity client record, r= ActivityRecord{ec257d3 token=android.os.BinderProxy@31648b0 {com.quvideo.xiaoying/com.quvideo.xiaoying.editor.TmpGalleryActivity}} token= android.os.BinderProxy@31648b0
04-28 11:53:26.478  1162  8832 I chatty  : uid=1000(system) Binder:1162_19 expire 14 lines
04-28 11:53:26.489  1162  1661 I chatty  : uid=1000(system) Binder:1162_4 expire 15 lines
