04-28 11:50:20.113  1162  9307 I chatty  : uid=1000(system) Binder:1162_1B expire 19 lines
04-28 11:50:20.291 29913 29913 D ActivityThread: Remove activity client record, r= ActivityRecord{e49d0fe token=android.os.BinderProxy@5bd0695 {com.quvideo.xiaoying/com.quvideo.xiaoying.templatex.ui.TemplatePackageDetailActivity}} token= android.os.BinderProxy@5bd0695
04-28 11:50:20.425 16084 19431 I CommandQueue: updateBarBgColor
04-28 11:50:20.425 16084 19431 D CommandQueue: CommandQueue, setBarBackgroundColor
04-28 11:50:21.138   580   646 W SocketListener: sending broadcast to Pid = 1162, Uid = 1000 
04-28 11:50:21.566  1162  8103 I chatty  : uid=1000(system) Binder:1162_16 expire 10 lines
04-28 11:50:23.486 29913 29913 V ActivityThread: Skipping new config:{1.0 ?mcc?mnc [zh_CN_#Hans,en_GB,ar_AE] ldltr sw360dp w360dp h719dp 480dpi nrml long hdr port finger -keyb/v/h -nav/h winConfig={ mBounds=Rect(0, 0 - 1080, 2159) mAppBounds=Rect(0, 85 - 1080, 2244) mWindowingMode=fullscreen mActivityType=undefined} nonFullScreen=0 suim:1 s.11}, config:{1.0 ?mcc?mnc [zh_CN_#Hans,en_GB,ar_AE] ldltr sw360dp w360dp h719dp 480dpi nrml long hdr port finger -keyb/v/h -nav/h winConfig={ mBounds=Rect(0, 0 - 1080, 2159) mAppBounds=Rect(0, 85 - 1080, 2244) mWindowingMode=fullscreen mActivityType=undefined} nonFullScreen=0 suim:1 s.11} for app:com.quvideo.xiaoying
04-28 11:50:23.488 29913 29913 V ActivityThread: callActivityOnCreate
04-28 11:50:23.492 29913 29913 D ActivityThread: add activity client record, r= ActivityRecord{e975628 token=android.os.BinderProxy@437516a {com.quvideo.xiaoying/com.vivavideo.mobile.h5core.ui.H5Activity}} token= android.os.BinderProxy@437516a
04-28 11:50:23.528 16084 19431 I CommandQueue: updateBarBgColor
04-28 11:50:23.528 16084 19431 D CommandQueue: CommandQueue, setBarBackgroundColor
04-28 11:50:23.550 29913 29913 D ActivityThread: Remove activity client record, r= ActivityRecord{72d328b token=android.os.BinderProxy@9ee9969 {com.quvideo.xiaoying/com.quvideo.xiaoying.templatex.ui.TemplatePackageActivity}} token= android.os.BinderProxy@9ee9969
04-28 11:50:23.595  1162 12013 I chatty  : uid=1000(system) Binder:1162_20 expire 1 line
04-28 11:50:23.595  1162  1577 I chatty  : uid=1000(system) ConnectivitySer expire 16 lines
04-28 11:50:23.613  1162  9307 I chatty  : uid=1000(system) Binder:1162_1B expire 38 lines
04-28 11:50:23.618  1162  1241 I chatty  : uid=1000(system) android.display expire 2 lines
04-28 11:50:23.633  1162  1232 I chatty  : uid=1000(system) ActivityManager expire 2 lines
04-28 11:50:23.634  1162  1779 I chatty  : uid=1000(system) MultiTaskManage expire 2 lines
04-28 11:50:23.649  1162  3944 I chatty  : uid=1000(system) Binder:1162_11 expire 5 lines
04-28 11:50:23.650 16084 16429 I CommandQueue: updateBarBgColor
04-28 11:50:23.650 16084 16429 D CommandQueue: CommandQueue, setBarBackgroundColor
04-28 11:50:23.658 30527 30527 D ActivityThread: Attach thread to application
04-28 11:50:24.246  1162 10171 I chatty  : uid=1000(system) Binder:1162_1D expire 13 lines
04-28 11:50:24.898   580   646 W SocketListener: sending broadcast to Pid = 1162, Uid = 1000 
04-28 11:50:24.900  1162  1563 I chatty  : uid=1000(system) NetdConnector expire 10 lines
04-28 11:50:24.902  1162  1239 I chatty  : uid=1000(system) android.fg expire 7 lines
04-28 11:50:24.911  1162  1566 I chatty  : uid=1000(system) NetworkStats expire 10 lines
04-28 11:50:24.928  1162  1549 I chatty  : uid=1000(system) InputDispatcher expire 4 lines
04-28 11:50:24.999  1162  1227 I chatty  : uid=1000(system) HwActivityManag expire 8 lines
04-28 11:50:25.018  1162  2334 I chatty  : uid=1000(system) Binder:1162_C expire 19 lines
04-28 11:50:25.020  1162  1242 I chatty  : uid=1000(system) HwGameAssistant expire 4 lines
04-28 11:50:25.023  1162  1612 I chatty  : uid=1000(system) Binder:1162_3 expire 8 lines
04-28 11:50:25.026 16084 16429 I CommandQueue: updateBarBgColor
04-28 11:50:25.026 16084 16429 D CommandQueue: CommandQueue, setBarBackgroundColor
04-28 11:50:25.044  1162  1177 I chatty  : uid=1000(system) Binder:1162_2 expire 13 lines
04-28 11:50:25.052   580   650 W SocketListener: sending broadcast to Pid = 1162, Uid = 1000 
04-28 11:50:25.058  1162  1506 I chatty  : uid=1000(system) android.anim expire 19 lines
04-28 11:50:25.059  1162 10813 I chatty  : uid=1000(system) Binder:1162_1E expire 19 lines
04-28 11:50:25.098  1162  9181 I chatty  : uid=1000(system) Binder:1162_1A expire 1 line
04-28 11:50:25.109  1162  9619 I chatty  : uid=1000(system) Binder:1162_1C expire 2 lines
04-28 11:50:26.919   580   646 W SocketListener: sending broadcast to Pid = 1162, Uid = 1000 
04-28 11:50:27.058  1814  1826 I BoosterSwitchP: notifyUidState do nothing
04-28 11:50:27.058  1814  1826 I HidataAppQoeP: notifyUidState
04-28 11:50:27.058  1814  1826 I BrowserChrP: notifyUidState
04-28 11:50:27.557  1162  1590 I chatty  : uid=1000(system) Thread-53 expire 2 lines
04-28 11:50:28.294 29913 29913 V ActivityThread: Skipping new config:{1.0 ?mcc?mnc [zh_CN_#Hans,en_GB,ar_AE] ldltr sw360dp w360dp h719dp 480dpi nrml long hdr port finger -keyb/v/h -nav/h winConfig={ mBounds=Rect(0, 0 - 1080, 2159) mAppBounds=Rect(0, 85 - 1080, 2244) mWindowingMode=fullscreen mActivityType=undefined} nonFullScreen=0 suim:1 s.11}, config:{1.0 ?mcc?mnc [zh_CN_#Hans,en_GB,ar_AE] ldltr sw360dp w360dp h719dp 480dpi nrml long hdr port finger -keyb/v/h -nav/h winConfig={ mBounds=Rect(0, 0 - 1080, 2159) mAppBounds=Rect(0, 85 - 1080, 2244) mWindowingMode=fullscreen mActivityType=undefined} nonFullScreen=0 suim:1 s.11} for app:com.quvideo.xiaoying
04-28 11:50:28.297 29913 29913 V ActivityThread: callActivityOnCreate
04-28 11:50:28.302 29913 29913 D ActivityThread: add activity client record, r= ActivityRecord{510face token=android.os.BinderProxy@206ce1e {com.quvideo.xiaoying/com.vivavideo.mobile.h5core.ui.H5Activity}} token= android.os.BinderProxy@206ce1e
04-28 11:50:28.338 16084 19431 I CommandQueue: updateBarBgColor
04-28 11:50:28.338 16084 19431 D CommandQueue: CommandQueue, setBarBackgroundColor
04-28 11:50:28.359 29913 29913 D ActivityThread: Remove activity client record, r= ActivityRecord{e975628 token=android.os.BinderProxy@437516a {com.quvideo.xiaoying/com.vivavideo.mobile.h5core.ui.H5Activity}} token= android.os.BinderProxy@437516a
04-28 11:50:28.431 30608 30608 D ActivityThread: Attach thread to application
04-28 11:50:28.433 16084 19431 I CommandQueue: updateBarBgColor
04-28 11:50:28.433 16084 19431 D CommandQueue: CommandQueue, setBarBackgroundColor
04-28 11:50:29.780 16084 19431 I CommandQueue: updateBarBgColor
04-28 11:50:29.780 16084 19431 D CommandQueue: CommandQueue, setBarBackgroundColor
04-28 11:50:31.826  1814  4841 I BoosterSwitchP: notifyUidState do nothing
04-28 11:50:31.826  1814  4841 I HidataAppQoeP: notifyUidState
04-28 11:50:31.826  1814  4841 I BrowserChrP: notifyUidState
04-28 11:50:33.831 29913 29913 V ActivityThread: Skipping new config:{1.0 ?mcc?mnc [zh_CN_#Hans,en_GB,ar_AE] ldltr sw360dp w360dp h719dp 480dpi nrml long hdr port finger -keyb/v/h -nav/h winConfig={ mBounds=Rect(0, 0 - 1080, 2159) mAppBounds=Rect(0, 85 - 1080, 2244) mWindowingMode=fullscreen mActivityType=undefined} nonFullScreen=0 suim:1 s.11}, config:{1.0 ?mcc?mnc [zh_CN_#Hans,en_GB,ar_AE] ldltr sw360dp w360dp h719dp 480dpi nrml long hdr port finger -keyb/v/h -nav/h winConfig={ mBounds=Rect(0, 0 - 1080, 2159) mAppBounds=Rect(0, 85 - 1080, 2244) mWindowingMode=fullscreen mActivityType=undefined} nonFullScreen=0 suim:1 s.11} for app:com.quvideo.xiaoying
04-28 11:50:33.835 29913 29913 V ActivityThread: callActivityOnCreate
04-28 11:50:33.840 29913 29913 D ActivityThread: add activity client record, r= ActivityRecord{29d6c1 token=android.os.BinderProxy@96d7751 {com.quvideo.xiaoying/com.vivavideo.mobile.h5core.ui.H5Activity}} token= android.os.BinderProxy@96d7751
04-28 11:50:33.878 16084 20708 I CommandQueue: updateBarBgColor
04-28 11:50:33.878 16084 20708 D CommandQueue: CommandQueue, setBarBackgroundColor
04-28 11:50:33.885  1162  8103 I chatty  : uid=1000(system) Binder:1162_16 expire 19 lines
04-28 11:50:33.889 29913 29913 D ActivityThread: Remove activity client record, r= ActivityRecord{510face token=android.os.BinderProxy@206ce1e {com.quvideo.xiaoying/com.vivavideo.mobile.h5core.ui.H5Activity}} token= android.os.BinderProxy@206ce1e
04-28 11:50:33.898  1162  1612 I chatty  : uid=1000(system) Binder:1162_3 expire 42 lines
04-28 11:50:33.900  1162  1506 I chatty  : uid=1000(system) android.anim expire 31 lines
04-28 11:50:33.921  1162  1177 I chatty  : uid=1000(system) Binder:1162_2 expire 13 lines
04-28 11:50:33.922  1162  1577 I chatty  : uid=1000(system) ConnectivitySer expire 7 lines
04-28 11:50:33.952  1162  1241 I chatty  : uid=1000(system) android.display expire 3 lines
04-28 11:50:33.953  1162  1232 I chatty  : uid=1000(system) ActivityManager expire 1 line
04-28 11:50:33.954  1162  1779 I chatty  : uid=1000(system) MultiTaskManage expire 1 line
04-28 11:50:33.971 16084 20708 I CommandQueue: updateBarBgColor
04-28 11:50:33.971 16084 20708 D CommandQueue: CommandQueue, setBarBackgroundColor
04-28 11:50:33.973 30679 30679 D ActivityThread: Attach thread to application
04-28 11:50:34.407  1162 10813 I chatty  : uid=1000(system) Binder:1162_1E expire 10 lines
04-28 11:50:34.669   580   646 W SocketListener: sending broadcast to Pid = 1162, Uid = 1000 
04-28 11:50:34.670  1162  1563 I chatty  : uid=1000(system) NetdConnector expire 8 lines
04-28 11:50:34.671  1162  1239 I chatty  : uid=1000(system) android.fg expire 4 lines
04-28 11:50:34.673  1162  1566 I chatty  : uid=1000(system) NetworkStats expire 9 lines
04-28 11:50:34.795  1162  1549 I chatty  : uid=1000(system) InputDispatcher expire 4 lines
04-28 11:50:34.876  1162  1227 I chatty  : uid=1000(system) HwActivityManag expire 8 lines
04-28 11:50:34.899  1162  9307 I chatty  : uid=1000(system) Binder:1162_1B expire 6 lines
04-28 11:50:34.900  1162  1242 I chatty  : uid=1000(system) HwGameAssistant expire 4 lines
04-28 11:50:34.908 16084 20708 I CommandQueue: updateBarBgColor
04-28 11:50:34.908 16084 20708 D CommandQueue: CommandQueue, setBarBackgroundColor
04-28 11:50:35.409  1162  1514 I chatty  : uid=1000(system) UEventObserver expire 5 lines
04-28 11:50:35.617 29913 29913 V ActivityThread: Skipping new config:{1.0 ?mcc?mnc [zh_CN_#Hans,en_GB,ar_AE] ldltr sw360dp w360dp h719dp 480dpi nrml long hdr port finger -keyb/v/h -nav/h winConfig={ mBounds=Rect(0, 0 - 1080, 2159) mAppBounds=Rect(0, 85 - 1080, 2244) mWindowingMode=fullscreen mActivityType=undefined} nonFullScreen=0 suim:1 s.11}, config:{1.0 ?mcc?mnc [zh_CN_#Hans,en_GB,ar_AE] ldltr sw360dp w360dp h719dp 480dpi nrml long hdr port finger -keyb/v/h -nav/h winConfig={ mBounds=Rect(0, 0 - 1080, 2159) mAppBounds=Rect(0, 85 - 1080, 2244) mWindowingMode=fullscreen mActivityType=undefined} nonFullScreen=0 suim:1 s.11} for app:com.quvideo.xiaoying
04-28 11:50:35.620 29913 29913 V ActivityThread: callActivityOnCreate
04-28 11:50:35.624 29913 29913 D ActivityThread: add activity client record, r= ActivityRecord{b1deb29 token=android.os.BinderProxy@92ca067 {com.quvideo.xiaoying/com.vivavideo.mobile.h5core.ui.H5Activity}} token= android.os.BinderProxy@92ca067
04-28 11:50:35.633  1162 10171 I chatty  : uid=1000(system) Binder:1162_1D expire 5 lines
04-28 11:50:35.648 16084 19431 I CommandQueue: updateBarBgColor
04-28 11:50:35.648 16084 19431 D CommandQueue: CommandQueue, setBarBackgroundColor
04-28 11:50:35.657  1162  2334 I chatty  : uid=1000(system) Binder:1162_C expire 20 lines
04-28 11:50:35.670 29913 29913 D ActivityThread: Remove activity client record, r= ActivityRecord{29d6c1 token=android.os.BinderProxy@96d7751 {com.quvideo.xiaoying/com.vivavideo.mobile.h5core.ui.H5Activity}} token= android.os.BinderProxy@96d7751
04-28 11:50:35.770  1162  9181 I chatty  : uid=1000(system) Binder:1162_1A expire 14 lines
04-28 11:50:35.770 16084 19431 I CommandQueue: updateBarBgColor
04-28 11:50:35.771 16084 19431 D CommandQueue: CommandQueue, setBarBackgroundColor
04-28 11:50:36.008  1162  3944 I chatty  : uid=1000(system) Binder:1162_11 expire 1 line
04-28 11:50:36.021  1162 12013 I chatty  : uid=1000(system) Binder:1162_20 expire 2 lines
04-28 11:50:36.618  1162  5600 I chatty  : uid=1000(system) Binder:1162_15 expire 38 lines
04-28 11:50:36.627 16084 16429 I CommandQueue: updateBarBgColor
04-28 11:50:36.627 16084 16429 D CommandQueue: CommandQueue, setBarBackgroundColor
04-28 11:50:36.661  1814  1908 I HidataAppQoeP: handleStateChanged reason=8
04-28 11:50:36.675  1814  1908 I BrowserChrP: handleStateChanged
04-28 11:50:37.540 29913 29913 V ActivityThread: Skipping new config:{1.0 ?mcc?mnc [zh_CN_#Hans,en_GB,ar_AE] ldltr sw360dp w360dp h719dp 480dpi nrml long hdr port finger -keyb/v/h -nav/h winConfig={ mBounds=Rect(0, 0 - 1080, 2159) mAppBounds=Rect(0, 85 - 1080, 2244) mWindowingMode=fullscreen mActivityType=undefined} nonFullScreen=0 suim:1 s.11}, config:{1.0 ?mcc?mnc [zh_CN_#Hans,en_GB,ar_AE] ldltr sw360dp w360dp h719dp 480dpi nrml long hdr port finger -keyb/v/h -nav/h winConfig={ mBounds=Rect(0, 0 - 1080, 2159) mAppBounds=Rect(0, 85 - 1080, 2244) mWindowingMode=fullscreen mActivityType=undefined} nonFullScreen=0 suim:1 s.11} for app:com.quvideo.xiaoying
04-28 11:50:37.547 29913 29913 V ActivityThread: callActivityOnCreate
04-28 11:50:37.554 29913 29913 D ActivityThread: add activity client record, r= ActivityRecord{122d1ce token=android.os.BinderProxy@121ba34 {com.quvideo.xiaoying/com.vivavideo.mobile.h5core.ui.H5Activity}} token= android.os.BinderProxy@121ba34
04-28 11:50:37.587 16084 19431 I CommandQueue: updateBarBgColor
04-28 11:50:37.587 16084 19431 D CommandQueue: CommandQueue, setBarBackgroundColor
04-28 11:50:37.597 29913 29913 D ActivityThread: Remove activity client record, r= ActivityRecord{b1deb29 token=android.os.BinderProxy@92ca067 {com.quvideo.xiaoying/com.vivavideo.mobile.h5core.ui.H5Activity}} token= android.os.BinderProxy@92ca067
04-28 11:50:37.680 16084 20708 I CommandQueue: updateBarBgColor
04-28 11:50:37.680 16084 20708 D CommandQueue: CommandQueue, setBarBackgroundColor
04-28 11:50:38.264   580   646 W SocketListener: sending broadcast to Pid = 1162, Uid = 1000 
04-28 11:50:38.320  1162  1566 I chatty  : uid=1000(system) NetworkStats expire 1 line
04-28 11:50:38.321  1162  1563 I chatty  : uid=1000(system) NetdConnector expire 2 lines
04-28 11:50:38.454  1162  1549 I chatty  : uid=1000(system) InputDispatcher expire 2 lines
04-28 11:50:38.495  1162  8103 I chatty  : uid=1000(system) Binder:1162_16 expire 8 lines
04-28 11:50:38.509  1162  1227 I chatty  : uid=1000(system) HwActivityManag expire 6 lines
04-28 11:50:38.532  1162  1612 I chatty  : uid=1000(system) Binder:1162_3 expire 17 lines
04-28 11:50:38.538  1162  9181 I chatty  : uid=1000(system) Binder:1162_1A expire 16 lines
04-28 11:50:38.539  1162  1242 I chatty  : uid=1000(system) HwGameAssistant expire 3 lines
04-28 11:50:38.549 16084 20708 I CommandQueue: updateBarBgColor
04-28 11:50:38.549 16084 20708 D CommandQueue: CommandQueue, setBarBackgroundColor
04-28 11:50:38.582  1162  1506 I chatty  : uid=1000(system) android.anim expire 15 lines
04-28 11:50:39.104  1162  1745 I chatty  : uid=1000(system) watchdog expire 1 line
04-28 11:50:39.639 29913 29913 D ActivityThread: Remove activity client record, r= ActivityRecord{122d1ce token=android.os.BinderProxy@121ba34 {com.quvideo.xiaoying/com.vivavideo.mobile.h5core.ui.H5Activity}} token= android.os.BinderProxy@121ba34
04-28 11:50:39.658  1162  9307 I chatty  : uid=1000(system) Binder:1162_1B expire 29 lines
04-28 11:50:40.039 29913 29913 V ActivityThread: Skipping new config:{1.0 ?mcc?mnc [zh_CN_#Hans,en_GB,ar_AE] ldltr sw360dp w360dp h719dp 480dpi nrml long hdr port finger -keyb/v/h -nav/h winConfig={ mBounds=Rect(0, 0 - 1080, 2159) mAppBounds=Rect(0, 85 - 1080, 2244) mWindowingMode=fullscreen mActivityType=undefined} nonFullScreen=0 suim:1 s.11}, config:{1.0 ?mcc?mnc [zh_CN_#Hans,en_GB,ar_AE] ldltr sw360dp w360dp h719dp 480dpi nrml long hdr port finger -keyb/v/h -nav/h winConfig={ mBounds=Rect(0, 0 - 1080, 2159) mAppBounds=Rect(0, 85 - 1080, 2244) mWindowingMode=fullscreen mActivityType=undefined} nonFullScreen=0 suim:1 s.11} for app:com.quvideo.xiaoying
04-28 11:50:40.043 29913 29913 V ActivityThread: callActivityOnCreate
04-28 11:50:40.079 29913 29913 D ActivityThread: add activity client record, r= ActivityRecord{d4446b9 token=android.os.BinderProxy@37d9c6d {com.quvideo.xiaoying/com.quvideo.xiaoying.templatex.ui.TemplateCenterActivity}} token= android.os.BinderProxy@37d9c6d
04-28 11:50:40.106  1162  2334 I chatty  : uid=1000(system) Binder:1162_C expire 29 lines
04-28 11:50:40.107 16084 20708 I CommandQueue: updateBarBgColor
04-28 11:50:40.107 16084 20708 D CommandQueue: CommandQueue, setBarBackgroundColor
04-28 11:50:40.144  1162  3944 I chatty  : uid=1000(system) Binder:1162_11 expire 25 lines
04-28 11:50:40.232  1162  1241 I chatty  : uid=1000(system) android.display expire 2 lines
04-28 11:50:40.498  1162  1577 I chatty  : uid=1000(system) ConnectivitySer expire 1 line
04-28 11:50:40.533  1814  4841 I BoosterSwitchP: notifyUidState do nothing
04-28 11:50:40.533  1814  4841 I HidataAppQoeP: notifyUidState
04-28 11:50:40.533  1814  4841 I BrowserChrP: notifyUidState
04-28 11:50:40.546  1162  1237 I chatty  : uid=1000(system) batterystats-wo expire 2 lines
04-28 11:50:41.036  1162  1590 I chatty  : uid=1000(system) Thread-53 expire 1 line
04-28 11:50:41.790 29913 29913 V ActivityThread: Skipping new config:{1.0 ?mcc?mnc [zh_CN_#Hans,en_GB,ar_AE] ldltr sw360dp w360dp h719dp 480dpi nrml long hdr port finger -keyb/v/h -nav/h winConfig={ mBounds=Rect(0, 0 - 1080, 2159) mAppBounds=Rect(0, 85 - 1080, 2244) mWindowingMode=fullscreen mActivityType=undefined} nonFullScreen=0 suim:1 s.11}, config:{1.0 ?mcc?mnc [zh_CN_#Hans,en_GB,ar_AE] ldltr sw360dp w360dp h719dp 480dpi nrml long hdr port finger -keyb/v/h -nav/h winConfig={ mBounds=Rect(0, 0 - 1080, 2159) mAppBounds=Rect(0, 85 - 1080, 2244) mWindowingMode=fullscreen mActivityType=undefined} nonFullScreen=0 suim:1 s.11} for app:com.quvideo.xiaoying
04-28 11:50:41.793 29913 29913 V ActivityThread: callActivityOnCreate
04-28 11:50:41.807 29913 29913 D ActivityThread: add activity client record, r= ActivityRecord{d29ed14 token=android.os.BinderProxy@cbdf008 {com.quvideo.xiaoying/com.quvideo.xiaoying.templatex.ui.TemplatePackageActivity}} token= android.os.BinderProxy@cbdf008
04-28 11:50:41.815  1162 10813 I chatty  : uid=1000(system) Binder:1162_1E expire 30 lines
04-28 11:50:42.625  1162  1177 I chatty  : uid=1000(system) Binder:1162_2 expire 9 lines
04-28 11:50:43.304  1162  3944 I chatty  : uid=1000(system) Binder:1162_11 expire 17 lines
04-28 11:50:43.312  1162  2334 I chatty  : uid=1000(system) Binder:1162_C expire 11 lines
04-28 11:50:43.325  1162  5600 I chatty  : uid=1000(system) Binder:1162_15 expire 21 lines
04-28 11:50:43.327  1162  9181 I chatty  : uid=1000(system) Binder:1162_1A expire 3 lines
04-28 11:50:43.371  1162  8103 I chatty  : uid=1000(system) Binder:1162_16 expire 1 line
04-28 11:50:43.381  1162 10813 I chatty  : uid=1000(system) Binder:1162_1E expire 29 lines
04-28 11:50:43.384  1162  9307 I chatty  : uid=1000(system) Binder:1162_1B expire 3 lines
04-28 11:50:43.403  1814  4859 I BoosterSwitchP: notifyUidState do nothing
04-28 11:50:43.403  1814  4859 I HidataAppQoeP: notifyUidState
04-28 11:50:43.403  1814  4859 I BrowserChrP: notifyUidState
04-28 11:50:43.442  1162  1227 I chatty  : uid=1000(system) HwActivityManag expire 10 lines
04-28 11:50:43.459  1814  4859 I BoosterSwitchP: notifyUidState do nothing
04-28 11:50:43.460  1814  4859 I HidataAppQoeP: notifyUidState
04-28 11:50:43.460  1814  4859 I BrowserChrP: notifyUidState
04-28 11:50:43.476  1162  1506 I chatty  : uid=1000(system) android.anim expire 26 lines
04-28 11:50:43.493  1162 30820 I chatty  : uid=1000 system_server expire 1 line
04-28 11:50:43.517  1162  3967 I chatty  : uid=1000(system) Binder:1162_14 expire 1 line
04-28 11:50:43.517  1162  1244 I chatty  : uid=1000(system) PowerManagerSer expire 4 lines
04-28 11:50:43.564  1162  1232 I chatty  : uid=1000(system) ActivityManager expire 8 lines
04-28 11:50:43.569  1162  1230 I chatty  : uid=1000(system) android.ui expire 1 line
04-28 11:50:43.573  1162  3795 I chatty  : uid=1000(system) Binder:1162_F expire 2 lines
04-28 11:50:43.576  1162  1242 I chatty  : uid=1000(system) HwGameAssistant expire 3 lines
04-28 11:50:43.579  1814  4859 I BoosterSwitchP: notifyUidState do nothing
04-28 11:50:43.579  1814  4859 I HidataAppQoeP: notifyUidState
04-28 11:50:43.579  1814  4859 I BrowserChrP: notifyUidState
04-28 11:50:43.584 22470 22814 I HwNetworkPolicyManager: getHwUidPolicy uid = 10104 policy = 0
04-28 11:50:43.591  1162  1162 I chatty  : uid=1000 system_server expire 3 lines
04-28 11:50:43.591  1814  1814 I HwCoreAppHelperService: LocalReceiver receives:android.intent.action.PACKAGE_RESTARTED,pkg:com.quvideo.xiaoying,uid:10530
04-28 11:50:43.611  1162 12013 I chatty  : uid=1000(system) Binder:1162_20 expire 10 lines
04-28 11:50:43.628  1162  1577 I chatty  : uid=1000(system) ConnectivitySer expire 1 line
04-28 11:50:43.633  1162  1779 I chatty  : uid=1000(system) MultiTaskManage expire 2 lines
04-28 11:50:43.641  1162  1241 I chatty  : uid=1000(system) android.display expire 2 lines
04-28 11:50:43.648 16084 16429 I CommandQueue: updateBarBgColor
04-28 11:50:43.648 16084 16429 D CommandQueue: CommandQueue, setBarBackgroundColor
04-28 11:50:43.659 30829 30829 D ActivityThread: Attach thread to application
04-28 11:50:43.715  1162 30845 I chatty  : uid=1000 system_server expire 1 line
04-28 11:50:43.755  1162  3951 I chatty  : uid=1000(system) Binder:1162_13 expire 10 lines
04-28 11:50:43.757  1814  4859 I BoosterSwitchP: notifyUidState do nothing
04-28 11:50:43.757  1814  4859 I HidataAppQoeP: notifyUidState
04-28 11:50:43.757  1814  4859 I BrowserChrP: notifyUidState
04-28 11:50:43.765  1162  1612 I chatty  : uid=1000(system) Binder:1162_3 expire 7 lines
04-28 11:50:43.845 22470 22814 I HwNetworkPolicyManager: getHwUidPolicy uid = 10530 policy = 0
04-28 11:50:43.860 30829 30881 E ActivityThread: Failed to find provider info for com.facebook.katana.provider.PlatformProvider
04-28 11:50:43.885  1162  1590 I chatty  : uid=1000(system) Thread-53 expire 2 lines
04-28 11:50:43.894 30829 30829 E ActivityThread: Failed to find provider info for com.quvideo.xiaoying.vivasetting
04-28 11:50:44.043 30829 30829 V ActivityThread: Skipping new config:{1.0 ?mcc?mnc [zh_CN_#Hans,en_GB,ar_AE] ldltr sw360dp w360dp h719dp 480dpi nrml long hdr port finger -keyb/v/h -nav/h winConfig={ mBounds=Rect(0, 0 - 1080, 2159) mAppBounds=Rect(0, 85 - 1080, 2244) mWindowingMode=fullscreen mActivityType=undefined} nonFullScreen=0 suim:1 s.11}, config:{1.0 ?mcc?mnc [zh_CN_#Hans,en_GB,ar_AE] ldltr sw360dp w360dp h719dp 480dpi nrml long hdr port finger -keyb/v/h -nav/h winConfig={ mBounds=Rect(0, 0 - 1080, 2159) mAppBounds=Rect(0, 85 - 1080, 2244) mWindowingMode=fullscreen mActivityType=undefined} nonFullScreen=0 suim:1 s.11} for app:com.quvideo.xiaoying
04-28 11:50:44.053 30829 30829 V ActivityThread: callActivityOnCreate
04-28 11:50:44.140  1162  2347 I chatty  : uid=1000(system) Binder:1162_D expire 21 lines
04-28 11:50:44.142 30829 30829 D ActivityThread: add activity client record, r= ActivityRecord{91065ec token=android.os.BinderProxy@7ffdf5e {com.quvideo.xiaoying/com.quvideo.xiaoying.templatex.ui.TemplateCenterActivity}} token= android.os.BinderProxy@7ffdf5e
04-28 11:50:44.144  1162  1963 I chatty  : uid=1000(system) Binder:1162_8 expire 11 lines
04-28 11:50:44.169 30997 30997 D ActivityThread: Attach thread to application
04-28 11:50:44.171  1162  1602 I chatty  : uid=1000(system) HwDualSensorEve expire 5 lines
04-28 11:50:44.193 30829 30888 E ActivityThread: Failed to find provider info for com.facebook.katana.provider.AttributionIdProvider
04-28 11:50:44.210 16084 16429 I CommandQueue: updateBarBgColor
04-28 11:50:44.210 16084 16429 D CommandQueue: CommandQueue, setBarBackgroundColor
04-28 11:50:44.295  1162  1229 I chatty  : uid=1000(system) ActivityManager expire 1 line
04-28 11:50:44.328  1162  1234 I chatty  : uid=1000(system) ThirdAppHandler expire 2 lines
04-28 11:50:44.343 30997 31057 E ActivityThread: Failed to find provider info for com.tempo.video.edit.DownloadProvider
04-28 11:50:44.344 30997 31057 E ActivityThread: Failed to find provider info for com.quvideo.vivamini.DownloadProvider
04-28 11:50:44.346 30997 31057 E ActivityThread: Failed to find provider info for com.quvideo.slideplus.DownloadProvider
04-28 11:50:44.404 30829 31077 E ActivityThread: Failed to find provider info for com.facebook.katana.provider.AttributionIdProvider
04-28 11:50:44.474  1814  3885 I BoosterSwitchP: notifyUidState do nothing
04-28 11:50:44.474  1814  3885 I HidataAppQoeP: notifyUidState
04-28 11:50:44.474  1814  3885 I BrowserChrP: notifyUidState
04-28 11:50:44.483  1162  8733 I chatty  : uid=1000(system) Binder:1162_18 expire 12 lines
04-28 11:50:45.279 30829 30829 V ActivityThread: Skipping new config:{1.0 ?mcc?mnc [zh_CN_#Hans,en_GB,ar_AE] ldltr sw360dp w360dp h719dp 480dpi nrml long hdr port finger -keyb/v/h -nav/h winConfig={ mBounds=Rect(0, 0 - 1080, 2159) mAppBounds=Rect(0, 85 - 1080, 2244) mWindowingMode=fullscreen mActivityType=undefined} nonFullScreen=0 suim:1 s.11}, config:{1.0 ?mcc?mnc [zh_CN_#Hans,en_GB,ar_AE] ldltr sw360dp w360dp h719dp 480dpi nrml long hdr port finger -keyb/v/h -nav/h winConfig={ mBounds=Rect(0, 0 - 1080, 2159) mAppBounds=Rect(0, 85 - 1080, 2244) mWindowingMode=fullscreen mActivityType=undefined} nonFullScreen=0 suim:1 s.11} for app:com.quvideo.xiaoying
04-28 11:50:45.281 30829 30829 V ActivityThread: callActivityOnCreate
04-28 11:50:45.304 30829 30829 D ActivityThread: add activity client record, r= ActivityRecord{7ee3927 token=android.os.BinderProxy@56e90dc {com.quvideo.xiaoying/com.quvideo.xiaoying.templatex.ui.TemplatePackageActivity}} token= android.os.BinderProxy@56e90dc
04-28 11:50:45.398  1162  3951 I chatty  : uid=1000(system) Binder:1162_13 expire 9 lines
04-28 11:50:45.406  1162  5600 I chatty  : uid=1000(system) Binder:1162_15 expire 11 lines
04-28 11:50:45.414  1162  1506 I chatty  : uid=1000(system) android.anim expire 15 lines
04-28 11:50:45.426  1162  1241 I chatty  : uid=1000(system) android.display expire 3 lines
04-28 11:50:45.674  1162  1602 I chatty  : uid=1000(system) HwDualSensorEve expire 35 lines
04-28 11:50:45.778  1162  2334 I chatty  : uid=1000(system) Binder:1162_C expire 29 lines
04-28 11:50:46.021  1162  1963 I chatty  : uid=1000(system) Binder:1162_8 expire 26 lines
04-28 11:50:46.095  1162 12013 I chatty  : uid=1000(system) Binder:1162_20 expire 14 lines
04-28 11:50:46.211  1162  3944 I chatty  : uid=1000(system) Binder:1162_11 expire 24 lines
04-28 11:50:46.250  1162  1162 I chatty  : uid=1000 system_server expire 3 lines
04-28 11:50:46.313   580   646 W SocketListener: sending broadcast to Pid = 1162, Uid = 1000 
04-28 11:50:46.317  1162  1563 I chatty  : uid=1000(system) NetdConnector expire 10 lines
04-28 11:50:46.327  1162  1239 I chatty  : uid=1000(system) android.fg expire 7 lines
04-28 11:50:46.330  1162  1566 I chatty  : uid=1000(system) NetworkStats expire 10 lines
04-28 11:50:46.849  1814  1908 I HidataAppQoeP: handleStateChanged reason=8
04-28 11:50:46.856  1814  1908 I BrowserChrP: handleStateChanged
04-28 11:50:50.673  1162  1227 I chatty  : uid=1000(system) HwActivityManag expire 4 lines
04-28 11:50:50.676 30829 30829 V ActivityThread: Skipping new config:{1.0 ?mcc?mnc [zh_CN_#Hans,en_GB,ar_AE] ldltr sw360dp w360dp h719dp 480dpi nrml long hdr port finger -keyb/v/h -nav/h winConfig={ mBounds=Rect(0, 0 - 1080, 2159) mAppBounds=Rect(0, 85 - 1080, 2244) mWindowingMode=fullscreen mActivityType=undefined} nonFullScreen=0 suim:1 s.11}, config:{1.0 ?mcc?mnc [zh_CN_#Hans,en_GB,ar_AE] ldltr sw360dp w360dp h719dp 480dpi nrml long hdr port finger -keyb/v/h -nav/h winConfig={ mBounds=Rect(0, 0 - 1080, 2159) mAppBounds=Rect(0, 85 - 1080, 2244) mWindowingMode=fullscreen mActivityType=undefined} nonFullScreen=0 suim:1 s.11} for app:com.quvideo.xiaoying
04-28 11:50:50.680 30829 30829 V ActivityThread: callActivityOnCreate
04-28 11:50:50.698 30829 30829 D ActivityThread: add activity client record, r= ActivityRecord{d80a2d7 token=android.os.BinderProxy@12c04d2 {com.quvideo.xiaoying/com.quvideo.xiaoying.templatex.ui.TemplatePackageDetailActivity}} token= android.os.BinderProxy@12c04d2
04-28 11:50:50.716  1162  1242 I chatty  : uid=1000(system) HwGameAssistant expire 2 lines
04-28 11:50:52.860  1814  1908 I HidataAppQoeP: handleStateChanged reason=8
04-28 11:50:52.864  1814  1908 I BrowserChrP: handleStateChanged
04-28 11:50:54.659 30829 30829 V ActivityThread: Skipping new config:{1.0 ?mcc?mnc [zh_CN_#Hans,en_GB,ar_AE] ldltr sw360dp w360dp h719dp 480dpi nrml long hdr port finger -keyb/v/h -nav/h winConfig={ mBounds=Rect(0, 0 - 1080, 2159) mAppBounds=Rect(0, 85 - 1080, 2244) mWindowingMode=fullscreen mActivityType=undefined} nonFullScreen=0 suim:1 s.11}, config:{1.0 ?mcc?mnc [zh_CN_#Hans,en_GB,ar_AE] ldltr sw360dp w360dp h719dp 480dpi nrml long hdr port finger -keyb/v/h -nav/h winConfig={ mBounds=Rect(0, 0 - 1080, 2159) mAppBounds=Rect(0, 85 - 1080, 2244) mWindowingMode=fullscreen mActivityType=undefined} nonFullScreen=0 suim:1 s.11} for app:com.quvideo.xiaoying
04-28 11:50:54.663 30829 30829 V ActivityThread: callActivityOnCreate
04-28 11:50:54.684 30829 30829 D ActivityThread: add activity client record, r= ActivityRecord{f4981fc token=android.os.BinderProxy@811af2b {com.quvideo.xiaoying/com.quvideo.xiaoying.editor.TmpGalleryActivity}} token= android.os.BinderProxy@811af2b
04-28 11:50:54.736  1162  1232 I chatty  : uid=1000(system) ActivityManager expire 1 line
04-28 11:50:54.736  1162  1779 I chatty  : uid=1000(system) MultiTaskManage expire 1 line
04-28 11:50:54.757 31170 31170 D ActivityThread: Attach thread to application
04-28 11:50:54.806  1162  2096 I chatty  : uid=1000(system) Binder:1162_9 expire 3 lines
04-28 11:50:54.853 30829 30829 D ActivityThread: Remove activity client record, r= ActivityRecord{d80a2d7 token=android.os.BinderProxy@12c04d2 {com.quvideo.xiaoying/com.quvideo.xiaoying.templatex.ui.TemplatePackageDetailActivity}} token= android.os.BinderProxy@12c04d2
04-28 11:50:55.260   580   650 W SocketListener: sending broadcast to Pid = 1162, Uid = 1000 
04-28 11:50:56.078   580   646 W SocketListener: sending broadcast to Pid = 1162, Uid = 1000 
04-28 11:50:56.219  1162  1602 I chatty  : uid=1000(system) HwDualSensorEve expire 9 lines
04-28 11:50:57.518  1162  5600 I chatty  : uid=1000(system) Binder:1162_15 expire 16 lines
04-28 11:50:58.866  1814  1908 I HidataAppQoeP: handleStateChanged reason=8
04-28 11:50:58.869  1814  1908 I BrowserChrP: handleStateChanged
04-28 11:50:58.930  1162  1602 I chatty  : uid=1000(system) HwDualSensorEve expire 19 lines
04-28 11:50:59.196  1162 12013 I chatty  : uid=1000(system) Binder:1162_20 expire 35 lines
04-28 11:50:59.215  1162  3944 I chatty  : uid=1000(system) Binder:1162_11 expire 30 lines
04-28 11:50:59.261  1162  1506 I chatty  : uid=1000(system) android.anim expire 15 lines
04-28 11:50:59.612  1162  1227 I chatty  : uid=1000(system) HwActivityManag expire 2 lines
04-28 11:50:59.613 30829 30829 V ActivityThread: Skipping new config:{1.0 ?mcc?mnc [zh_CN_#Hans,en_GB,ar_AE] ldltr sw360dp w360dp h719dp 480dpi nrml long hdr port finger -keyb/v/h -nav/h winConfig={ mBounds=Rect(0, 0 - 1080, 2159) mAppBounds=Rect(0, 85 - 1080, 2244) mWindowingMode=fullscreen mActivityType=undefined} nonFullScreen=0 suim:1 s.11}, config:{1.0 ?mcc?mnc [zh_CN_#Hans,en_GB,ar_AE] ldltr sw360dp w360dp h719dp 480dpi nrml long hdr port finger -keyb/v/h -nav/h winConfig={ mBounds=Rect(0, 0 - 1080, 2159) mAppBounds=Rect(0, 85 - 1080, 2244) mWindowingMode=fullscreen mActivityType=undefined} nonFullScreen=0 suim:1 s.11} for app:com.quvideo.xiaoying
04-28 11:50:59.615 30829 30829 V ActivityThread: callActivityOnCreate
04-28 11:50:59.658 30829 30829 D ActivityThread: add activity client record, r= ActivityRecord{d408154 token=android.os.BinderProxy@a303e8a {com.quvideo.xiaoying/com.quvideo.xiaoying.editorx.EditorActivity}} token= android.os.BinderProxy@a303e8a
04-28 11:50:59.677  1162  2096 I chatty  : uid=1000(system) Binder:1162_9 expire 52 lines
04-28 11:50:59.842  1162  1242 I chatty  : uid=1000(system) HwGameAssistant expire 1 line
04-28 11:50:59.932  1162  2334 I chatty  : uid=1000(system) Binder:1162_C expire 24 lines
04-28 11:50:59.934  1162  1241 I chatty  : uid=1000(system) android.display expire 1 line
04-28 11:51:00.001  1162  1162 I chatty  : uid=1000 system_server expire 3 lines
04-28 11:51:00.195 30829 30829 D ActivityThread: Remove activity client record, r= ActivityRecord{f4981fc token=android.os.BinderProxy@811af2b {com.quvideo.xiaoying/com.quvideo.xiaoying.editor.TmpGalleryActivity}} token= android.os.BinderProxy@811af2b
04-28 11:51:00.987   580   650 W SocketListener: sending broadcast to Pid = 1162, Uid = 1000 
04-28 11:51:00.989  1162  1563 I chatty  : uid=1000(system) NetdConnector expire 10 lines
04-28 11:51:00.995  1162  1239 I chatty  : uid=1000(system) android.fg expire 7 lines
04-28 11:51:01.125   580   646 W SocketListener: sending broadcast to Pid = 1162, Uid = 1000 
04-28 11:51:01.134  1162  1566 I chatty  : uid=1000(system) NetworkStats expire 10 lines
04-28 11:51:03.256   580   646 W SocketListener: sending broadcast to Pid = 1162, Uid = 1000 
04-28 11:51:04.404  1162 12013 I chatty  : uid=1000(system) Binder:1162_20 expire 16 lines
04-28 11:51:04.651  1162  1602 I chatty  : uid=1000(system) HwDualSensorEve expire 37 lines
04-28 11:51:04.775  1162  3944 I chatty  : uid=1000(system) Binder:1162_11 expire 24 lines
04-28 11:51:04.874  1814  1908 I HidataAppQoeP: handleStateChanged reason=8
04-28 11:51:04.880  1814  1908 I BrowserChrP: handleStateChanged
04-28 11:51:05.403  1162  2096 I chatty  : uid=1000(system) Binder:1162_9 expire 24 lines
04-28 11:51:06.140  1162  1514 I chatty  : uid=1000(system) UEventObserver expire 5 lines
04-28 11:51:06.145  1162  1255 I chatty  : uid=1000(system) HwBinder:1162_1 expire 1 line
04-28 11:51:06.375  1162  1162 I chatty  : uid=1000 system_server expire 3 lines
04-28 11:51:06.798  1162  2334 I chatty  : uid=1000(system) Binder:1162_C expire 41 lines
04-28 11:51:06.808  1162  1227 I chatty  : uid=1000(system) HwActivityManag expire 4 lines
04-28 11:51:06.809 30829 30829 V ActivityThread: Skipping new config:{1.0 ?mcc?mnc [zh_CN_#Hans,en_GB,ar_AE] ldltr sw360dp w360dp h719dp 480dpi nrml long hdr port finger -keyb/v/h -nav/h winConfig={ mBounds=Rect(0, 0 - 1080, 2159) mAppBounds=Rect(0, 85 - 1080, 2244) mWindowingMode=fullscreen mActivityType=undefined} nonFullScreen=0 suim:1 s.11}, config:{1.0 ?mcc?mnc [zh_CN_#Hans,en_GB,ar_AE] ldltr sw360dp w360dp h719dp 480dpi nrml long hdr port finger -keyb/v/h -nav/h winConfig={ mBounds=Rect(0, 0 - 1080, 2159) mAppBounds=Rect(0, 85 - 1080, 2244) mWindowingMode=fullscreen mActivityType=undefined} nonFullScreen=0 suim:1 s.11} for app:com.quvideo.xiaoying
04-28 11:51:06.812 30829 30829 V ActivityThread: callActivityOnCreate
04-28 11:51:06.824  1162  5600 I chatty  : uid=1000(system) Binder:1162_15 expire 26 lines
04-28 11:51:06.826 30829 30829 D ActivityThread: add activity client record, r= ActivityRecord{a0ec245 token=android.os.BinderProxy@2e6c65c {com.quvideo.xiaoying/com.quvideo.xiaoying.templatex.ui.TemplatePackageActivity}} token= android.os.BinderProxy@2e6c65c
04-28 11:51:06.838  1162  1242 I chatty  : uid=1000(system) HwGameAssistant expire 2 lines
04-28 11:51:06.894  1162  1506 I chatty  : uid=1000(system) android.anim expire 10 lines
04-28 11:51:06.913  1162  1241 I chatty  : uid=1000(system) android.display expire 2 lines
04-28 11:51:09.107  1162  1745 I chatty  : uid=1000(system) watchdog expire 1 line
04-28 11:51:12.803 30829 30829 V ActivityThread: Skipping new config:{1.0 ?mcc?mnc [zh_CN_#Hans,en_GB,ar_AE] ldltr sw360dp w360dp h719dp 480dpi nrml long hdr port finger -keyb/v/h -nav/h winConfig={ mBounds=Rect(0, 0 - 1080, 2159) mAppBounds=Rect(0, 85 - 1080, 2244) mWindowingMode=fullscreen mActivityType=undefined} nonFullScreen=0 suim:1 s.11}, config:{1.0 ?mcc?mnc [zh_CN_#Hans,en_GB,ar_AE] ldltr sw360dp w360dp h719dp 480dpi nrml long hdr port finger -keyb/v/h -nav/h winConfig={ mBounds=Rect(0, 0 - 1080, 2159) mAppBounds=Rect(0, 85 - 1080, 2244) mWindowingMode=fullscreen mActivityType=undefined} nonFullScreen=0 suim:1 s.11} for app:com.quvideo.xiaoying
04-28 11:51:12.809 30829 30829 V ActivityThread: callActivityOnCreate
04-28 11:51:12.821 30829 30829 D ActivityThread: add activity client record, r= ActivityRecord{f265de9 token=android.os.BinderProxy@bb5dd3c {com.quvideo.xiaoying/com.quvideo.xiaoying.templatex.ui.TemplatePackageDetailActivity}} token= android.os.BinderProxy@bb5dd3c
04-28 11:51:13.630   580   646 W SocketListener: sending broadcast to Pid = 1162, Uid = 1000 
04-28 11:51:13.631  1162  1563 I chatty  : uid=1000(system) NetdConnector expire 8 lines
04-28 11:51:13.633  1162  1239 I chatty  : uid=1000(system) android.fg expire 4 lines
04-28 11:51:13.635  1162  1566 I chatty  : uid=1000(system) NetworkStats expire 10 lines
04-28 11:51:15.632   580   646 W SocketListener: sending broadcast to Pid = 1162, Uid = 1000 
04-28 11:51:15.797  1162  1602 I chatty  : uid=1000(system) HwDualSensorEve expire 42 lines
04-28 11:51:17.160  1162  5600 I chatty  : uid=1000(system) Binder:1162_15 expire 31 lines
04-28 11:51:17.174  1162  1227 I chatty  : uid=1000(system) HwActivityManag expire 4 lines
04-28 11:51:17.189  1162  2096 I chatty  : uid=1000(system) Binder:1162_9 expire 14 lines
04-28 11:51:17.189  1162  1242 I chatty  : uid=1000(system) HwGameAssistant expire 2 lines
04-28 11:51:17.203  1162  3944 I chatty  : uid=1000(system) Binder:1162_11 expire 4 lines
04-28 11:51:17.210  1162  2334 I chatty  : uid=1000(system) Binder:1162_C expire 15 lines
04-28 11:51:17.227  1162 12013 I chatty  : uid=1000(system) Binder:1162_20 expire 33 lines
04-28 11:51:17.260  1162  1506 I chatty  : uid=1000(system) android.anim expire 5 lines
04-28 11:51:17.314  1162  1963 I chatty  : uid=1000(system) Binder:1162_8 expire 12 lines
04-28 11:51:17.526 30829 30829 D ActivityThread: Remove activity client record, r= ActivityRecord{a0ec245 token=android.os.BinderProxy@2e6c65c {com.quvideo.xiaoying/com.quvideo.xiaoying.templatex.ui.TemplatePackageActivity}} token= android.os.BinderProxy@2e6c65c
04-28 11:51:17.546 30829 30829 D ActivityThread: Remove activity client record, r= ActivityRecord{f265de9 token=android.os.BinderProxy@bb5dd3c {com.quvideo.xiaoying/com.quvideo.xiaoying.templatex.ui.TemplatePackageDetailActivity}} token= android.os.BinderProxy@bb5dd3c
04-28 11:51:17.637   580   646 W SocketListener: sending broadcast to Pid = 1162, Uid = 1000 
04-28 11:51:17.637  1162  1563 I chatty  : uid=1000(system) NetdConnector expire 10 lines
04-28 11:51:17.639  1162  1239 I chatty  : uid=1000(system) android.fg expire 9 lines
04-28 11:51:17.640  1162  1566 I chatty  : uid=1000(system) NetworkStats expire 10 lines
04-28 11:51:18.755  1162  1162 I chatty  : uid=1000 system_server expire 4 lines
04-28 11:51:25.468   580   650 W SocketListener: sending broadcast to Pid = 1162, Uid = 1000 
04-28 11:51:28.409   580   646 W SocketListener: sending broadcast to Pid = 1162, Uid = 1000 
04-28 11:51:28.452  1162  1602 I chatty  : uid=1000(system) HwDualSensorEve expire 19 lines
04-28 11:51:30.588   580   646 W SocketListener: sending broadcast to Pid = 1162, Uid = 1000 
04-28 11:51:30.589  1162  1563 I chatty  : uid=1000(system) NetdConnector expire 4 lines
04-28 11:51:30.593  1162  1566 I chatty  : uid=1000(system) NetworkStats expire 5 lines
04-28 11:51:31.566  1162  2334 I chatty  : uid=1000(system) Binder:1162_C expire 4 lines
04-28 11:51:34.175  1162  1602 I chatty  : uid=1000(system) HwDualSensorEve expire 5 lines
04-28 11:51:34.236  1162  2096 I chatty  : uid=1000(system) Binder:1162_9 expire 30 lines
04-28 11:51:34.289  1162  3944 I chatty  : uid=1000(system) Binder:1162_11 expire 15 lines
04-28 11:51:34.302  1814  3885 I BoosterSwitchP: notifyUidState do nothing
04-28 11:51:34.302  1814  3885 I HidataAppQoeP: notifyUidState
04-28 11:51:34.302  1814  3885 I BrowserChrP: notifyUidState
04-28 11:51:34.304  1162  1226 I chatty  : uid=1000(system) android.bg expire 1 line
04-28 11:51:34.306  1814  1826 W ContextImpl: Calling a method in the system process without a qualified user: android.app.ContextImpl.startService:1796 android.content.ContextWrapper.startService:664 com.huawei.appgallery.assistant.service.AppGalleryAssistantService.startHMSService:299 com.huawei.appgallery.assistant.service.AppGalleryAssistantService.notifyHMSBackgroundEvent:285 com.huawei.appgallery.assistant.service.AppGalleryAssistantService.access$1100:32 
04-28 11:51:34.311  1814  3885 I BoosterSwitchP: notifyUidState do nothing
04-28 11:51:34.311  1814  3885 I HidataAppQoeP: notifyUidState
04-28 11:51:34.311  1814  3885 I BrowserChrP: notifyUidState
04-28 11:51:34.318  1162  1227 I chatty  : uid=1000(system) HwActivityManag expire 8 lines
04-28 11:51:34.370  1162 11484 I chatty  : uid=1000(system) Binder:1162_1F expire 4 lines
04-28 11:51:34.372  1162  1244 I chatty  : uid=1000(system) PowerManagerSer expire 4 lines
04-28 11:51:34.377  1162  1506 I chatty  : uid=1000(system) android.anim expire 39 lines
04-28 11:51:34.389  1162 31718 I chatty  : uid=1000 system_server expire 1 line
04-28 11:51:34.393  1814  4841 I BoosterSwitchP: notifyUidState do nothing
04-28 11:51:34.393  1814  4841 I HidataAppQoeP: notifyUidState
04-28 11:51:34.393  1814  4841 I BrowserChrP: notifyUidState
04-28 11:51:34.397  1162  3940 I chatty  : uid=1000(system) Binder:1162_10 expire 9 lines
04-28 11:51:34.400  1162  1229 I chatty  : uid=1000(system) ActivityManager expire 9 lines
04-28 11:51:34.411  1162  1767 I chatty  : uid=1000(system) Binder:1162_6 expire 1 line
04-28 11:51:34.413 22470 22814 I HwNetworkPolicyManager: getHwUidPolicy uid = 10104 policy = 0
04-28 11:51:34.414  1162  1232 I chatty  : uid=1000(system) ActivityManager expire 8 lines
04-28 11:51:34.415  1162  1734 I chatty  : uid=1000(system) Binder:1162_5 expire 13 lines
04-28 11:51:34.417  1162  1242 I chatty  : uid=1000(system) HwGameAssistant expire 2 lines
04-28 11:51:34.440  1162  9307 I chatty  : uid=1000(system) Binder:1162_1B expire 7 lines
04-28 11:51:34.440  1162  1162 I chatty  : uid=1000 system_server expire 4 lines
04-28 11:51:34.445  1814  1814 I HwCoreAppHelperService: LocalReceiver receives:android.intent.action.PACKAGE_RESTARTED,pkg:com.quvideo.xiaoying,uid:10530
04-28 11:51:34.463  1162  3946 I chatty  : uid=1000(system) Binder:1162_12 expire 8 lines
04-28 11:51:34.488 16084 20708 I CommandQueue: updateBarBgColor
04-28 11:51:34.488 16084 20708 D CommandQueue: CommandQueue, setBarBackgroundColor
04-28 11:51:34.494 31726 31726 D ActivityThread: Attach thread to application
04-28 11:51:34.637  1162  1779 I chatty  : uid=1000(system) MultiTaskManage expire 2 lines
04-28 11:51:34.638  1162  1230 I chatty  : uid=1000(system) android.ui expire 1 line
04-28 11:51:34.650  1162 31752 I chatty  : uid=1000 system_server expire 1 line
04-28 11:51:34.664  1162  8733 I chatty  : uid=1000(system) Binder:1162_18 expire 5 lines
04-28 11:51:34.692  1162  1540 I chatty  : uid=1000(system) sManagerService expire 1 line
04-28 11:51:34.693  1814  1826 I BoosterSwitchP: notifyUidState do nothing
04-28 11:51:34.693  1814  1826 I HidataAppQoeP: notifyUidState
04-28 11:51:34.693  1814  1826 I BrowserChrP: notifyUidState
04-28 11:51:34.699  1162 12013 I chatty  : uid=1000(system) Binder:1162_20 expire 2 lines
04-28 11:51:34.700 22470 22814 I HwNetworkPolicyManager: getHwUidPolicy uid = 10530 policy = 0
04-28 11:51:34.736 31726 31786 E ActivityThread: Failed to find provider info for com.facebook.katana.provider.PlatformProvider
04-28 11:51:34.736  1162  1177 I chatty  : uid=1000(system) Binder:1162_2 expire 13 lines
04-28 11:51:34.769 31726 31726 E ActivityThread: Failed to find provider info for com.quvideo.xiaoying.vivasetting
04-28 11:51:34.797  1162  1590 I chatty  : uid=1000(system) Thread-53 expire 2 lines
04-28 11:51:34.837  1162  1241 I chatty  : uid=1000(system) android.display expire 2 lines
04-28 11:51:34.928 31726 31726 V ActivityThread: Skipping new config:{1.0 ?mcc?mnc [zh_CN_#Hans,en_GB,ar_AE] ldltr sw360dp w360dp h719dp 480dpi nrml long hdr port finger -keyb/v/h -nav/h winConfig={ mBounds=Rect(0, 0 - 1080, 2159) mAppBounds=Rect(0, 85 - 1080, 2244) mWindowingMode=fullscreen mActivityType=undefined} nonFullScreen=0 suim:1 s.11}, config:{1.0 ?mcc?mnc [zh_CN_#Hans,en_GB,ar_AE] ldltr sw360dp w360dp h719dp 480dpi nrml long hdr port finger -keyb/v/h -nav/h winConfig={ mBounds=Rect(0, 0 - 1080, 2159) mAppBounds=Rect(0, 85 - 1080, 2244) mWindowingMode=fullscreen mActivityType=undefined} nonFullScreen=0 suim:1 s.11} for app:com.quvideo.xiaoying
04-28 11:51:34.937 31726 31726 V ActivityThread: callActivityOnCreate
04-28 11:51:34.965  1162  2347 I chatty  : uid=1000(system) Binder:1162_D expire 20 lines
04-28 11:51:35.037 31726 31726 D ActivityThread: add activity client record, r= ActivityRecord{1596054 token=android.os.BinderProxy@8b09412 {com.quvideo.xiaoying/com.quvideo.xiaoying.templatex.ui.TemplateCenterActivity}} token= android.os.BinderProxy@8b09412
04-28 11:51:35.055 31895 31895 D ActivityThread: Attach thread to application
04-28 11:51:35.092 31726 31795 E ActivityThread: Failed to find provider info for com.facebook.katana.provider.AttributionIdProvider
04-28 11:51:35.113 16084 20708 I CommandQueue: updateBarBgColor
04-28 11:51:35.114 16084 20708 D CommandQueue: CommandQueue, setBarBackgroundColor
04-28 11:51:35.147  1162  1234 I chatty  : uid=1000(system) ThirdAppHandler expire 2 lines
04-28 11:51:35.151 31895 31951 E ActivityThread: Failed to find provider info for com.tempo.video.edit.DownloadProvider
04-28 11:51:35.153 31895 31951 E ActivityThread: Failed to find provider info for com.quvideo.vivamini.DownloadProvider
04-28 11:51:35.154 31895 31951 E ActivityThread: Failed to find provider info for com.quvideo.slideplus.DownloadProvider
04-28 11:51:35.318 31726 31982 E ActivityThread: Failed to find provider info for com.facebook.katana.provider.AttributionIdProvider
04-28 11:51:35.429  1162  1734 I chatty  : uid=1000(system) Binder:1162_5 expire 18 lines
04-28 11:51:35.432  1814  7167 I BoosterSwitchP: notifyUidState do nothing
04-28 11:51:35.432  1814  7167 I HidataAppQoeP: notifyUidState
04-28 11:51:35.432  1814  7167 I BrowserChrP: notifyUidState
04-28 11:51:35.436  1162  1177 I chatty  : uid=1000(system) Binder:1162_2 expire 19 lines
04-28 11:51:35.680  1162  1602 I chatty  : uid=1000(system) HwDualSensorEve expire 42 lines
04-28 11:51:36.657  1162  2347 I chatty  : uid=1000(system) Binder:1162_D expire 29 lines
04-28 11:51:36.853  1162  1514 I chatty  : uid=1000(system) UEventObserver expire 5 lines
04-28 11:51:36.858  1162  1255 I chatty  : uid=1000(system) HwBinder:1162_1 expire 1 line
04-28 11:51:37.177  1162  1162 I chatty  : uid=1000 system_server expire 1 line
04-28 11:51:39.111  1162  1745 I chatty  : uid=1000(system) watchdog expire 1 line
04-28 11:51:41.666  1162  1227 I chatty  : uid=1000(system) HwActivityManag expire 6 lines
04-28 11:51:41.669 31726 31726 V ActivityThread: Skipping new config:{1.0 ?mcc?mnc [zh_CN_#Hans,en_GB,ar_AE] ldltr sw360dp w360dp h719dp 480dpi nrml long hdr port finger -keyb/v/h -nav/h winConfig={ mBounds=Rect(0, 0 - 1080, 2159) mAppBounds=Rect(0, 85 - 1080, 2244) mWindowingMode=fullscreen mActivityType=undefined} nonFullScreen=0 suim:1 s.11}, config:{1.0 ?mcc?mnc [zh_CN_#Hans,en_GB,ar_AE] ldltr sw360dp w360dp h719dp 480dpi nrml long hdr port finger -keyb/v/h -nav/h winConfig={ mBounds=Rect(0, 0 - 1080, 2159) mAppBounds=Rect(0, 85 - 1080, 2244) mWindowingMode=fullscreen mActivityType=undefined} nonFullScreen=0 suim:1 s.11} for app:com.quvideo.xiaoying
04-28 11:51:41.671 31726 31726 V ActivityThread: callActivityOnCreate
04-28 11:51:41.692 31726 31726 D ActivityThread: add activity client record, r= ActivityRecord{e46c512 token=android.os.BinderProxy@52881 {com.quvideo.xiaoying/com.quvideo.xiaoying.templatex.ui.TemplatePackageActivity}} token= android.os.BinderProxy@52881
04-28 11:51:41.703  1162  1242 I chatty  : uid=1000(system) HwGameAssistant expire 3 lines
04-28 11:51:41.779  1162  3940 I chatty  : uid=1000(system) Binder:1162_10 expire 36 lines
04-28 11:51:41.801  1162  1506 I chatty  : uid=1000(system) android.anim expire 16 lines
04-28 11:51:41.817  1162  1241 I chatty  : uid=1000(system) android.display expire 3 lines
04-28 11:51:43.443  1162  1229 I chatty  : uid=1000(system) ActivityManager expire 1 line
04-28 11:51:44.488 31726 31726 V ActivityThread: Skipping new config:{1.0 ?mcc?mnc [zh_CN_#Hans,en_GB,ar_AE] ldltr sw360dp w360dp h719dp 480dpi nrml long hdr port finger -keyb/v/h -nav/h winConfig={ mBounds=Rect(0, 0 - 1080, 2159) mAppBounds=Rect(0, 85 - 1080, 2244) mWindowingMode=fullscreen mActivityType=undefined} nonFullScreen=0 suim:1 s.11}, config:{1.0 ?mcc?mnc [zh_CN_#Hans,en_GB,ar_AE] ldltr sw360dp w360dp h719dp 480dpi nrml long hdr port finger -keyb/v/h -nav/h winConfig={ mBounds=Rect(0, 0 - 1080, 2159) mAppBounds=Rect(0, 85 - 1080, 2244) mWindowingMode=fullscreen mActivityType=undefined} nonFullScreen=0 suim:1 s.11} for app:com.quvideo.xiaoying
04-28 11:51:44.490 31726 31726 V ActivityThread: callActivityOnCreate
04-28 11:51:44.502 31726 31726 D ActivityThread: add activity client record, r= ActivityRecord{f4c8bc9 token=android.os.BinderProxy@39746ed {com.quvideo.xiaoying/com.quvideo.xiaoying.templatex.ui.TemplatePackageDetailActivity}} token= android.os.BinderProxy@39746ed
