04-27 17:14:01.479  1162  1949 I chatty  : uid=1000(system) Binder:1162_7 expire 12 lines
04-27 17:14:01.605  1162  1234 I chatty  : uid=1000(system) ThirdAppHandler expire 4 lines
04-27 17:14:01.627  1162  1612 I chatty  : uid=1000(system) Binder:1162_3 expire 4 lines
04-27 17:14:02.947   580   646 W SocketListener: sending broadcast to Pid = 1162, Uid = 1000 
04-27 17:14:03.748  1814  1908 I HidataAppQoeP: handleStateChanged reason=8
04-27 17:14:03.752  1814  1908 I BrowserChrP: handleStateChanged
04-27 17:14:03.925  1162  3946 I chatty  : uid=1000(system) Binder:1162_12 expire 4 lines
04-27 17:14:04.675  1162  9181 I chatty  : uid=1000(system) Binder:1162_1A expire 2 lines
04-27 17:14:04.879  1162 12013 I chatty  : uid=1000(system) Binder:1162_20 expire 12 lines
04-27 17:14:05.013   580   646 W SocketListener: sending broadcast to Pid = 1162, Uid = 1000 
04-27 17:14:05.015  1162  1239 I chatty  : uid=1000(system) android.fg expire 10 lines
04-27 17:14:05.017  1162  1566 I chatty  : uid=1000(system) NetworkStats expire 25 lines
04-27 17:14:05.067  1162  1563 I chatty  : uid=1000(system) NetdConnector expire 22 lines
04-27 17:14:05.257  1162  1177 I chatty  : uid=1000(system) Binder:1162_2 expire 14 lines
04-27 17:14:05.264  1162  9181 I chatty  : uid=1000(system) Binder:1162_1A expire 11 lines
04-27 17:14:05.595  1162  1234 I chatty  : uid=1000(system) ThirdAppHandler expire 10 lines
04-27 17:14:06.001  1162  1949 I chatty  : uid=1000(system) Binder:1162_7 expire 10 lines
04-27 17:14:07.016   580   646 W SocketListener: sending broadcast to Pid = 1162, Uid = 1000 
04-27 17:14:07.548  1162  3946 I chatty  : uid=1000(system) Binder:1162_12 expire 16 lines
04-27 17:14:09.031   580   646 W SocketListener: sending broadcast to Pid = 1162, Uid = 1000 
04-27 17:14:11.031   580   646 W SocketListener: sending broadcast to Pid = 1162, Uid = 1000 
04-27 17:14:13.048   580   646 W SocketListener: sending broadcast to Pid = 1162, Uid = 1000 
04-27 17:14:13.927  1162  1162 I chatty  : uid=1000 system_server expire 2 lines
04-27 17:14:14.382  1162  2334 I chatty  : uid=1000(system) Binder:1162_C expire 8 lines
04-27 17:14:15.052   580   646 W SocketListener: sending broadcast to Pid = 1162, Uid = 1000 
04-27 17:14:15.056  1162  1239 I chatty  : uid=1000(system) android.fg expire 8 lines
04-27 17:14:15.058  1162  1566 I chatty  : uid=1000(system) NetworkStats expire 20 lines
04-27 17:14:15.747  1162  1612 I chatty  : uid=1000(system) Binder:1162_3 expire 12 lines
04-27 17:14:17.062   580   646 W SocketListener: sending broadcast to Pid = 1162, Uid = 1000 
04-27 17:14:17.063  1162  1563 I chatty  : uid=1000(system) NetdConnector expire 12 lines
04-27 17:14:17.344  1162  1949 I chatty  : uid=1000(system) Binder:1162_7 expire 26 lines
04-27 17:14:19.069   580   646 W SocketListener: sending broadcast to Pid = 1162, Uid = 1000 
04-27 17:14:19.239  1162  1177 I chatty  : uid=1000(system) Binder:1162_2 expire 3 lines
04-27 17:14:19.416  1162  1234 I chatty  : uid=1000(system) ThirdAppHandler expire 4 lines
04-27 17:14:19.459  1162  9181 I chatty  : uid=1000(system) Binder:1162_1A expire 6 lines
04-27 17:14:21.072   580   646 W SocketListener: sending broadcast to Pid = 1162, Uid = 1000 
04-27 17:14:22.844  1162  3946 I chatty  : uid=1000(system) Binder:1162_12 expire 2 lines
04-27 17:14:22.961  1814  2269 I BoosterSwitchP: notifyUidState do nothing
04-27 17:14:22.961  1814  2269 I HidataAppQoeP: notifyUidState
04-27 17:14:22.961  1814  2269 I BrowserChrP: notifyUidState
04-27 17:14:22.965  1814 23067 W ContextImpl: Calling a method in the system process without a qualified user: android.app.ContextImpl.startService:1796 android.content.ContextWrapper.startService:664 com.huawei.appgallery.assistant.service.AppGalleryAssistantService.startHMSService:299 com.huawei.appgallery.assistant.service.AppGalleryAssistantService.notifyHMSBackgroundEvent:285 com.huawei.appgallery.assistant.service.AppGalleryAssistantService.access$1100:32 
04-27 17:14:22.974  1162  1226 I chatty  : uid=1000(system) android.bg expire 1 line
04-27 17:14:22.982  1162  1227 I chatty  : uid=1000(system) HwActivityManag expire 8 lines
04-27 17:14:22.993  1162  1949 I chatty  : uid=1000(system) Binder:1162_7 expire 13 lines
04-27 17:14:22.997  1814  2269 I BoosterSwitchP: notifyUidState do nothing
04-27 17:14:22.997  1814  2269 I HidataAppQoeP: notifyUidState
04-27 17:14:22.997  1814  2269 I BrowserChrP: notifyUidState
04-27 17:14:23.020  1162  1506 I chatty  : uid=1000(system) android.anim expire 36 lines
04-27 17:14:23.033  1162 12260 I chatty  : uid=1000 system_server expire 1 line
04-27 17:14:23.075   580   646 W SocketListener: sending broadcast to Pid = 1162, Uid = 1000 
04-27 17:14:23.076  1162  1563 I chatty  : uid=1000(system) NetdConnector expire 4 lines
04-27 17:14:23.077  1162  1239 I chatty  : uid=1000(system) android.fg expire 2 lines
04-27 17:14:23.111  1162  1767 I chatty  : uid=1000(system) Binder:1162_6 expire 10 lines
04-27 17:14:23.112  1162  1566 I chatty  : uid=1000(system) NetworkStats expire 5 lines
04-27 17:14:23.130  1162  1230 I chatty  : uid=1000(system) android.ui expire 4 lines
04-27 17:14:23.132  1162 12013 I chatty  : uid=1000(system) Binder:1162_20 expire 5 lines
04-27 17:14:23.167  1814  3885 I BoosterSwitchP: notifyUidState do nothing
04-27 17:14:23.168  1814  3885 I HidataAppQoeP: notifyUidState
04-27 17:14:23.168  1814  3885 I BrowserChrP: notifyUidState
04-27 17:14:23.182  1162  9619 I chatty  : uid=1000(system) Binder:1162_1C expire 16 lines
04-27 17:14:23.183  1162  1244 I chatty  : uid=1000(system) PowerManagerSer expire 7 lines
04-27 17:14:23.192 22470 22814 I HwNetworkPolicyManager: getHwUidPolicy uid = 10104 policy = 0
04-27 17:14:23.226  1162  1237 I chatty  : uid=1000(system) batterystats-wo expire 11 lines
04-27 17:14:23.252  1162  1232 I chatty  : uid=1000(system) ActivityManager expire 8 lines
04-27 17:14:23.261  1162  1162 I chatty  : uid=1000 system_server expire 13 lines
04-27 17:14:23.276  1162  9181 I chatty  : uid=1000(system) Binder:1162_1A expire 12 lines
04-27 17:14:23.281  1814  1814 I HwCoreAppHelperService: LocalReceiver receives:android.intent.action.PACKAGE_RESTARTED,pkg:com.quvideo.xiaoying,uid:10525
04-27 17:14:23.285  1162  1779 I chatty  : uid=1000(system) MultiTaskManage expire 3 lines
04-27 17:14:23.286  1162  1612 I chatty  : uid=1000(system) Binder:1162_3 expire 13 lines
04-27 17:14:23.286  1162  1242 I chatty  : uid=1000(system) HwGameAssistant expire 2 lines
04-27 17:14:23.287  1162  1176 I chatty  : uid=1000(system) Binder:1162_1 expire 6 lines
04-27 17:14:23.300  1814  3885 I BoosterSwitchP: notifyUidState do nothing
04-27 17:14:23.300  1814  3885 I HidataAppQoeP: notifyUidState
04-27 17:14:23.300  1814  3885 I BrowserChrP: notifyUidState
04-27 17:14:23.301  1162  5600 I chatty  : uid=1000(system) Binder:1162_15 expire 1 line
04-27 17:14:23.317 12268 12268 D ActivityThread: Attach thread to application
04-27 17:14:23.337  1162  1577 I chatty  : uid=1000(system) ConnectivitySer expire 2 lines
04-27 17:14:23.338  1162  3946 I chatty  : uid=1000(system) Binder:1162_12 expire 21 lines
04-27 17:14:23.369  1162  1241 I chatty  : uid=1000(system) android.display expire 2 lines
04-27 17:14:23.378  1691  1707 I CommandQueue: updateBarBgColor
04-27 17:14:23.378  1691  1707 D CommandQueue: CommandQueue, setBarBackgroundColor
04-27 17:14:23.426  1162  1590 I chatty  : uid=1000(system) Thread-53 expire 3 lines
04-27 17:14:23.549 12268 12321 E ActivityThread: Failed to find provider info for com.facebook.katana.provider.PlatformProvider
04-27 17:14:23.619 12268 12268 E ActivityThread: Failed to find provider info for com.quvideo.xiaoying.vivasetting
04-27 17:14:23.634  1162  1229 I chatty  : uid=1000(system) ActivityManager expire 4 lines
04-27 17:14:23.875  1814  8307 I BoosterSwitchP: notifyUidState do nothing
04-27 17:14:23.875  1814  8307 I HidataAppQoeP: notifyUidState
04-27 17:14:23.875  1814  8307 I BrowserChrP: notifyUidState
04-27 17:14:23.877  1162  2334 I chatty  : uid=1000(system) Binder:1162_C expire 10 lines
04-27 17:14:23.879  1162  1963 I chatty  : uid=1000(system) Binder:1162_8 expire 8 lines
04-27 17:14:23.885 22470 22814 I HwNetworkPolicyManager: getHwUidPolicy uid = 10525 policy = 0
04-27 17:14:23.895  1162 12374 I chatty  : uid=1000 system_server expire 1 line
04-27 17:14:23.969 12268 12327 E ActivityThread: Failed to find provider info for com.facebook.katana.provider.AttributionIdProvider
04-27 17:14:23.975 12268 12268 V ActivityThread: Skipping new config:{1.0 ?mcc?mnc [zh_CN_#Hans,en_GB,ar_AE] ldltr sw360dp w360dp h719dp 480dpi nrml long hdr port finger -keyb/v/h -nav/h winConfig={ mBounds=Rect(0, 0 - 1080, 2159) mAppBounds=Rect(0, 85 - 1080, 2244) mWindowingMode=fullscreen mActivityType=undefined} nonFullScreen=0 suim:1 s.11}, config:{1.0 ?mcc?mnc [zh_CN_#Hans,en_GB,ar_AE] ldltr sw360dp w360dp h719dp 480dpi nrml long hdr port finger -keyb/v/h -nav/h winConfig={ mBounds=Rect(0, 0 - 1080, 2159) mAppBounds=Rect(0, 85 - 1080, 2244) mWindowingMode=fullscreen mActivityType=undefined} nonFullScreen=0 suim:1 s.11} for app:com.quvideo.xiaoying
04-27 17:14:23.991 12268 12268 V ActivityThread: callActivityOnCreate
04-27 17:14:24.062 12268 12268 D ActivityThread: add activity client record, r= ActivityRecord{50e2624 token=android.os.BinderProxy@602ab1a {com.quvideo.xiaoying/com.quvideo.xiaoying.app.splash.SplashActivity}} token= android.os.BinderProxy@602ab1a
04-27 17:14:24.126 12447 12447 D ActivityThread: Attach thread to application
04-27 17:14:24.159  1691 15317 I CommandQueue: updateBarBgColor
04-27 17:14:24.159  1691 15317 D CommandQueue: CommandQueue, setBarBackgroundColor
04-27 17:14:24.231  1162  1234 I chatty  : uid=1000(system) ThirdAppHandler expire 3 lines
04-27 17:14:24.250 12447 12499 E ActivityThread: Failed to find provider info for com.tempo.video.edit.DownloadProvider
04-27 17:14:24.252 12447 12499 E ActivityThread: Failed to find provider info for com.quvideo.vivamini.DownloadProvider
04-27 17:14:24.254 12447 12499 E ActivityThread: Failed to find provider info for com.quvideo.slideplus.DownloadProvider
04-27 17:14:24.277  1814  3885 I BoosterSwitchP: notifyUidState do nothing
04-27 17:14:24.277  1814  3885 I HidataAppQoeP: notifyUidState
04-27 17:14:24.277  1814  3885 I BrowserChrP: notifyUidState
04-27 17:14:24.287 12268 12531 E ActivityThread: Failed to find provider info for com.facebook.katana.provider.AttributionIdProvider
04-27 17:14:24.495  1162  1612 I chatty  : uid=1000(system) Binder:1162_3 expire 44 lines
04-27 17:14:24.510  1162  9181 I chatty  : uid=1000(system) Binder:1162_1A expire 29 lines
04-27 17:14:24.511  1162  2334 I chatty  : uid=1000(system) Binder:1162_C expire 45 lines
04-27 17:14:24.573  1162  1162 I chatty  : uid=1000 system_server expire 20 lines
04-27 17:14:24.679  1162  1963 I chatty  : uid=1000(system) Binder:1162_8 expire 12 lines
04-27 17:14:24.694  1162  1232 I chatty  : uid=1000(system) ActivityManager expire 1 line
04-27 17:14:24.694  1162  1779 I chatty  : uid=1000(system) MultiTaskManage expire 1 line
04-27 17:14:24.695  1162  3946 I chatty  : uid=1000(system) Binder:1162_12 expire 11 lines
04-27 17:14:24.742 12595 12595 D ActivityThread: Attach thread to application
04-27 17:14:24.777  1162  1767 I chatty  : uid=1000(system) Binder:1162_6 expire 11 lines
04-27 17:14:24.778  1162  1577 I chatty  : uid=1000(system) ConnectivitySer expire 14 lines
04-27 17:14:24.937  1162  1229 I chatty  : uid=1000(system) ActivityManager expire 1 line
04-27 17:14:25.111   580   646 W SocketListener: sending broadcast to Pid = 1162, Uid = 1000 
04-27 17:14:25.111  1162  1563 I chatty  : uid=1000(system) NetdConnector expire 10 lines
04-27 17:14:25.112  1162  1239 I chatty  : uid=1000(system) android.fg expire 7 lines
04-27 17:14:25.113  1162  1566 I chatty  : uid=1000(system) NetworkStats expire 10 lines
04-27 17:14:25.692   580   650 W SocketListener: sending broadcast to Pid = 1162, Uid = 1000 
04-27 17:14:25.818  1162  1514 I chatty  : uid=1000(system) UEventObserver expire 5 lines
04-27 17:14:25.823  1162  1255 I chatty  : uid=1000(system) HwBinder:1162_1 expire 1 line
04-27 17:14:26.382  1162  1244 I chatty  : uid=1000(system) PowerManagerSer expire 3 lines
04-27 17:14:27.183  1162  1227 I chatty  : uid=1000(system) HwActivityManag expire 2 lines
04-27 17:14:27.184 12268 12268 V ActivityThread: Skipping new config:{1.0 ?mcc?mnc [zh_CN_#Hans,en_GB,ar_AE] ldltr sw360dp w360dp h719dp 480dpi nrml long hdr port finger -keyb/v/h -nav/h winConfig={ mBounds=Rect(0, 0 - 1080, 2159) mAppBounds=Rect(0, 85 - 1080, 2244) mWindowingMode=fullscreen mActivityType=undefined} nonFullScreen=0 suim:1 s.11}, config:{1.0 ?mcc?mnc [zh_CN_#Hans,en_GB,ar_AE] ldltr sw360dp w360dp h719dp 480dpi nrml long hdr port finger -keyb/v/h -nav/h winConfig={ mBounds=Rect(0, 0 - 1080, 2159) mAppBounds=Rect(0, 85 - 1080, 2244) mWindowingMode=fullscreen mActivityType=undefined} nonFullScreen=0 suim:1 s.11} for app:com.quvideo.xiaoying
04-27 17:14:27.186 12268 12268 V ActivityThread: callActivityOnCreate
04-27 17:14:27.352 12268 12268 D ActivityThread: add activity client record, r= ActivityRecord{236f9c0 token=android.os.BinderProxy@db5b197 {com.quvideo.xiaoying/com.quvideo.xiaoying.MainActivity}} token= android.os.BinderProxy@db5b197
04-27 17:14:27.420  1162  1242 I chatty  : uid=1000(system) HwGameAssistant expire 1 line
04-27 17:14:27.591  1691 11924 I CommandQueue: updateBarBgColor
04-27 17:14:27.591  1691 11924 D CommandQueue: CommandQueue, setBarBackgroundColor
04-27 17:14:27.752  1162  1506 I chatty  : uid=1000(system) android.anim expire 5 lines
04-27 17:14:27.771  1162  1241 I chatty  : uid=1000(system) android.display expire 1 line
04-27 17:14:27.933   580   646 W SocketListener: sending broadcast to Pid = 1162, Uid = 1000 
04-27 17:14:28.042 12268 12268 D ActivityThread: Remove activity client record, r= ActivityRecord{50e2624 token=android.os.BinderProxy@602ab1a {com.quvideo.xiaoying/com.quvideo.xiaoying.app.splash.SplashActivity}} token= android.os.BinderProxy@602ab1a
04-27 17:14:28.071  1162  1767 I chatty  : uid=1000(system) Binder:1162_6 expire 4 lines
04-27 17:14:28.073  1162  9181 I chatty  : uid=1000(system) Binder:1162_1A expire 25 lines
04-27 17:14:28.099  1162  1612 I chatty  : uid=1000(system) Binder:1162_3 expire 3 lines
04-27 17:14:28.127  1162  3946 I chatty  : uid=1000(system) Binder:1162_12 expire 43 lines
04-27 17:14:28.208  1162  1963 I chatty  : uid=1000(system) Binder:1162_8 expire 62 lines
04-27 17:14:28.260  1162  2334 I chatty  : uid=1000(system) Binder:1162_C expire 37 lines
04-27 17:14:28.474  1162  1234 I chatty  : uid=1000(system) ThirdAppHandler expire 4 lines
04-27 17:14:28.588  1162  1176 I chatty  : uid=1000(system) Binder:1162_1 expire 20 lines
04-27 17:14:29.241  1162  1162 I chatty  : uid=1000 system_server expire 6 lines
04-27 17:14:29.935   580   646 W SocketListener: sending broadcast to Pid = 1162, Uid = 1000 
04-27 17:14:29.937  1162  1563 I chatty  : uid=1000(system) NetdConnector expire 8 lines
04-27 17:14:29.939  1162  1239 I chatty  : uid=1000(system) android.fg expire 4 lines
04-27 17:14:29.941  1162  1566 I chatty  : uid=1000(system) NetworkStats expire 10 lines
04-27 17:14:31.190  1162  1745 I chatty  : uid=1000(system) watchdog expire 1 line
04-27 17:14:31.942   580   646 W SocketListener: sending broadcast to Pid = 1162, Uid = 1000 
04-27 17:14:32.873  1162  1227 I chatty  : uid=1000(system) HwActivityManag expire 2 lines
04-27 17:14:32.880 12268 12268 V ActivityThread: Skipping new config:{1.0 ?mcc?mnc [zh_CN_#Hans,en_GB,ar_AE] ldltr sw360dp w360dp h719dp 480dpi nrml long hdr port finger -keyb/v/h -nav/h winConfig={ mBounds=Rect(0, 0 - 1080, 2159) mAppBounds=Rect(0, 85 - 1080, 2244) mWindowingMode=fullscreen mActivityType=undefined} nonFullScreen=0 suim:1 s.11}, config:{1.0 ?mcc?mnc [zh_CN_#Hans,en_GB,ar_AE] ldltr sw360dp w360dp h719dp 480dpi nrml long hdr port finger -keyb/v/h -nav/h winConfig={ mBounds=Rect(0, 0 - 1080, 2159) mAppBounds=Rect(0, 85 - 1080, 2244) mWindowingMode=fullscreen mActivityType=undefined} nonFullScreen=0 suim:1 s.11} for app:com.quvideo.xiaoying
04-27 17:14:32.885 12268 12268 V ActivityThread: callActivityOnCreate
04-27 17:14:32.908 12268 12268 D ActivityThread: add activity client record, r= ActivityRecord{56d88a8 token=android.os.BinderProxy@e5e2694 {com.quvideo.xiaoying/com.quvideo.xiaoying.app.home8.template.ui.TemplateDetailAct}} token= android.os.BinderProxy@e5e2694
04-27 17:14:32.920  1162  9619 I chatty  : uid=1000(system) Binder:1162_1C expire 6 lines
04-27 17:14:32.922  1162  1242 I chatty  : uid=1000(system) HwGameAssistant expire 2 lines
04-27 17:14:32.961  1691 27884 I CommandQueue: updateBarBgColor
04-27 17:14:32.961  1691 27884 D CommandQueue: CommandQueue, setBarBackgroundColor
04-27 17:14:33.019  1162  1963 I chatty  : uid=1000(system) Binder:1162_8 expire 33 lines
04-27 17:14:33.026  1162  1176 I chatty  : uid=1000(system) Binder:1162_1 expire 15 lines
04-27 17:14:33.035  1162  1162 I chatty  : uid=1000 system_server expire 14 lines
04-27 17:14:33.051  1162  1506 I chatty  : uid=1000(system) android.anim expire 12 lines
04-27 17:14:33.071  1162  1241 I chatty  : uid=1000(system) android.display expire 2 lines
04-27 17:14:33.137  1162  9619 I chatty  : uid=1000(system) Binder:1162_1C expire 11 lines
04-27 17:14:33.164  1162  1767 I chatty  : uid=1000(system) Binder:1162_6 expire 17 lines
04-27 17:14:33.404  1162  2334 I chatty  : uid=1000(system) Binder:1162_C expire 7 lines
04-27 17:14:33.480  1162  9181 I chatty  : uid=1000(system) Binder:1162_1A expire 30 lines
04-27 17:14:33.944   580   646 W SocketListener: sending broadcast to Pid = 1162, Uid = 1000 
04-27 17:14:33.945  1162  1563 I chatty  : uid=1000(system) NetdConnector expire 20 lines
04-27 17:14:33.946  1162  1239 I chatty  : uid=1000(system) android.fg expire 7 lines
04-27 17:14:33.949  1162  1566 I chatty  : uid=1000(system) NetworkStats expire 15 lines
04-27 17:14:34.329  1162  1244 I chatty  : uid=1000(system) PowerManagerSer expire 3 lines
04-27 17:14:34.512  1162  1234 I chatty  : uid=1000(system) ThirdAppHandler expire 6 lines
04-27 17:14:35.975   580   646 W SocketListener: sending broadcast to Pid = 1162, Uid = 1000 
04-27 17:14:36.518  1162  1227 I chatty  : uid=1000(system) HwActivityManag expire 2 lines
04-27 17:14:36.531 12268 12268 V ActivityThread: Skipping new config:{1.0 ?mcc?mnc [zh_CN_#Hans,en_GB,ar_AE] ldltr sw360dp w360dp h719dp 480dpi nrml long hdr port finger -keyb/v/h -nav/h winConfig={ mBounds=Rect(0, 0 - 1080, 2159) mAppBounds=Rect(0, 85 - 1080, 2244) mWindowingMode=fullscreen mActivityType=undefined} nonFullScreen=0 suim:1 s.11}, config:{1.0 ?mcc?mnc [zh_CN_#Hans,en_GB,ar_AE] ldltr sw360dp w360dp h719dp 480dpi nrml long hdr port finger -keyb/v/h -nav/h winConfig={ mBounds=Rect(0, 0 - 1080, 2159) mAppBounds=Rect(0, 85 - 1080, 2244) mWindowingMode=fullscreen mActivityType=undefined} nonFullScreen=0 suim:1 s.11} for app:com.quvideo.xiaoying
04-27 17:14:36.536 12268 12268 V ActivityThread: callActivityOnCreate
04-27 17:14:36.559 12268 12268 D ActivityThread: add activity client record, r= ActivityRecord{662b1b9 token=android.os.BinderProxy@8a8dc38 {com.quvideo.xiaoying/com.quvideo.xiaoying.editor.TmpGalleryActivity}} token= android.os.BinderProxy@8a8dc38
04-27 17:14:36.641  1162  3946 I chatty  : uid=1000(system) Binder:1162_12 expire 12 lines
04-27 17:14:37.005  1162 12891 I chatty  : uid=1000(system) are.mem.default expire 5 lines
04-27 17:14:37.013  1814  8307 I BoosterSwitchP: notifyUidState do nothing
04-27 17:14:37.013  1814  8307 I HidataAppQoeP: notifyUidState
04-27 17:14:37.013  1814  8307 I BrowserChrP: notifyUidState
04-27 17:14:37.024  1814  1814 I HwCoreAppHelperService: LocalReceiver receives:android.intent.action.PACKAGE_RESTARTED,pkg:com.huawei.securitymgr,uid:1000
04-27 17:14:37.421  1162  8832 I chatty  : uid=1000(system) Binder:1162_19 expire 5 lines
04-27 17:14:37.447  1162  1177 I chatty  : uid=1000(system) Binder:1162_2 expire 10 lines
04-27 17:14:37.512  1162  1590 I chatty  : uid=1000(system) Thread-53 expire 1 line
04-27 17:14:37.945  1162  1226 I chatty  : uid=1000(system) android.bg expire 4 lines
04-27 17:14:37.993   580   646 W SocketListener: sending broadcast to Pid = 1162, Uid = 1000 
04-27 17:14:39.997   580   646 W SocketListener: sending broadcast to Pid = 1162, Uid = 1000 
04-27 17:14:40.002  1162  1239 I chatty  : uid=1000(system) android.fg expire 7 lines
04-27 17:14:40.003  1162  1566 I chatty  : uid=1000(system) NetworkStats expire 20 lines
04-27 17:14:40.066  1162  1177 I chatty  : uid=1000(system) Binder:1162_2 expire 24 lines
04-27 17:14:40.069  1162  1563 I chatty  : uid=1000(system) NetdConnector expire 16 lines
04-27 17:14:40.081  1162  9181 I chatty  : uid=1000(system) Binder:1162_1A expire 23 lines
04-27 17:14:40.230  1162  3946 I chatty  : uid=1000(system) Binder:1162_12 expire 26 lines
04-27 17:14:40.235  1162  8832 I chatty  : uid=1000(system) Binder:1162_19 expire 34 lines
04-27 17:14:40.307  1162  1963 I chatty  : uid=1000(system) Binder:1162_8 expire 30 lines
04-27 17:14:40.601  1162  1234 I chatty  : uid=1000(system) ThirdAppHandler expire 9 lines
04-27 17:14:41.226  1162  1162 I chatty  : uid=1000 system_server expire 4 lines
04-27 17:14:41.535  1162  1506 I chatty  : uid=1000(system) android.anim expire 25 lines
04-27 17:14:42.005   580   646 W SocketListener: sending broadcast to Pid = 1162, Uid = 1000 
04-27 17:14:43.449  1162  1176 I chatty  : uid=1000(system) Binder:1162_1 expire 8 lines
04-27 17:14:43.822  1162  1227 I chatty  : uid=1000(system) HwActivityManag expire 2 lines
04-27 17:14:43.858 12268 12268 V ActivityThread: Skipping new config:{1.0 ?mcc?mnc [zh_CN_#Hans,en_GB,ar_AE] ldltr sw360dp w360dp h719dp 480dpi nrml long hdr port finger -keyb/v/h -nav/h winConfig={ mBounds=Rect(0, 0 - 1080, 2159) mAppBounds=Rect(0, 85 - 1080, 2244) mWindowingMode=fullscreen mActivityType=undefined} nonFullScreen=0 suim:1 s.11}, config:{1.0 ?mcc?mnc [zh_CN_#Hans,en_GB,ar_AE] ldltr sw360dp w360dp h719dp 480dpi nrml long hdr port finger -keyb/v/h -nav/h winConfig={ mBounds=Rect(0, 0 - 1080, 2159) mAppBounds=Rect(0, 85 - 1080, 2244) mWindowingMode=fullscreen mActivityType=undefined} nonFullScreen=0 suim:1 s.11} for app:com.quvideo.xiaoying
04-27 17:14:43.863 12268 12268 V ActivityThread: callActivityOnCreate
04-27 17:14:43.934 12268 12268 D ActivityThread: add activity client record, r= ActivityRecord{1a19206 token=android.os.BinderProxy@b8ddf0c {com.quvideo.xiaoying/com.quvideo.xiaoying.editor.slideshow.SlideEditorActivity}} token= android.os.BinderProxy@b8ddf0c
04-27 17:14:43.950  1162  1242 I chatty  : uid=1000(system) HwGameAssistant expire 1 line
04-27 17:14:44.019   580   646 W SocketListener: sending broadcast to Pid = 1162, Uid = 1000 
04-27 17:14:44.064  1162  1241 I chatty  : uid=1000(system) android.display expire 2 lines
04-27 17:14:44.313 12268 12268 D ActivityThread: Remove activity client record, r= ActivityRecord{662b1b9 token=android.os.BinderProxy@8a8dc38 {com.quvideo.xiaoying/com.quvideo.xiaoying.editor.TmpGalleryActivity}} token= android.os.BinderProxy@8a8dc38
04-27 17:14:46.022   580   646 W SocketListener: sending broadcast to Pid = 1162, Uid = 1000 
04-27 17:14:47.080  1162  1176 I chatty  : uid=1000(system) Binder:1162_1 expire 20 lines
04-27 17:14:47.085  1162  8832 I chatty  : uid=1000(system) Binder:1162_19 expire 13 lines
04-27 17:14:48.025   580   646 W SocketListener: sending broadcast to Pid = 1162, Uid = 1000 
04-27 17:14:48.026  1162  1563 I chatty  : uid=1000(system) NetdConnector expire 12 lines
04-27 17:14:48.028  1162  1239 I chatty  : uid=1000(system) android.fg expire 6 lines
04-27 17:14:48.032  1162  1566 I chatty  : uid=1000(system) NetworkStats expire 15 lines
04-27 17:14:48.196  1162  1234 I chatty  : uid=1000(system) ThirdAppHandler expire 7 lines
04-27 17:14:48.251  1162  1963 I chatty  : uid=1000(system) Binder:1162_8 expire 43 lines
04-27 17:14:48.698  1162  1162 I chatty  : uid=1000 system_server expire 1 line
04-27 17:14:48.947  1162  3946 I chatty  : uid=1000(system) Binder:1162_12 expire 32 lines
04-27 17:14:49.283  1162  1506 I chatty  : uid=1000(system) android.anim expire 27 lines
04-27 17:14:49.364  1162  1177 I chatty  : uid=1000(system) Binder:1162_2 expire 20 lines
04-27 17:14:49.512  1162  9181 I chatty  : uid=1000(system) Binder:1162_1A expire 11 lines
04-27 17:14:50.029  1162  3795 I chatty  : uid=1000(system) Binder:1162_F expire 22 lines
04-27 17:14:50.041   580   646 W SocketListener: sending broadcast to Pid = 1162, Uid = 1000 
04-27 17:14:51.232  1162  1227 I chatty  : uid=1000(system) HwActivityManag expire 2 lines
04-27 17:14:51.234 12268 12268 V ActivityThread: Skipping new config:{1.0 ?mcc?mnc [zh_CN_#Hans,en_GB,ar_AE] ldltr sw360dp w360dp h719dp 480dpi nrml long hdr port finger -keyb/v/h -nav/h winConfig={ mBounds=Rect(0, 0 - 1080, 2159) mAppBounds=Rect(0, 85 - 1080, 2244) mWindowingMode=fullscreen mActivityType=undefined} nonFullScreen=0 suim:1 s.11}, config:{1.0 ?mcc?mnc [zh_CN_#Hans,en_GB,ar_AE] ldltr sw360dp w360dp h719dp 480dpi nrml long hdr port finger -keyb/v/h -nav/h winConfig={ mBounds=Rect(0, 0 - 1080, 2159) mAppBounds=Rect(0, 85 - 1080, 2244) mWindowingMode=fullscreen mActivityType=undefined} nonFullScreen=0 suim:1 s.11} for app:com.quvideo.xiaoying
04-27 17:14:51.238 12268 12268 V ActivityThread: callActivityOnCreate
04-27 17:14:51.284 12268 12268 D ActivityThread: add activity client record, r= ActivityRecord{ce9c1d9 token=android.os.BinderProxy@ad91ebf {com.quvideo.xiaoying/com.quvideo.xiaoying.editor.export.beaut.BeautExportActivity}} token= android.os.BinderProxy@ad91ebf
04-27 17:14:51.338  1162  1242 I chatty  : uid=1000(system) HwGameAssistant expire 2 lines
04-27 17:14:51.906 12268 13057 E ActivityThread: Failed to find provider info for com.facebook.katana.provider.AttributionIdProvider
04-27 17:14:52.048   580   646 W SocketListener: sending broadcast to Pid = 1162, Uid = 1000 
04-27 17:14:53.558  1162  1176 I chatty  : uid=1000(system) Binder:1162_1 expire 20 lines
04-27 17:14:53.576  1162  3795 I chatty  : uid=1000(system) Binder:1162_F expire 5 lines
04-27 17:14:54.052   580   646 W SocketListener: sending broadcast to Pid = 1162, Uid = 1000 
04-27 17:14:54.053  1162  1563 I chatty  : uid=1000(system) NetdConnector expire 22 lines
04-27 17:14:54.057  1162  1239 I chatty  : uid=1000(system) android.fg expire 13 lines
04-27 17:14:54.062  1162  1566 I chatty  : uid=1000(system) NetworkStats expire 25 lines
04-27 17:14:54.326  1162  1234 I chatty  : uid=1000(system) ThirdAppHandler expire 9 lines
04-27 17:14:54.372  1162  8832 I chatty  : uid=1000(system) Binder:1162_19 expire 27 lines
04-27 17:14:54.847  1162  3946 I chatty  : uid=1000(system) Binder:1162_12 expire 18 lines
04-27 17:14:54.855  1162  1963 I chatty  : uid=1000(system) Binder:1162_8 expire 29 lines
04-27 17:14:55.901   580   650 W SocketListener: sending broadcast to Pid = 1162, Uid = 1000 
04-27 17:14:56.047  1162  1177 I chatty  : uid=1000(system) Binder:1162_2 expire 11 lines
04-27 17:14:56.075   580   646 W SocketListener: sending broadcast to Pid = 1162, Uid = 1000 
04-27 17:14:56.553  1162  1514 I chatty  : uid=1000(system) UEventObserver expire 5 lines
04-27 17:14:56.564  1162  1255 I chatty  : uid=1000(system) HwBinder:1162_1 expire 1 line
04-27 17:14:58.077   580   646 W SocketListener: sending broadcast to Pid = 1162, Uid = 1000 
04-27 17:14:58.814 12268 13106 E ActivityThread: Failed to find provider info for com.facebook.katana.provider.AttributionIdProvider
04-27 17:14:58.906  1162  1162 I chatty  : uid=1000 system_server expire 5 lines
04-27 17:15:00.104   580   646 W SocketListener: sending broadcast to Pid = 1162, Uid = 1000 
04-27 17:15:01.025  1162  1549 I chatty  : uid=1000(system) InputDispatcher expire 2 lines
04-27 17:15:01.093  1162  1229 I chatty  : uid=1000(system) ActivityManager expire 1 line
04-27 17:15:01.145  1162  1506 I chatty  : uid=1000(system) android.anim expire 15 lines
04-27 17:15:01.192  1162  1745 I chatty  : uid=1000(system) watchdog expire 1 line
04-27 17:15:01.268 12268 12268 D ActivityThread: Remove activity client record, r= ActivityRecord{1a19206 token=android.os.BinderProxy@b8ddf0c {com.quvideo.xiaoying/com.quvideo.xiaoying.editor.slideshow.SlideEditorActivity}} token= android.os.BinderProxy@b8ddf0c
04-27 17:15:02.108   580   646 W SocketListener: sending broadcast to Pid = 1162, Uid = 1000 
04-27 17:15:02.240  1691 11924 I CommandQueue: updateBarBgColor
04-27 17:15:02.240  1691 11924 D CommandQueue: CommandQueue, setBarBackgroundColor
04-27 17:15:02.294 12268 12268 D ActivityThread: Remove activity client record, r= ActivityRecord{56d88a8 token=android.os.BinderProxy@e5e2694 {com.quvideo.xiaoying/com.quvideo.xiaoying.app.home8.template.ui.TemplateDetailAct}} token= android.os.BinderProxy@e5e2694
04-27 17:15:02.327  1162  1227 I chatty  : uid=1000(system) HwActivityManag expire 2 lines
04-27 17:15:02.396  1691 15317 I CommandQueue: updateBarBgColor
04-27 17:15:02.396  1691 15317 D CommandQueue: CommandQueue, setBarBackgroundColor
04-27 17:15:02.598  1814  1908 I HidataAppQoeP: handleStateChanged reason=8
04-27 17:15:02.607  1814  1908 I BrowserChrP: handleStateChanged
04-27 17:15:04.122   580   646 W SocketListener: sending broadcast to Pid = 1162, Uid = 1000 
04-27 17:15:04.124  1162  1563 I chatty  : uid=1000(system) NetdConnector expire 6 lines
04-27 17:15:04.126  1162  1239 I chatty  : uid=1000(system) android.fg expire 2 lines
04-27 17:15:04.129  1162  1566 I chatty  : uid=1000(system) NetworkStats expire 5 lines
04-27 17:15:05.332  1162  1244 I chatty  : uid=1000(system) PowerManagerSer expire 1 line
04-27 17:15:05.454  1162  1226 I chatty  : uid=1000(system) android.bg expire 3 lines
04-27 17:15:06.104  1814  1826 W ContextImpl: Calling a method in the system process without a qualified user: android.app.ContextImpl.startService:1796 android.content.ContextWrapper.startService:664 com.huawei.appgallery.assistant.service.AppGalleryAssistantService.startHMSService:299 com.huawei.appgallery.assistant.service.AppGalleryAssistantService.notifyHMSBackgroundEvent:285 com.huawei.appgallery.assistant.service.AppGalleryAssistantService.access$1100:32 
04-27 17:15:06.105  1814  8307 I BoosterSwitchP: notifyUidState do nothing
04-27 17:15:06.105  1814  8307 I HidataAppQoeP: notifyUidState
04-27 17:15:06.105  1814  8307 I BrowserChrP: notifyUidState
04-27 17:15:06.108  1162  8832 I chatty  : uid=1000(system) Binder:1162_19 expire 19 lines
04-27 17:15:06.139  1162  1227 I chatty  : uid=1000(system) HwActivityManag expire 7 lines
04-27 17:15:06.146   580   646 W SocketListener: sending broadcast to Pid = 1162, Uid = 1000 
04-27 17:15:06.148  1162  1563 I chatty  : uid=1000(system) NetdConnector expire 14 lines
04-27 17:15:06.153  1162  1239 I chatty  : uid=1000(system) android.fg expire 3 lines
04-27 17:15:06.172  1162  1566 I chatty  : uid=1000(system) NetworkStats expire 5 lines
04-27 17:15:06.212  1162  9619 I chatty  : uid=1000(system) Binder:1162_1C expire 14 lines
04-27 17:15:06.221  1162  1244 I chatty  : uid=1000(system) PowerManagerSer expire 7 lines
04-27 17:15:06.263  1162  1506 I chatty  : uid=1000(system) android.anim expire 28 lines
04-27 17:15:06.283  1814  8307 I BoosterSwitchP: notifyUidState do nothing
04-27 17:15:06.283  1814  8307 I HidataAppQoeP: notifyUidState
04-27 17:15:06.283  1814  8307 I BrowserChrP: notifyUidState
04-27 17:15:06.283  1162  1612 I chatty  : uid=1000(system) Binder:1162_3 expire 4 lines
04-27 17:15:06.293  1162  1963 I chatty  : uid=1000(system) Binder:1162_8 expire 1 line
04-27 17:15:06.293 22470 22814 I HwNetworkPolicyManager: getHwUidPolicy uid = 10104 policy = 0
04-27 17:15:06.295  1162  1779 I chatty  : uid=1000(system) MultiTaskManage expire 5 lines
04-27 17:15:06.305  1162  1230 I chatty  : uid=1000(system) android.ui expire 1 line
04-27 17:15:06.321  1162  1162 I chatty  : uid=1000 system_server expire 17 lines
04-27 17:15:06.323  1162  3951 I chatty  : uid=1000(system) Binder:1162_13 expire 1 line
04-27 17:15:06.324  1162  3940 I chatty  : uid=1000(system) Binder:1162_10 expire 1 line
04-27 17:15:06.324  1162  1949 I chatty  : uid=1000(system) Binder:1162_7 expire 11 lines
04-27 17:15:06.326  1162  1242 I chatty  : uid=1000(system) HwGameAssistant expire 2 lines
04-27 17:15:06.330  1814  1814 I HwCoreAppHelperService: LocalReceiver receives:android.intent.action.PACKAGE_RESTARTED,pkg:com.quvideo.xiaoying,uid:10525
04-27 17:15:06.331  1162  1577 I chatty  : uid=1000(system) ConnectivitySer expire 9 lines
04-27 17:15:06.337  1814  4859 I BoosterSwitchP: notifyUidState do nothing
04-27 17:15:06.337  1814  4859 I HidataAppQoeP: notifyUidState
04-27 17:15:06.338  1814  4859 I BrowserChrP: notifyUidState
04-27 17:15:06.339  1814  4859 I BoosterSwitchP: notifyUidState do nothing
04-27 17:15:06.339  1814  4859 I HidataAppQoeP: notifyUidState
04-27 17:15:06.339  1814  4859 I BrowserChrP: notifyUidState
04-27 17:15:06.344  1162  1661 I chatty  : uid=1000(system) Binder:1162_4 expire 16 lines
04-27 17:15:06.344  1162  1568 I chatty  : uid=1000(system) tworkPolicy.uid expire 4 lines
04-27 17:15:06.351  1162  1241 I chatty  : uid=1000(system) android.display expire 2 lines
04-27 17:15:06.396  1691 11924 I CommandQueue: updateBarBgColor
04-27 17:15:06.396  1691 11924 D CommandQueue: CommandQueue, setBarBackgroundColor
04-27 17:15:06.462  1162  3946 I chatty  : uid=1000(system) Binder:1162_12 expire 22 lines
04-27 17:15:06.463  1162  9181 I chatty  : uid=1000(system) Binder:1162_1A expire 8 lines
04-27 17:15:06.569  1162  1590 I chatty  : uid=1000(system) Thread-53 expire 3 lines
04-27 17:15:06.857  1162  1232 I chatty  : uid=1000(system) ActivityManager expire 3 lines
04-27 17:15:06.866  1162 13172 I chatty  : uid=1000 system_server expire 1 line
04-27 17:15:06.867 13159 13159 D ActivityThread: Attach thread to application
04-27 17:15:06.897  1814  1826 I BoosterSwitchP: notifyUidState do nothing
04-27 17:15:06.897  1814  1826 I HidataAppQoeP: notifyUidState
04-27 17:15:06.897  1814  1826 I BrowserChrP: notifyUidState
04-27 17:15:06.900 22470 22814 I HwNetworkPolicyManager: getHwUidPolicy uid = 10525 policy = 0
04-27 17:15:07.025 13159 13208 E ActivityThread: Failed to find provider info for com.facebook.katana.provider.PlatformProvider
04-27 17:15:07.068 13159 13159 E ActivityThread: Failed to find provider info for com.quvideo.xiaoying.vivasetting
04-27 17:15:07.238 13159 13159 V ActivityThread: Skipping new config:{1.0 ?mcc?mnc [zh_CN_#Hans,en_GB,ar_AE] ldltr sw360dp w360dp h719dp 480dpi nrml long hdr port finger -keyb/v/h -nav/h winConfig={ mBounds=Rect(0, 0 - 1080, 2159) mAppBounds=Rect(0, 85 - 1080, 2244) mWindowingMode=fullscreen mActivityType=undefined} nonFullScreen=0 suim:1 s.11}, config:{1.0 ?mcc?mnc [zh_CN_#Hans,en_GB,ar_AE] ldltr sw360dp w360dp h719dp 480dpi nrml long hdr port finger -keyb/v/h -nav/h winConfig={ mBounds=Rect(0, 0 - 1080, 2159) mAppBounds=Rect(0, 85 - 1080, 2244) mWindowingMode=fullscreen mActivityType=undefined} nonFullScreen=0 suim:1 s.11} for app:com.quvideo.xiaoying
04-27 17:15:07.247 13159 13159 V ActivityThread: callActivityOnCreate
04-27 17:15:07.291 13159 13159 D ActivityThread: add activity client record, r= ActivityRecord{46cc5eb token=android.os.BinderProxy@6005c5 {com.quvideo.xiaoying/com.quvideo.xiaoying.app.splash.SplashActivity}} token= android.os.BinderProxy@6005c5
04-27 17:15:07.349  1162  1177 I chatty  : uid=1000(system) Binder:1162_2 expire 11 lines
04-27 17:15:07.373 13334 13334 D ActivityThread: Attach thread to application
04-27 17:15:07.375 13159 13217 E ActivityThread: Failed to find provider info for com.facebook.katana.provider.AttributionIdProvider
04-27 17:15:07.376  1162  2334 I chatty  : uid=1000(system) Binder:1162_C expire 9 lines
04-27 17:15:07.390  1691 15317 I CommandQueue: updateBarBgColor
04-27 17:15:07.391  1691 15317 D CommandQueue: CommandQueue, setBarBackgroundColor
04-27 17:15:07.456  1162  1229 I chatty  : uid=1000(system) ActivityManager expire 1 line
04-27 17:15:07.463  1814  3885 I BoosterSwitchP: notifyUidState do nothing
04-27 17:15:07.463  1814  3885 I HidataAppQoeP: notifyUidState
04-27 17:15:07.463  1814  3885 I BrowserChrP: notifyUidState
04-27 17:15:07.480  1162  1234 I chatty  : uid=1000(system) ThirdAppHandler expire 2 lines
04-27 17:15:07.489 13334 13377 E ActivityThread: Failed to find provider info for com.tempo.video.edit.DownloadProvider
04-27 17:15:07.490 13334 13377 E ActivityThread: Failed to find provider info for com.quvideo.vivamini.DownloadProvider
04-27 17:15:07.492 13334 13377 E ActivityThread: Failed to find provider info for com.quvideo.slideplus.DownloadProvider
04-27 17:15:07.493 13159 13395 E ActivityThread: Failed to find provider info for com.facebook.katana.provider.AttributionIdProvider
04-27 17:15:08.086 13474 13474 D ActivityThread: Attach thread to application
04-27 17:15:08.163   580   646 W SocketListener: sending broadcast to Pid = 1162, Uid = 1000 
04-27 17:15:08.166  1162  1239 I NetworkStats: limitReached
04-27 17:15:08.166  1162  1566 I NetworkStats: performPollLocked, pid = 1162
04-27 17:15:08.182  1162  1566 W NetworkStatsFactory: mStatsXtProcUid: /proc/net/comm/stats does not exist!
04-27 17:15:08.182  1162  1566 D HwNetworkStatsService: hwRecordUidAndProcSnapshotLocked currentTime = 1587978907103
04-27 17:15:08.183  1162  2334 V BroadcastQueue: Finished with ordered broadcast BroadcastRecord{768b080 u0 com.google.android.gms.gcm.ACTION_SCHEDULE}
04-27 17:15:08.184  1162  2334 V BroadcastQueue: Finished with ordered broadcast BroadcastRecord{5a56b9 u0 com.google.android.gms.gcm.ACTION_SCHEDULE}
04-27 17:15:08.200  1162  1566 I NetworkStatsFactory: javaReadNetworkStatsUidAndProcDetail. cost time = 18
04-27 17:15:08.207  1162  1566 D NetdConnector: SND -> {23367 bandwidth setglobalalert 2097152}
04-27 17:15:08.209  1162  1563 D NetdConnector: RCV <- {200 23367 Bandwidth command succeeeded}
04-27 17:15:08.209  1162  1563 D NetdConnector: RCV <- {200 23367 Bandwidth command succeeeded}
04-27 17:15:08.213  1162  1661 W HwAlarmManagerService: isContainsAppUidInWorksource-->happend NameNotFoundException
04-27 17:15:08.214  1162  1661 W HwAlarmManagerService: isContainsAppUidInWorksource-->happend NameNotFoundException
04-27 17:15:08.231  1162  3946 V BroadcastQueue: Finished with ordered broadcast BroadcastRecord{8ee490a u0 com.google.android.gms.gcm.ACTION_SCHEDULE}
04-27 17:15:08.233  1162  3946 V BroadcastQueue: Finished with ordered broadcast BroadcastRecord{f72557b u0 com.google.android.gms.gcm.ACTION_SCHEDULE}
04-27 17:15:08.245  1162  3946 W HwAlarmManagerService: isContainsAppUidInWorksource-->happend NameNotFoundException
04-27 17:15:08.245  1162  3946 W HwAlarmManagerService: isContainsAppUidInWorksource-->happend NameNotFoundException
04-27 17:15:08.288  1162  1949 V BroadcastQueue: Finished with ordered broadcast BroadcastRecord{f0323f1 u0 com.google.android.gms.gcm.ACTION_SCHEDULE}
04-27 17:15:08.290  1162  2334 V BroadcastQueue: Finished with ordered broadcast BroadcastRecord{6afebd6 u0 com.google.android.gms.gcm.ACTION_SCHEDULE}
04-27 17:15:08.301  1162  8832 W HwAlarmManagerService: isContainsAppUidInWorksource-->happend NameNotFoundException
04-27 17:15:08.301  1162  8832 W HwAlarmManagerService: isContainsAppUidInWorksource-->happend NameNotFoundException
04-27 17:15:08.327  1162  2334 D PackageManager: resolve intent for uid:10525, matchs:7, res:ResolveInfo{6be8ec8 com.huawei.android.internal.app/.HwResolverActivity m=0x0}
04-27 17:15:08.329  1162  8832 D PackageManager: resolve intent for uid:10525, matchs:3, res:ResolveInfo{553eb61 com.huawei.appmarket/.service.externalapi.view.ThirdApiActivity m=0x308000}
04-27 17:15:08.371  1162  1229 I ActivityManager: App 10525/com.quvideo.xiaoying targets O+, restricted
04-27 17:15:08.389  1162  8832 D ConnectivityService: listenForNetwork for uid/pid:10525/13159 NetworkRequest [ LISTEN id=871, [ Capabilities: INTERNET&NOT_RESTRICTED&TRUSTED Uid: 10525] ]
04-27 17:15:08.389  1162  1577 D ConnectivityService: rematching NetworkAgentInfo [WIFI () - 104]
04-27 17:15:08.389  1162  1577 D ConnectivityService:  network has: [ Transports: WIFI Capabilities: NOT_METERED&INTERNET&NOT_RESTRICTED&TRUSTED&NOT_VPN&VALIDATED&NOT_ROAMING&FOREGROUND&NOT_CONGESTED&NOT_SUSPENDED LinkUpBandwidth>=1048576Kbps LinkDnBandwidth>=1048576Kbps SignalStrength: -64 SSID: "XY_Employee"]
04-27 17:15:08.389  1162  1577 D ConnectivityService: Network NetworkAgentInfo [WIFI () - 104] was already satisfying request 1. No change.
04-27 17:15:08.389  1162  1577 D ConnectivityService: Network NetworkAgentInfo [WIFI () - 104] was already satisfying request 5. No change.
04-27 17:15:08.389  1162  1577 D ConnectivityService: Network NetworkAgentInfo [WIFI () - 104] was already satisfying request 8. No change.
04-27 17:15:08.389  1162  1577 D ConnectivityService: Network NetworkAgentInfo [WIFI () - 104] was already satisfying request 843. No change.
04-27 17:15:08.389  1162  1577 D ConnectivityService: Network NetworkAgentInfo [WIFI () - 104] was already satisfying request 12. No change.
04-27 17:15:08.411  1162  1177 I AlarmManager: remove alarm:Alarm{1904e3 type 0 when 1587978918357 PendingIntent{478f686: PendingIntentRecord{61ade1b android broadcastIntent}}android} according to operation:4b66ee0
04-27 17:15:08.418  1162  1949 I AlarmManager: remove alarm:Alarm{b22505e type 0 when 1587979164978 PendingIntent{b58eb2: PendingIntentRecord{7475e9c android broadcastIntent}}android} according to operation:8b5a599
04-27 17:15:08.432  1162  1177 I AlarmManager: remove alarm:Alarm{8cd0c3f type 1 when 1587980064984 PendingIntent{916c3b9: PendingIntentRecord{bc361fa android broadcastIntent}}android} according to operation:c3990c
04-27 17:15:08.441  1162  1949 I ActivityManager: App 10525/com.quvideo.xiaoying targets O+, restricted
04-27 17:15:08.458  1162  1162 V SettingsProvider: Notifying for 0: content://settings/system/screen_auto_brightness
04-27 17:15:08.460  1162  1162 V SettingsProvider: Notifying for 0: content://settings/system/screen_brightness
04-27 17:15:08.464  1162  1177 V BroadcastQueue: Finished with ordered broadcast BroadcastRecord{441fb47 u0 com.huawei.android.push.intent.REGISTRATION}
04-27 17:15:08.472  1162  1177 V BroadcastQueue: Finished with ordered broadcast BroadcastRecord{9a4437 u0 com.google.android.gms.gcm.ACTION_SCHEDULE}
04-27 17:15:08.483  1162  8832 V BroadcastQueue: Finished with ordered broadcast BroadcastRecord{c01fda4 u0 com.google.android.gms.gcm.ACTION_SCHEDULE}
04-27 17:15:08.486  1162  8832 V BroadcastQueue: Finished with ordered broadcast BroadcastRecord{3c4ecd3 u0 com.google.android.gms.gcm.ACTION_SCHEDULE}
04-27 17:15:08.493  1162  1949 V BroadcastQueue: Finished with ordered broadcast BroadcastRecord{9335010 u0 com.google.android.gms.gcm.ACTION_SCHEDULE}
04-27 17:15:08.493  1162  8832 W HwAlarmManagerService: isContainsAppUidInWorksource-->happend NameNotFoundException
04-27 17:15:08.493  1162  8832 W HwAlarmManagerService: isContainsAppUidInWorksource-->happend NameNotFoundException
04-27 17:15:08.514  1162  1949 W HwAlarmManagerService: isContainsAppUidInWorksource-->happend NameNotFoundException
04-27 17:15:08.514  1162  1949 W HwAlarmManagerService: isContainsAppUidInWorksource-->happend NameNotFoundException
04-27 17:15:08.529  1162  8832 V BroadcastQueue: Finished with ordered broadcast BroadcastRecord{ee7832f u0 com.google.android.gms.gcm.ACTION_SCHEDULE}
04-27 17:15:08.531  1162  8832 V BroadcastQueue: Finished with ordered broadcast BroadcastRecord{7e55d3c u0 com.google.android.gms.gcm.ACTION_SCHEDULE}
04-27 17:15:08.542  1162  1949 W HwAlarmManagerService: isContainsAppUidInWorksource-->happend NameNotFoundException
04-27 17:15:08.542  1162  1949 W HwAlarmManagerService: isContainsAppUidInWorksource-->happend NameNotFoundException
04-27 17:15:08.573  1162  8832 V BroadcastQueue: Finished with ordered broadcast BroadcastRecord{846ae41 u0 com.google.android.gms.gcm.ACTION_SCHEDULE}
04-27 17:15:08.576  1162  1949 V BroadcastQueue: Finished with ordered broadcast BroadcastRecord{6762fe6 u0 com.google.android.gms.gcm.ACTION_SCHEDULE}
04-27 17:15:08.584  1162  8832 W HwAlarmManagerService: isContainsAppUidInWorksource-->happend NameNotFoundException
04-27 17:15:08.584  1162  8832 W HwAlarmManagerService: isContainsAppUidInWorksource-->happend NameNotFoundException
04-27 17:15:08.603  1814  1908 I HidataAppQoeP: handleStateChanged reason=8
04-27 17:15:08.609  1814  1908 I BrowserChrP: handleStateChanged
04-27 17:15:08.636  1162  1949 V BroadcastQueue: Finished with ordered broadcast BroadcastRecord{eb217d4 u0 com.google.android.gms.gcm.ACTION_SCHEDULE}
04-27 17:15:08.641  1162  1949 V BroadcastQueue: Finished with ordered broadcast BroadcastRecord{70eed7d u0 com.google.android.gms.gcm.ACTION_SCHEDULE}
04-27 17:15:08.655  1162  8832 W HwAlarmManagerService: isContainsAppUidInWorksource-->happend NameNotFoundException
04-27 17:15:08.655  1162  8832 W HwAlarmManagerService: isContainsAppUidInWorksource-->happend NameNotFoundException
04-27 17:15:08.748  1162  2334 V BroadcastQueue: Finished with ordered broadcast BroadcastRecord{d21e479 u0 com.google.android.gms.gcm.ACTION_SCHEDULE}
04-27 17:15:08.758  1162  2334 V BroadcastQueue: Finished with ordered broadcast BroadcastRecord{9a155be u0 com.google.android.gms.gcm.ACTION_SCHEDULE}
04-27 17:15:08.760  1162  1177 W HwAlarmManagerService: isContainsAppUidInWorksource-->happend NameNotFoundException
04-27 17:15:08.760  1162  1177 W HwAlarmManagerService: isContainsAppUidInWorksource-->happend NameNotFoundException
04-27 17:15:08.877  1162  1162 V SettingsProvider: Notifying for 0: content://settings/system/screen_auto_brightness
04-27 17:15:08.879  1162  1162 V SettingsProvider: Notifying for 0: content://settings/system/screen_brightness
04-27 17:15:09.272  1162  1162 V SettingsProvider: Notifying for 0: content://settings/system/screen_auto_brightness
04-27 17:15:09.274  1162  1162 V SettingsProvider: Notifying for 0: content://settings/system/screen_brightness
04-27 17:15:09.393  1162  1162 I HwNormalizedSpline: PowerSavingMode defualtbrightness=48.43306,lux=363.0,mCalibrationRatio=1.2583892
04-27 17:15:09.395  1162  1244 I DisplayPowerController: mPowerRequest.useSmartBacklight : false
04-27 17:15:09.397  1162  1162 V SettingsProvider: Notifying for 0: content://settings/system/spline_offset_brightness_last
04-27 17:15:09.398  1162  1162 V SettingsProvider: Notifying for 0: content://settings/system/spline_last_lux_default_brightness
04-27 17:15:09.400  1162  1162 V SettingsProvider: Notifying for 0: content://settings/system/spline_start_lux_default_brightness
04-27 17:15:09.400  1162  1244 D HwNormalizedRampAnimator: hbm_dimming target=1882 rate=60 duration=3.0
04-27 17:15:09.401  1162  1162 V SettingsProvider: Notifying for 0: content://settings/system/screen_brightness
04-27 17:15:09.409  1162  1162 V SettingsProvider: Notifying for 0: content://settings/system/screen_brightness
04-27 17:15:09.417  1162  1244 D HwNormalizedRampAnimator: hbm_dimming target=1882 rate=60 duration=65.0
04-27 17:15:09.822  1162  1162 V SettingsProvider: Notifying for 0: content://settings/system/screen_auto_brightness
04-27 17:15:09.824  1162  1162 V SettingsProvider: Notifying for 0: content://settings/system/screen_brightness
04-27 17:15:10.200   580   646 W SocketListener: sending broadcast to Pid = 1162, Uid = 1000 
04-27 17:15:10.201  1162  1563 D NetdConnector: RCV <- {601 limit alert globalAlert lo}
04-27 17:15:10.202  1162  1563 D NetdConnector: RCV <- {601 limit alert globalAlert lo}
04-27 17:15:10.203  1162  1239 D NetdConnector: RCV unsolicited event from native daemon, event = 601
04-27 17:15:10.204  1162  1239 I NetworkStats: limitReached
04-27 17:15:10.207  1162  1566 I NetworkStats: performPollLocked, pid = 1162
04-27 17:15:10.233  1162  1566 W NetworkStatsFactory: mStatsXtProcUid: /proc/net/comm/stats does not exist!
04-27 17:15:10.233  1162  1566 D HwNetworkStatsService: hwRecordUidAndProcSnapshotLocked currentTime = 1587978909144
04-27 17:15:10.256  1162  1566 I NetworkStatsFactory: javaReadNetworkStatsUidAndProcDetail. cost time = 23
04-27 17:15:10.263  1162  1566 D NetdConnector: SND -> {23368 bandwidth setglobalalert 2097152}
04-27 17:15:10.265  1162  1563 D NetdConnector: RCV <- {200 23368 Bandwidth command succeeeded}
04-27 17:15:10.265  1162  1563 D NetdConnector: RCV <- {200 23368 Bandwidth command succeeeded}
04-27 17:15:10.307  1162  8832 V BroadcastQueue: Finished with ordered broadcast BroadcastRecord{ba05e96 u0 com.google.android.gms.gcm.ACTION_SCHEDULE}
04-27 17:15:10.315  1162  2334 V BroadcastQueue: Finished with ordered broadcast BroadcastRecord{e1e2a17 u0 com.google.android.gms.gcm.ACTION_SCHEDULE}
04-27 17:15:10.332  1162  8832 V BroadcastQueue: Finished with ordered broadcast BroadcastRecord{8751e04 u0 com.google.android.gms.gcm.ACTION_SCHEDULE}
04-27 17:15:10.337  1162  8832 V BroadcastQueue: Finished with ordered broadcast BroadcastRecord{41b2fed u0 com.google.android.gms.gcm.ACTION_SCHEDULE}
04-27 17:15:10.341  1162  1177 W HwAlarmManagerService: isContainsAppUidInWorksource-->happend NameNotFoundException
04-27 17:15:10.341  1162  1177 W HwAlarmManagerService: isContainsAppUidInWorksource-->happend NameNotFoundException
04-27 17:15:10.351  1162  2334 V BroadcastQueue: Finished with ordered broadcast BroadcastRecord{bd150b3 u0 com.google.android.gms.gcm.ACTION_SCHEDULE}
04-27 17:15:10.354  1162  2334 V BroadcastQueue: Finished with ordered broadcast BroadcastRecord{c281670 u0 com.google.android.gms.gcm.ACTION_SCHEDULE}
04-27 17:15:10.357  1162  2334 W HwAlarmManagerService: isContainsAppUidInWorksource-->happend NameNotFoundException
04-27 17:15:10.357  1162  2334 W HwAlarmManagerService: isContainsAppUidInWorksource-->happend NameNotFoundException
