04-27 17:07:55.169   580   646 W SocketListener: sending broadcast to Pid = 1162, Uid = 1000 
04-27 17:07:55.963  1273  1273 D ActivityThread: Remove activity client record, r= ActivityRecord{d6dee5 token=android.os.BinderProxy@4e1535f {com.quvideo.xiaoying/com.vivavideo.mobile.h5core.ui.H5Activity}} token= android.os.BinderProxy@4e1535f
04-27 17:07:56.399  1273  1273 V ActivityThread: Skipping new config:{1.0 ?mcc?mnc [zh_CN_#Hans,en_GB,ar_AE] ldltr sw360dp w360dp h719dp 480dpi nrml long hdr port finger -keyb/v/h -nav/h winConfig={ mBounds=Rect(0, 0 - 1080, 2159) mAppBounds=Rect(0, 85 - 1080, 2244) mWindowingMode=fullscreen mActivityType=undefined} nonFullScreen=0 suim:1 s.11}, config:{1.0 ?mcc?mnc [zh_CN_#Hans,en_GB,ar_AE] ldltr sw360dp w360dp h719dp 480dpi nrml long hdr port finger -keyb/v/h -nav/h winConfig={ mBounds=Rect(0, 0 - 1080, 2159) mAppBounds=Rect(0, 85 - 1080, 2244) mWindowingMode=fullscreen mActivityType=undefined} nonFullScreen=0 suim:1 s.11} for app:com.quvideo.xiaoying
04-27 17:07:56.402  1273  1273 V ActivityThread: callActivityOnCreate
04-27 17:07:56.448  1273  1273 D ActivityThread: add activity client record, r= ActivityRecord{aba528e token=android.os.BinderProxy@97dd5e8 {com.quvideo.xiaoying/com.quvideo.xiaoying.templatex.ui.TemplateCenterActivity}} token= android.os.BinderProxy@97dd5e8
04-27 17:07:56.473  1691  9800 I CommandQueue: updateBarBgColor
04-27 17:07:56.473  1691  9800 D CommandQueue: CommandQueue, setBarBackgroundColor
04-27 17:07:56.496  1162  1734 I chatty  : uid=1000(system) Binder:1162_5 expire 64 lines
04-27 17:07:56.800  1814  2269 I BoosterSwitchP: notifyUidState do nothing
04-27 17:07:56.800  1814  2269 I HidataAppQoeP: notifyUidState
04-27 17:07:56.800  1814  2269 I BrowserChrP: notifyUidState
04-27 17:07:57.208   580   646 W SocketListener: sending broadcast to Pid = 1162, Uid = 1000 
04-27 17:07:58.217  1162  3951 I chatty  : uid=1000(system) Binder:1162_13 expire 42 lines
04-27 17:07:58.225  1273  1273 V ActivityThread: Skipping new config:{1.0 ?mcc?mnc [zh_CN_#Hans,en_GB,ar_AE] ldltr sw360dp w360dp h719dp 480dpi nrml long hdr port finger -keyb/v/h -nav/h winConfig={ mBounds=Rect(0, 0 - 1080, 2159) mAppBounds=Rect(0, 85 - 1080, 2244) mWindowingMode=fullscreen mActivityType=undefined} nonFullScreen=0 suim:1 s.11}, config:{1.0 ?mcc?mnc [zh_CN_#Hans,en_GB,ar_AE] ldltr sw360dp w360dp h719dp 480dpi nrml long hdr port finger -keyb/v/h -nav/h winConfig={ mBounds=Rect(0, 0 - 1080, 2159) mAppBounds=Rect(0, 85 - 1080, 2244) mWindowingMode=fullscreen mActivityType=undefined} nonFullScreen=0 suim:1 s.11} for app:com.quvideo.xiaoying
04-27 17:07:58.225  1162  1227 I chatty  : uid=1000(system) HwActivityManag expire 6 lines
04-27 17:07:58.227  1273  1273 V ActivityThread: callActivityOnCreate
04-27 17:07:58.240  1273  1273 D ActivityThread: add activity client record, r= ActivityRecord{786008c token=android.os.BinderProxy@cb89039 {com.quvideo.xiaoying/com.quvideo.xiaoying.templatex.ui.TemplatePackageActivity}} token= android.os.BinderProxy@cb89039
04-27 17:07:58.254  1162  2327 I chatty  : uid=1000(system) Binder:1162_B expire 16 lines
04-27 17:07:58.256  1162  1242 I chatty  : uid=1000(system) HwGameAssistant expire 2 lines
04-27 17:07:58.300  1162  1506 I chatty  : uid=1000(system) android.anim expire 15 lines
04-27 17:07:58.304  1162  2171 I chatty  : uid=1000(system) Binder:1162_A expire 43 lines
04-27 17:07:58.320  1162  1241 I chatty  : uid=1000(system) android.display expire 1 line
04-27 17:07:59.036  1162  8832 I chatty  : uid=1000(system) Binder:1162_19 expire 22 lines
04-27 17:07:59.220   580   646 W SocketListener: sending broadcast to Pid = 1162, Uid = 1000 
04-27 17:07:59.221  1162  1563 I chatty  : uid=1000(system) NetdConnector expire 4 lines
04-27 17:07:59.223  1162  1239 I chatty  : uid=1000(system) android.fg expire 2 lines
04-27 17:07:59.226  1162  1566 I chatty  : uid=1000(system) NetworkStats expire 5 lines
04-27 17:07:59.774  1814  2269 I BoosterSwitchP: notifyUidState do nothing
04-27 17:07:59.774  1814  2269 I HidataAppQoeP: notifyUidState
04-27 17:07:59.774  1814  2269 I BrowserChrP: notifyUidState
04-27 17:07:59.803  1814  2269 I BoosterSwitchP: notifyUidState do nothing
04-27 17:07:59.803  1814  2269 I HidataAppQoeP: notifyUidState
04-27 17:07:59.803  1814  2269 I BrowserChrP: notifyUidState
04-27 17:07:59.857  1162  2759 I chatty  : uid=1000 system_server expire 1 line
04-27 17:07:59.885  1162  1176 I chatty  : uid=1000(system) Binder:1162_1 expire 4 lines
04-27 17:07:59.897  1162  1963 I chatty  : uid=1000(system) Binder:1162_8 expire 4 lines
04-27 17:07:59.899  1162  1244 I chatty  : uid=1000(system) PowerManagerSer expire 2 lines
04-27 17:07:59.904  1814  1814 I HwCoreAppHelperService: LocalReceiver receives:android.intent.action.PACKAGE_RESTARTED,pkg:com.quvideo.xiaoying,uid:10525
04-27 17:07:59.912  1162  1232 I chatty  : uid=1000(system) ActivityManager expire 7 lines
04-27 17:07:59.915  1162  1230 I chatty  : uid=1000(system) android.ui expire 1 line
04-27 17:07:59.924  1814  2269 I BoosterSwitchP: notifyUidState do nothing
04-27 17:07:59.924  1814  2269 I HidataAppQoeP: notifyUidState
04-27 17:07:59.924  1814  2269 I BrowserChrP: notifyUidState
04-27 17:07:59.931  1162  1162 I chatty  : uid=1000 system_server expire 3 lines
04-27 17:07:59.946 22470 22814 I HwNetworkPolicyManager: getHwUidPolicy uid = 10104 policy = 0
04-27 17:07:59.948  2764  2764 D ActivityThread: Attach thread to application
04-27 17:07:59.962  1162  1779 I chatty  : uid=1000(system) MultiTaskManage expire 2 lines
04-27 17:07:59.983  1691  9800 I CommandQueue: updateBarBgColor
04-27 17:07:59.983  1691  9800 D CommandQueue: CommandQueue, setBarBackgroundColor
04-27 17:07:59.986  1162  8832 I chatty  : uid=1000(system) Binder:1162_19 expire 45 lines
04-27 17:07:59.990  1162  1506 I chatty  : uid=1000(system) android.anim expire 25 lines
04-27 17:08:00.001  1162  1162 I chatty  : uid=1000 system_server expire 3 lines
04-27 17:08:00.015  1162  1963 I chatty  : uid=1000(system) Binder:1162_8 expire 40 lines
04-27 17:08:00.016  1162  1577 I chatty  : uid=1000(system) ConnectivitySer expire 1 line
04-27 17:08:00.023  1162  3951 I chatty  : uid=1000(system) Binder:1162_13 expire 5 lines
04-27 17:08:00.093  1162  1227 I chatty  : uid=1000(system) HwActivityManag expire 8 lines
04-27 17:08:00.113  1162  2788 I chatty  : uid=1000 system_server expire 1 line
04-27 17:08:00.156  1162  1241 I chatty  : uid=1000(system) android.display expire 3 lines
04-27 17:08:00.158  1814 11059 I BoosterSwitchP: notifyUidState do nothing
04-27 17:08:00.158  1814 11059 I HidataAppQoeP: notifyUidState
04-27 17:08:00.158  1814 11059 I BrowserChrP: notifyUidState
04-27 17:08:00.161  1162  8733 I chatty  : uid=1000(system) Binder:1162_18 expire 40 lines
04-27 17:08:00.162 22470 22814 I HwNetworkPolicyManager: getHwUidPolicy uid = 10525 policy = 0
04-27 17:08:00.162  1162  1244 I chatty  : uid=1000(system) PowerManagerSer expire 2 lines
04-27 17:08:00.165  1162  1177 I chatty  : uid=1000(system) Binder:1162_2 expire 5 lines
04-27 17:08:00.254  1162  1590 I chatty  : uid=1000(system) Thread-53 expire 2 lines
04-27 17:08:00.263  2764  2820 E ActivityThread: Failed to find provider info for com.facebook.katana.provider.PlatformProvider
04-27 17:08:00.279  2764  2764 E ActivityThread: Failed to find provider info for com.quvideo.xiaoying.vivasetting
04-27 17:08:00.448  2764  2764 V ActivityThread: Skipping new config:{1.0 ?mcc?mnc [zh_CN_#Hans,en_GB,ar_AE] ldltr sw360dp w360dp h719dp 480dpi nrml long hdr port finger -keyb/v/h -nav/h winConfig={ mBounds=Rect(0, 0 - 1080, 2159) mAppBounds=Rect(0, 85 - 1080, 2244) mWindowingMode=fullscreen mActivityType=undefined} nonFullScreen=0 suim:1 s.11}, config:{1.0 ?mcc?mnc [zh_CN_#Hans,en_GB,ar_AE] ldltr sw360dp w360dp h719dp 480dpi nrml long hdr port finger -keyb/v/h -nav/h winConfig={ mBounds=Rect(0, 0 - 1080, 2159) mAppBounds=Rect(0, 85 - 1080, 2244) mWindowingMode=fullscreen mActivityType=undefined} nonFullScreen=0 suim:1 s.11} for app:com.quvideo.xiaoying
04-27 17:08:00.454  2764  2764 V ActivityThread: callActivityOnCreate
04-27 17:08:00.542  1162  1232 I chatty  : uid=1000(system) ActivityManager expire 1 line
04-27 17:08:00.554  2764  2764 D ActivityThread: add activity client record, r= ActivityRecord{91065ec token=android.os.BinderProxy@5641099 {com.quvideo.xiaoying/com.quvideo.xiaoying.templatex.ui.TemplateCenterActivity}} token= android.os.BinderProxy@5641099
04-27 17:08:00.561  2955  2955 D ActivityThread: Attach thread to application
04-27 17:08:00.590  1162  1242 I chatty  : uid=1000(system) HwGameAssistant expire 3 lines
04-27 17:08:00.598  2764  2826 E ActivityThread: Failed to find provider info for com.facebook.katana.provider.AttributionIdProvider
04-27 17:08:00.622  1691  9800 I CommandQueue: updateBarBgColor
04-27 17:08:00.623  1691  9800 D CommandQueue: CommandQueue, setBarBackgroundColor
04-27 17:08:00.663  1162  1229 I chatty  : uid=1000(system) ActivityManager expire 1 line
04-27 17:08:00.682  1162  1234 I chatty  : uid=1000(system) ThirdAppHandler expire 1 line
04-27 17:08:00.693  2955  3017 E ActivityThread: Failed to find provider info for com.tempo.video.edit.DownloadProvider
04-27 17:08:00.694  2955  3017 E ActivityThread: Failed to find provider info for com.quvideo.vivamini.DownloadProvider
04-27 17:08:00.696  2955  3017 E ActivityThread: Failed to find provider info for com.quvideo.slideplus.DownloadProvider
04-27 17:08:00.756  1162 11484 I chatty  : uid=1000(system) Binder:1162_1F expire 11 lines
04-27 17:08:00.947  1814 11059 I BoosterSwitchP: notifyUidState do nothing
04-27 17:08:00.947  1814 11059 I HidataAppQoeP: notifyUidState
04-27 17:08:00.947  1814 11059 I BrowserChrP: notifyUidState
04-27 17:08:00.965  2764  3059 E ActivityThread: Failed to find provider info for com.facebook.katana.provider.AttributionIdProvider
04-27 17:08:01.158  1162  1745 I chatty  : uid=1000(system) watchdog expire 1 line
04-27 17:08:01.227   580   646 W SocketListener: sending broadcast to Pid = 1162, Uid = 1000 
04-27 17:08:01.228  1162  1563 I chatty  : uid=1000(system) NetdConnector expire 12 lines
04-27 17:08:01.228  1162  1239 I chatty  : uid=1000(system) android.fg expire 6 lines
04-27 17:08:01.229  1162  1566 I chatty  : uid=1000(system) NetworkStats expire 15 lines
04-27 17:08:01.702  2764  2764 V ActivityThread: Skipping new config:{1.0 ?mcc?mnc [zh_CN_#Hans,en_GB,ar_AE] ldltr sw360dp w360dp h719dp 480dpi nrml long hdr port finger -keyb/v/h -nav/h winConfig={ mBounds=Rect(0, 0 - 1080, 2159) mAppBounds=Rect(0, 85 - 1080, 2244) mWindowingMode=fullscreen mActivityType=undefined} nonFullScreen=0 suim:1 s.11}, config:{1.0 ?mcc?mnc [zh_CN_#Hans,en_GB,ar_AE] ldltr sw360dp w360dp h719dp 480dpi nrml long hdr port finger -keyb/v/h -nav/h winConfig={ mBounds=Rect(0, 0 - 1080, 2159) mAppBounds=Rect(0, 85 - 1080, 2244) mWindowingMode=fullscreen mActivityType=undefined} nonFullScreen=0 suim:1 s.11} for app:com.quvideo.xiaoying
04-27 17:08:01.703  2764  2764 V ActivityThread: callActivityOnCreate
04-27 17:08:01.733  2764  2764 D ActivityThread: add activity client record, r= ActivityRecord{aae1255 token=android.os.BinderProxy@90adf6f {com.quvideo.xiaoying/com.quvideo.xiaoying.templatex.ui.TemplatePackageActivity}} token= android.os.BinderProxy@90adf6f
04-27 17:08:02.456  1162  1176 I chatty  : uid=1000(system) Binder:1162_1 expire 15 lines
04-27 17:08:03.232   580   646 W SocketListener: sending broadcast to Pid = 1162, Uid = 1000 
04-27 17:08:05.236   580   646 W SocketListener: sending broadcast to Pid = 1162, Uid = 1000 
04-27 17:08:07.037  2764  2764 V ActivityThread: Skipping new config:{1.0 ?mcc?mnc [zh_CN_#Hans,en_GB,ar_AE] ldltr sw360dp w360dp h719dp 480dpi nrml long hdr port finger -keyb/v/h -nav/h winConfig={ mBounds=Rect(0, 0 - 1080, 2159) mAppBounds=Rect(0, 85 - 1080, 2244) mWindowingMode=fullscreen mActivityType=undefined} nonFullScreen=0 suim:1 s.11}, config:{1.0 ?mcc?mnc [zh_CN_#Hans,en_GB,ar_AE] ldltr sw360dp w360dp h719dp 480dpi nrml long hdr port finger -keyb/v/h -nav/h winConfig={ mBounds=Rect(0, 0 - 1080, 2159) mAppBounds=Rect(0, 85 - 1080, 2244) mWindowingMode=fullscreen mActivityType=undefined} nonFullScreen=0 suim:1 s.11} for app:com.quvideo.xiaoying
04-27 17:08:07.045  2764  2764 V ActivityThread: callActivityOnCreate
04-27 17:08:07.064  2764  2764 D ActivityThread: add activity client record, r= ActivityRecord{a92991 token=android.os.BinderProxy@11b70d4 {com.quvideo.xiaoying/com.quvideo.xiaoying.templatex.ui.TemplatePackageDetailActivity}} token= android.os.BinderProxy@11b70d4
04-27 17:08:07.125  1162  1506 I chatty  : uid=1000(system) android.anim expire 23 lines
04-27 17:08:07.137  1162  8832 I chatty  : uid=1000(system) Binder:1162_19 expire 20 lines
04-27 17:08:07.169  1162  1241 I chatty  : uid=1000(system) android.display expire 3 lines
04-27 17:08:07.190  1162  1177 I chatty  : uid=1000(system) Binder:1162_2 expire 8 lines
04-27 17:08:07.248   580   646 W SocketListener: sending broadcast to Pid = 1162, Uid = 1000 
04-27 17:08:07.248  1162  1563 I chatty  : uid=1000(system) NetdConnector expire 22 lines
04-27 17:08:07.249  1162  1239 I chatty  : uid=1000(system) android.fg expire 10 lines
04-27 17:08:07.250  1162  1566 I chatty  : uid=1000(system) NetworkStats expire 25 lines
04-27 17:08:07.429  1162  1162 I chatty  : uid=1000 system_server expire 3 lines
04-27 17:08:07.860  1814  1908 I HidataAppQoeP: handleStateChanged reason=8
04-27 17:08:07.864  1814  1908 I BrowserChrP: handleStateChanged
04-27 17:08:09.297   580   646 W SocketListener: sending broadcast to Pid = 1162, Uid = 1000 
04-27 17:08:10.948  1162  8733 I chatty  : uid=1000(system) Binder:1162_18 expire 3 lines
04-27 17:08:11.040  1162  1227 I chatty  : uid=1000(system) HwActivityManag expire 4 lines
04-27 17:08:11.042  2764  2764 V ActivityThread: Skipping new config:{1.0 ?mcc?mnc [zh_CN_#Hans,en_GB,ar_AE] ldltr sw360dp w360dp h719dp 480dpi nrml long hdr port finger -keyb/v/h -nav/h winConfig={ mBounds=Rect(0, 0 - 1080, 2159) mAppBounds=Rect(0, 85 - 1080, 2244) mWindowingMode=fullscreen mActivityType=undefined} nonFullScreen=0 suim:1 s.11}, config:{1.0 ?mcc?mnc [zh_CN_#Hans,en_GB,ar_AE] ldltr sw360dp w360dp h719dp 480dpi nrml long hdr port finger -keyb/v/h -nav/h winConfig={ mBounds=Rect(0, 0 - 1080, 2159) mAppBounds=Rect(0, 85 - 1080, 2244) mWindowingMode=fullscreen mActivityType=undefined} nonFullScreen=0 suim:1 s.11} for app:com.quvideo.xiaoying
04-27 17:08:11.046  2764  2764 V ActivityThread: callActivityOnCreate
04-27 17:08:11.065  2764  2764 D ActivityThread: add activity client record, r= ActivityRecord{22970c9 token=android.os.BinderProxy@1c53270 {com.quvideo.xiaoying/com.quvideo.xiaoying.editor.TmpGalleryActivity}} token= android.os.BinderProxy@1c53270
04-27 17:08:11.100  1162 11484 I chatty  : uid=1000(system) Binder:1162_1F expire 11 lines
04-27 17:08:11.102  1162  3951 I chatty  : uid=1000(system) Binder:1162_13 expire 7 lines
04-27 17:08:11.111  1162  3944 I chatty  : uid=1000(system) Binder:1162_11 expire 29 lines
04-27 17:08:11.119  1162  1232 I chatty  : uid=1000(system) ActivityManager expire 1 line
04-27 17:08:11.119  1162  1779 I chatty  : uid=1000(system) MultiTaskManage expire 1 line
04-27 17:08:11.120  1162  1242 I chatty  : uid=1000(system) HwGameAssistant expire 2 lines
04-27 17:08:11.137  3149  3149 D ActivityThread: Attach thread to application
04-27 17:08:11.151  1162  1963 I chatty  : uid=1000(system) Binder:1162_8 expire 22 lines
04-27 17:08:11.253  2764  2764 D ActivityThread: Remove activity client record, r= ActivityRecord{a92991 token=android.os.BinderProxy@11b70d4 {com.quvideo.xiaoying/com.quvideo.xiaoying.templatex.ui.TemplatePackageDetailActivity}} token= android.os.BinderProxy@11b70d4
04-27 17:08:11.452   580   646 W SocketListener: sending broadcast to Pid = 1162, Uid = 1000 
04-27 17:08:13.546   580   646 W SocketListener: sending broadcast to Pid = 1162, Uid = 1000 
04-27 17:08:13.862  1814  1908 I HidataAppQoeP: handleStateChanged reason=8
04-27 17:08:13.869  1814  1908 I BrowserChrP: handleStateChanged
04-27 17:08:15.554   580   646 W SocketListener: sending broadcast to Pid = 1162, Uid = 1000 
04-27 17:08:15.872  2764  2764 V ActivityThread: Skipping new config:{1.0 ?mcc?mnc [zh_CN_#Hans,en_GB,ar_AE] ldltr sw360dp w360dp h719dp 480dpi nrml long hdr port finger -keyb/v/h -nav/h winConfig={ mBounds=Rect(0, 0 - 1080, 2159) mAppBounds=Rect(0, 85 - 1080, 2244) mWindowingMode=fullscreen mActivityType=undefined} nonFullScreen=0 suim:1 s.11}, config:{1.0 ?mcc?mnc [zh_CN_#Hans,en_GB,ar_AE] ldltr sw360dp w360dp h719dp 480dpi nrml long hdr port finger -keyb/v/h -nav/h winConfig={ mBounds=Rect(0, 0 - 1080, 2159) mAppBounds=Rect(0, 85 - 1080, 2244) mWindowingMode=fullscreen mActivityType=undefined} nonFullScreen=0 suim:1 s.11} for app:com.quvideo.xiaoying
04-27 17:08:15.874  2764  2764 V ActivityThread: callActivityOnCreate
04-27 17:08:15.889  1162  1176 I chatty  : uid=1000(system) Binder:1162_1 expire 51 lines
04-27 17:08:15.914  2764  2764 D ActivityThread: add activity client record, r= ActivityRecord{f37190 token=android.os.BinderProxy@ae2094 {com.quvideo.xiaoying/com.quvideo.xiaoying.editorx.EditorActivity}} token= android.os.BinderProxy@ae2094
04-27 17:08:16.528  2764  2764 D ActivityThread: Remove activity client record, r= ActivityRecord{22970c9 token=android.os.BinderProxy@1c53270 {com.quvideo.xiaoying/com.quvideo.xiaoying.editor.TmpGalleryActivity}} token= android.os.BinderProxy@1c53270
04-27 17:08:17.026  1162  1963 I chatty  : uid=1000(system) Binder:1162_8 expire 20 lines
04-27 17:08:17.187  1162  1514 I chatty  : uid=1000(system) UEventObserver expire 5 lines
04-27 17:08:17.200  1162  1255 I chatty  : uid=1000(system) HwBinder:1162_1 expire 1 line
04-27 17:08:17.280  1162  3944 I chatty  : uid=1000(system) Binder:1162_11 expire 15 lines
04-27 17:08:17.292  1162  8832 I chatty  : uid=1000(system) Binder:1162_19 expire 29 lines
04-27 17:08:17.558   580   646 W SocketListener: sending broadcast to Pid = 1162, Uid = 1000 
04-27 17:08:17.558  1162  1563 I chatty  : uid=1000(system) NetdConnector expire 22 lines
04-27 17:08:17.559  1162  1239 I chatty  : uid=1000(system) android.fg expire 13 lines
04-27 17:08:17.561  1162  1566 I chatty  : uid=1000(system) NetworkStats expire 25 lines
04-27 17:08:19.563   580   646 W SocketListener: sending broadcast to Pid = 1162, Uid = 1000 
04-27 17:08:19.631  1162  1162 I chatty  : uid=1000 system_server expire 2 lines
04-27 17:08:19.870  1814  1908 I HidataAppQoeP: handleStateChanged reason=8
04-27 17:08:19.877  1814  1908 I BrowserChrP: handleStateChanged
04-27 17:08:21.564   580   646 W SocketListener: sending broadcast to Pid = 1162, Uid = 1000 
04-27 17:08:22.684   580   650 W SocketListener: sending broadcast to Pid = 1162, Uid = 1000 
04-27 17:08:23.366  1162  1227 I chatty  : uid=1000(system) HwActivityManag expire 4 lines
04-27 17:08:23.370  2764  2764 V ActivityThread: Skipping new config:{1.0 ?mcc?mnc [zh_CN_#Hans,en_GB,ar_AE] ldltr sw360dp w360dp h719dp 480dpi nrml long hdr port finger -keyb/v/h -nav/h winConfig={ mBounds=Rect(0, 0 - 1080, 2159) mAppBounds=Rect(0, 85 - 1080, 2244) mWindowingMode=fullscreen mActivityType=undefined} nonFullScreen=0 suim:1 s.11}, config:{1.0 ?mcc?mnc [zh_CN_#Hans,en_GB,ar_AE] ldltr sw360dp w360dp h719dp 480dpi nrml long hdr port finger -keyb/v/h -nav/h winConfig={ mBounds=Rect(0, 0 - 1080, 2159) mAppBounds=Rect(0, 85 - 1080, 2244) mWindowingMode=fullscreen mActivityType=undefined} nonFullScreen=0 suim:1 s.11} for app:com.quvideo.xiaoying
04-27 17:08:23.374  2764  2764 V ActivityThread: callActivityOnCreate
04-27 17:08:23.389  2764  2764 D ActivityThread: add activity client record, r= ActivityRecord{3993d90 token=android.os.BinderProxy@87ebfa9 {com.quvideo.xiaoying/com.quvideo.xiaoying.templatex.ui.TemplatePackageActivity}} token= android.os.BinderProxy@87ebfa9
04-27 17:08:23.402  1162  1242 I chatty  : uid=1000(system) HwGameAssistant expire 2 lines
04-27 17:08:23.458  1162  1506 I chatty  : uid=1000(system) android.anim expire 10 lines
04-27 17:08:23.475  1162  1241 I chatty  : uid=1000(system) android.display expire 1 line
04-27 17:08:23.516  1162 10813 I chatty  : uid=1000(system) Binder:1162_1E expire 24 lines
04-27 17:08:23.574   580   646 W SocketListener: sending broadcast to Pid = 1162, Uid = 1000 
04-27 17:08:25.576   580   646 W SocketListener: sending broadcast to Pid = 1162, Uid = 1000 
04-27 17:08:25.878  1814  1908 I HidataAppQoeP: handleStateChanged reason=8
04-27 17:08:25.882  1814  1908 I BrowserChrP: handleStateChanged
04-27 17:08:27.583   580   646 W SocketListener: sending broadcast to Pid = 1162, Uid = 1000 
04-27 17:08:27.584  1162  1563 I chatty  : uid=1000(system) NetdConnector expire 6 lines
04-27 17:08:27.585  1162  1239 I chatty  : uid=1000(system) android.fg expire 4 lines
04-27 17:08:27.588  1162  1566 I chatty  : uid=1000(system) NetworkStats expire 8 lines
04-27 17:08:27.786  1162  1176 I chatty  : uid=1000(system) Binder:1162_1 expire 15 lines
04-27 17:08:27.802  1162  8832 I chatty  : uid=1000(system) Binder:1162_19 expire 8 lines
04-27 17:08:29.481  2764  2764 V ActivityThread: Skipping new config:{1.0 ?mcc?mnc [zh_CN_#Hans,en_GB,ar_AE] ldltr sw360dp w360dp h719dp 480dpi nrml long hdr port finger -keyb/v/h -nav/h winConfig={ mBounds=Rect(0, 0 - 1080, 2159) mAppBounds=Rect(0, 85 - 1080, 2244) mWindowingMode=fullscreen mActivityType=undefined} nonFullScreen=0 suim:1 s.11}, config:{1.0 ?mcc?mnc [zh_CN_#Hans,en_GB,ar_AE] ldltr sw360dp w360dp h719dp 480dpi nrml long hdr port finger -keyb/v/h -nav/h winConfig={ mBounds=Rect(0, 0 - 1080, 2159) mAppBounds=Rect(0, 85 - 1080, 2244) mWindowingMode=fullscreen mActivityType=undefined} nonFullScreen=0 suim:1 s.11} for app:com.quvideo.xiaoying
04-27 17:08:29.483  2764  2764 V ActivityThread: callActivityOnCreate
04-27 17:08:29.495  2764  2764 D ActivityThread: add activity client record, r= ActivityRecord{fd1afed token=android.os.BinderProxy@5aa032f {com.quvideo.xiaoying/com.quvideo.xiaoying.templatex.ui.TemplatePackageDetailActivity}} token= android.os.BinderProxy@5aa032f
04-27 17:08:29.544  1162  3944 I chatty  : uid=1000(system) Binder:1162_11 expire 16 lines
04-27 17:08:29.588   580   646 W SocketListener: sending broadcast to Pid = 1162, Uid = 1000 
04-27 17:08:29.607  1162  1566 I chatty  : uid=1000(system) NetworkStats expire 22 lines
04-27 17:08:29.609  1162 10813 I chatty  : uid=1000(system) Binder:1162_1E expire 34 lines
04-27 17:08:29.613  1162  1563 I chatty  : uid=1000(system) NetdConnector expire 18 lines
04-27 17:08:29.617  1162  1241 I chatty  : uid=1000(system) android.display expire 1 line
04-27 17:08:29.833  1162  1162 I chatty  : uid=1000 system_server expire 9 lines
04-27 17:08:31.162  1162  1745 I chatty  : uid=1000(system) watchdog expire 1 line
04-27 17:08:31.593   580   646 W SocketListener: sending broadcast to Pid = 1162, Uid = 1000 
04-27 17:08:31.596  1162  1239 I chatty  : uid=1000(system) android.fg expire 10 lines
04-27 17:08:33.598   580   646 W SocketListener: sending broadcast to Pid = 1162, Uid = 1000 
04-27 17:08:33.801  1162  1227 I chatty  : uid=1000(system) HwActivityManag expire 4 lines
04-27 17:08:33.811  1162  1242 I chatty  : uid=1000(system) HwGameAssistant expire 2 lines
04-27 17:08:33.827  1162  8832 I chatty  : uid=1000(system) Binder:1162_19 expire 15 lines
04-27 17:08:33.849  1162  1177 I chatty  : uid=1000(system) Binder:1162_2 expire 16 lines
04-27 17:08:33.852  1162  1176 I chatty  : uid=1000(system) Binder:1162_1 expire 21 lines
04-27 17:08:33.888  1162  1506 I chatty  : uid=1000(system) android.anim expire 5 lines
04-27 17:08:34.165  2764  2764 D ActivityThread: Remove activity client record, r= ActivityRecord{3993d90 token=android.os.BinderProxy@87ebfa9 {com.quvideo.xiaoying/com.quvideo.xiaoying.templatex.ui.TemplatePackageActivity}} token= android.os.BinderProxy@87ebfa9
04-27 17:08:34.190  2764  2764 D ActivityThread: Remove activity client record, r= ActivityRecord{fd1afed token=android.os.BinderProxy@5aa032f {com.quvideo.xiaoying/com.quvideo.xiaoying.templatex.ui.TemplatePackageDetailActivity}} token= android.os.BinderProxy@5aa032f
04-27 17:08:35.636   580   646 W SocketListener: sending broadcast to Pid = 1162, Uid = 1000 
04-27 17:08:37.641   580   646 W SocketListener: sending broadcast to Pid = 1162, Uid = 1000 
04-27 17:08:39.046  1162 26133 I chatty  : uid=1000 system_server expire 5 lines
04-27 17:08:39.069  1814  2269 I BoosterSwitchP: notifyUidState do nothing
04-27 17:08:39.069  1814  2269 I HidataAppQoeP: notifyUidState
04-27 17:08:39.069  1814  2269 I BrowserChrP: notifyUidState
04-27 17:08:39.073  1814  1814 I HwCoreAppHelperService: LocalReceiver receives:android.intent.action.PACKAGE_RESTARTED,pkg:com.huawei.camera,uid:10112
04-27 17:08:39.556  1162  1590 I chatty  : uid=1000(system) Thread-53 expire 1 line
04-27 17:08:41.664   580   646 W SocketListener: sending broadcast to Pid = 1162, Uid = 1000 
04-27 17:08:41.666  1162  1563 I chatty  : uid=1000(system) NetdConnector expire 12 lines
04-27 17:08:41.670  1162  1566 I chatty  : uid=1000(system) NetworkStats expire 15 lines
04-27 17:08:43.713  1814  1908 I HidataAppQoeP: handleStateChanged reason=8
04-27 17:08:43.717  1814  1908 I BrowserChrP: handleStateChanged
04-27 17:08:44.263   580   646 W SocketListener: sending broadcast to Pid = 1162, Uid = 1000 
04-27 17:08:44.266  1162  1239 I chatty  : uid=1000(system) android.fg expire 4 lines
04-27 17:08:44.441  1162  1963 I chatty  : uid=1000(system) Binder:1162_8 expire 6 lines
04-27 17:08:44.457  1162  3944 I chatty  : uid=1000(system) Binder:1162_11 expire 9 lines
04-27 17:08:44.486  1162 10813 I chatty  : uid=1000(system) Binder:1162_1E expire 3 lines
04-27 17:08:46.264   580   646 W SocketListener: sending broadcast to Pid = 1162, Uid = 1000 
04-27 17:08:47.889  1162  1514 I chatty  : uid=1000(system) UEventObserver expire 5 lines
04-27 17:08:48.141  1162  1176 I chatty  : uid=1000(system) Binder:1162_1 expire 2 lines
04-27 17:08:48.166  1162  8832 I chatty  : uid=1000(system) Binder:1162_19 expire 6 lines
04-27 17:08:48.285   580   646 W SocketListener: sending broadcast to Pid = 1162, Uid = 1000 
04-27 17:08:48.286  1162  1563 I chatty  : uid=1000(system) NetdConnector expire 8 lines
04-27 17:08:48.288  1162  1239 I chatty  : uid=1000(system) android.fg expire 4 lines
04-27 17:08:48.295  1162  1566 I chatty  : uid=1000(system) NetworkStats expire 10 lines
04-27 17:08:49.714  1814  1908 I HidataAppQoeP: handleStateChanged reason=8
04-27 17:08:49.721  1814  1908 I BrowserChrP: handleStateChanged
04-27 17:08:50.296   580   646 W SocketListener: sending broadcast to Pid = 1162, Uid = 1000 
04-27 17:08:50.643  1162  1162 I chatty  : uid=1000 system_server expire 4 lines
04-27 17:08:50.702  1162  1176 I chatty  : uid=1000(system) Binder:1162_1 expire 30 lines
04-27 17:08:51.012  1162  1963 I chatty  : uid=1000(system) Binder:1162_8 expire 4 lines
04-27 17:08:51.080  1162  1227 I chatty  : uid=1000(system) HwActivityManag expire 8 lines
04-27 17:08:51.091  1162  1506 I chatty  : uid=1000(system) android.anim expire 34 lines
04-27 17:08:51.099  1162  3843 I chatty  : uid=1000 system_server expire 1 line
04-27 17:08:51.130  1814 11059 I BoosterSwitchP: notifyUidState do nothing
04-27 17:08:51.130  1814 11059 I HidataAppQoeP: notifyUidState
04-27 17:08:51.130  1814 11059 I BrowserChrP: notifyUidState
04-27 17:08:51.130  1814 11059 I BoosterSwitchP: notifyUidState do nothing
04-27 17:08:51.130  1814 11059 I HidataAppQoeP: notifyUidState
04-27 17:08:51.130  1814 11059 I BrowserChrP: notifyUidState
04-27 17:08:51.131  1814  1814 I HwCoreAppHelperService: LocalReceiver receives:android.intent.action.PACKAGE_RESTARTED,pkg:com.quvideo.xiaoying,uid:10525
04-27 17:08:51.132  1162  1229 I chatty  : uid=1000(system) ActivityManager expire 9 lines
04-27 17:08:51.133  1814  4859 W ContextImpl: Calling a method in the system process without a qualified user: android.app.ContextImpl.startService:1796 android.content.ContextWrapper.startService:664 com.huawei.appgallery.assistant.service.AppGalleryAssistantService.startHMSService:299 com.huawei.appgallery.assistant.service.AppGalleryAssistantService.notifyHMSBackgroundEvent:285 com.huawei.appgallery.assistant.service.AppGalleryAssistantService.access$1100:32 
04-27 17:08:51.136  1162 11484 I chatty  : uid=1000(system) Binder:1162_1F expire 15 lines
04-27 17:08:51.139  1162  1226 I chatty  : uid=1000(system) android.bg expire 2 lines
04-27 17:08:51.149  1162  1244 I chatty  : uid=1000(system) PowerManagerSer expire 4 lines
04-27 17:08:51.155  1162  3795 I chatty  : uid=1000(system) Binder:1162_F expire 13 lines
04-27 17:08:51.159  1162  3951 I chatty  : uid=1000(system) Binder:1162_13 expire 22 lines
04-27 17:08:51.195  1162  1232 I chatty  : uid=1000(system) ActivityManager expire 8 lines
04-27 17:08:51.205  1162 12013 I chatty  : uid=1000(system) Binder:1162_20 expire 1 line
04-27 17:08:51.216  1814  4859 I BoosterSwitchP: notifyUidState do nothing
04-27 17:08:51.216  1814  4859 I HidataAppQoeP: notifyUidState
04-27 17:08:51.216  1814  4859 I BrowserChrP: notifyUidState
04-27 17:08:51.216  1162 10813 I chatty  : uid=1000(system) Binder:1162_1E expire 7 lines
04-27 17:08:51.219  1162  1242 I chatty  : uid=1000(system) HwGameAssistant expire 2 lines
04-27 17:08:51.221 22470 22814 I HwNetworkPolicyManager: getHwUidPolicy uid = 10104 policy = 0
04-27 17:08:51.258  3851  3851 D ActivityThread: Attach thread to application
04-27 17:08:51.259  1162  1779 I chatty  : uid=1000(system) MultiTaskManage expire 2 lines
04-27 17:08:51.259  1162  5600 I chatty  : uid=1000(system) Binder:1162_15 expire 7 lines
04-27 17:08:51.264  1162  2334 I chatty  : uid=1000(system) Binder:1162_C expire 9 lines
04-27 17:08:51.277  1162  9619 I chatty  : uid=1000(system) Binder:1162_1C expire 15 lines
04-27 17:08:51.293  1691  9800 I CommandQueue: updateBarBgColor
04-27 17:08:51.294  1691  9800 D CommandQueue: CommandQueue, setBarBackgroundColor
04-27 17:08:51.308  1162  1661 I chatty  : uid=1000(system) Binder:1162_4 expire 1 line
04-27 17:08:51.309  1162  3868 I chatty  : uid=1000 system_server expire 1 line
04-27 17:08:51.345  1814  1827 I BoosterSwitchP: notifyUidState do nothing
04-27 17:08:51.345  1814  1827 I HidataAppQoeP: notifyUidState
04-27 17:08:51.345  1814  1827 I BrowserChrP: notifyUidState
04-27 17:08:51.350  1162  2171 I chatty  : uid=1000(system) Binder:1162_A expire 2 lines
04-27 17:08:51.356  1162  1612 I chatty  : uid=1000(system) Binder:1162_3 expire 1 line
04-27 17:08:51.372  1162  1241 I chatty  : uid=1000(system) android.display expire 2 lines
04-27 17:08:51.406 22470 22814 I HwNetworkPolicyManager: getHwUidPolicy uid = 10525 policy = 0
04-27 17:08:51.431  3851  3912 E ActivityThread: Failed to find provider info for com.facebook.katana.provider.PlatformProvider
04-27 17:08:51.473  3851  3851 E ActivityThread: Failed to find provider info for com.quvideo.xiaoying.vivasetting
04-27 17:08:51.555  1162  1590 I chatty  : uid=1000(system) Thread-53 expire 2 lines
04-27 17:08:51.629  3851  3851 V ActivityThread: Skipping new config:{1.0 ?mcc?mnc [zh_CN_#Hans,en_GB,ar_AE] ldltr sw360dp w360dp h719dp 480dpi nrml long hdr port finger -keyb/v/h -nav/h winConfig={ mBounds=Rect(0, 0 - 1080, 2159) mAppBounds=Rect(0, 85 - 1080, 2244) mWindowingMode=fullscreen mActivityType=undefined} nonFullScreen=0 suim:1 s.11}, config:{1.0 ?mcc?mnc [zh_CN_#Hans,en_GB,ar_AE] ldltr sw360dp w360dp h719dp 480dpi nrml long hdr port finger -keyb/v/h -nav/h winConfig={ mBounds=Rect(0, 0 - 1080, 2159) mAppBounds=Rect(0, 85 - 1080, 2244) mWindowingMode=fullscreen mActivityType=undefined} nonFullScreen=0 suim:1 s.11} for app:com.quvideo.xiaoying
04-27 17:08:51.636  3851  3851 V ActivityThread: callActivityOnCreate
04-27 17:08:51.728  3851  3851 D ActivityThread: add activity client record, r= ActivityRecord{422c551 token=android.os.BinderProxy@df0544f {com.quvideo.xiaoying/com.quvideo.xiaoying.templatex.ui.TemplateCenterActivity}} token= android.os.BinderProxy@df0544f
04-27 17:08:51.738  4032  4032 D ActivityThread: Attach thread to application
04-27 17:08:51.792  3851  3918 E ActivityThread: Failed to find provider info for com.facebook.katana.provider.AttributionIdProvider
04-27 17:08:51.803  1691  9800 I CommandQueue: updateBarBgColor
04-27 17:08:51.803  1691  9800 D CommandQueue: CommandQueue, setBarBackgroundColor
04-27 17:08:51.853  1162  1234 I chatty  : uid=1000(system) ThirdAppHandler expire 1 line
04-27 17:08:51.864  4032  4095 E ActivityThread: Failed to find provider info for com.tempo.video.edit.DownloadProvider
04-27 17:08:51.865  4032  4095 E ActivityThread: Failed to find provider info for com.quvideo.vivamini.DownloadProvider
04-27 17:08:51.867  4032  4095 E ActivityThread: Failed to find provider info for com.quvideo.slideplus.DownloadProvider
04-27 17:08:51.995  1162  9619 I chatty  : uid=1000(system) Binder:1162_1C expire 21 lines
04-27 17:08:52.011  1162  3795 I chatty  : uid=1000(system) Binder:1162_F expire 27 lines
04-27 17:08:52.011  1162  1612 I chatty  : uid=1000(system) Binder:1162_3 expire 36 lines
04-27 17:08:52.014  3851  4129 E ActivityThread: Failed to find provider info for com.facebook.katana.provider.AttributionIdProvider
04-27 17:08:52.014  1814  3885 I BoosterSwitchP: notifyUidState do nothing
04-27 17:08:52.014  1814  3885 I HidataAppQoeP: notifyUidState
04-27 17:08:52.014  1814  3885 I BrowserChrP: notifyUidState
04-27 17:08:52.076  1162  1506 I chatty  : uid=1000(system) android.anim expire 14 lines
04-27 17:08:52.162  1162  3951 I chatty  : uid=1000(system) Binder:1162_13 expire 25 lines
04-27 17:08:52.304   580   646 W SocketListener: sending broadcast to Pid = 1162, Uid = 1000 
04-27 17:08:52.305  1162  1563 I chatty  : uid=1000(system) NetdConnector expire 14 lines
04-27 17:08:52.305  1162  1239 I chatty  : uid=1000(system) android.fg expire 11 lines
04-27 17:08:52.306  1162  1566 I chatty  : uid=1000(system) NetworkStats expire 15 lines
04-27 17:08:52.892   580   650 W SocketListener: sending broadcast to Pid = 1162, Uid = 1000 
04-27 17:08:53.842  1162  1162 I chatty  : uid=1000 system_server expire 3 lines
04-27 17:08:58.383  3851  3851 V ActivityThread: Skipping new config:{1.0 ?mcc?mnc [zh_CN_#Hans,en_GB,ar_AE] ldltr sw360dp w360dp h719dp 480dpi nrml long hdr port finger -keyb/v/h -nav/h winConfig={ mBounds=Rect(0, 0 - 1080, 2159) mAppBounds=Rect(0, 85 - 1080, 2244) mWindowingMode=fullscreen mActivityType=undefined} nonFullScreen=0 suim:1 s.11}, config:{1.0 ?mcc?mnc [zh_CN_#Hans,en_GB,ar_AE] ldltr sw360dp w360dp h719dp 480dpi nrml long hdr port finger -keyb/v/h -nav/h winConfig={ mBounds=Rect(0, 0 - 1080, 2159) mAppBounds=Rect(0, 85 - 1080, 2244) mWindowingMode=fullscreen mActivityType=undefined} nonFullScreen=0 suim:1 s.11} for app:com.quvideo.xiaoying
04-27 17:08:58.383  1162  1227 I chatty  : uid=1000(system) HwActivityManag expire 6 lines
04-27 17:08:58.386  3851  3851 V ActivityThread: callActivityOnCreate
04-27 17:08:58.411  3851  3851 D ActivityThread: add activity client record, r= ActivityRecord{f097cd3 token=android.os.BinderProxy@a6b5f98 {com.quvideo.xiaoying/com.quvideo.xiaoying.templatex.ui.TemplatePackageActivity}} token= android.os.BinderProxy@a6b5f98
04-27 17:08:58.420  1162  2171 I chatty  : uid=1000(system) Binder:1162_A expire 16 lines
04-27 17:08:58.422  1162  1242 I chatty  : uid=1000(system) HwGameAssistant expire 3 lines
04-27 17:08:58.529  1162  1241 I chatty  : uid=1000(system) android.display expire 2 lines
04-27 17:08:58.623   580   646 W SocketListener: sending broadcast to Pid = 1162, Uid = 1000 
04-27 17:09:01.165  1162  1745 I chatty  : uid=1000(system) watchdog expire 1 line
04-27 17:09:01.168  3851  3851 V ActivityThread: Skipping new config:{1.0 ?mcc?mnc [zh_CN_#Hans,en_GB,ar_AE] ldltr sw360dp w360dp h719dp 480dpi nrml long hdr port finger -keyb/v/h -nav/h winConfig={ mBounds=Rect(0, 0 - 1080, 2159) mAppBounds=Rect(0, 85 - 1080, 2244) mWindowingMode=fullscreen mActivityType=undefined} nonFullScreen=0 suim:1 s.11}, config:{1.0 ?mcc?mnc [zh_CN_#Hans,en_GB,ar_AE] ldltr sw360dp w360dp h719dp 480dpi nrml long hdr port finger -keyb/v/h -nav/h winConfig={ mBounds=Rect(0, 0 - 1080, 2159) mAppBounds=Rect(0, 85 - 1080, 2244) mWindowingMode=fullscreen mActivityType=undefined} nonFullScreen=0 suim:1 s.11} for app:com.quvideo.xiaoying
04-27 17:09:01.172  3851  3851 V ActivityThread: callActivityOnCreate
04-27 17:09:01.189  3851  3851 D ActivityThread: add activity client record, r= ActivityRecord{744eb01 token=android.os.BinderProxy@dc6722b {com.quvideo.xiaoying/com.quvideo.xiaoying.templatex.ui.TemplatePackageDetailActivity}} token= android.os.BinderProxy@dc6722b
04-27 17:09:01.244   580   646 W SocketListener: sending broadcast to Pid = 1162, Uid = 1000 
04-27 17:09:03.261   580   646 W SocketListener: sending broadcast to Pid = 1162, Uid = 1000 
04-27 17:09:03.262  1162  1563 I chatty  : uid=1000(system) NetdConnector expire 8 lines
04-27 17:09:03.266  1162  1566 I chatty  : uid=1000(system) NetworkStats expire 10 lines
04-27 17:09:03.422  1162  1229 I chatty  : uid=1000(system) ActivityManager expire 1 line
04-27 17:09:05.281   580   646 W SocketListener: sending broadcast to Pid = 1162, Uid = 1000 
04-27 17:09:05.284  1162  1239 I chatty  : uid=1000(system) android.fg expire 2 lines
04-27 17:09:06.589  1162  1612 I chatty  : uid=1000(system) Binder:1162_3 expire 8 lines
04-27 17:09:06.615  1162  9619 I chatty  : uid=1000(system) Binder:1162_1C expire 9 lines
04-27 17:09:06.632  3851  3851 V ActivityThread: Skipping new config:{1.0 ?mcc?mnc [zh_CN_#Hans,en_GB,ar_AE] ldltr sw360dp w360dp h719dp 480dpi nrml long hdr port finger -keyb/v/h -nav/h winConfig={ mBounds=Rect(0, 0 - 1080, 2159) mAppBounds=Rect(0, 85 - 1080, 2244) mWindowingMode=fullscreen mActivityType=undefined} nonFullScreen=0 suim:1 s.11}, config:{1.0 ?mcc?mnc [zh_CN_#Hans,en_GB,ar_AE] ldltr sw360dp w360dp h719dp 480dpi nrml long hdr port finger -keyb/v/h -nav/h winConfig={ mBounds=Rect(0, 0 - 1080, 2159) mAppBounds=Rect(0, 85 - 1080, 2244) mWindowingMode=fullscreen mActivityType=undefined} nonFullScreen=0 suim:1 s.11} for app:com.quvideo.xiaoying
04-27 17:09:06.635  3851  3851 V ActivityThread: callActivityOnCreate
04-27 17:09:06.652  3851  3851 D ActivityThread: add activity client record, r= ActivityRecord{e7a8dfe token=android.os.BinderProxy@9103d20 {com.quvideo.xiaoying/com.quvideo.xiaoying.editor.TmpGalleryActivity}} token= android.os.BinderProxy@9103d20
04-27 17:09:06.707  1162  3795 I chatty  : uid=1000(system) Binder:1162_F expire 1 line
04-27 17:09:06.766  1162  1506 I chatty  : uid=1000(system) android.anim expire 20 lines
04-27 17:09:06.788  1162  1241 I chatty  : uid=1000(system) android.display expire 2 lines
04-27 17:09:06.789  1162  2171 I chatty  : uid=1000(system) Binder:1162_A expire 39 lines
04-27 17:09:06.798  1162  9619 I chatty  : uid=1000(system) Binder:1162_1C expire 25 lines
04-27 17:09:06.899  3851  3851 D ActivityThread: Remove activity client record, r= ActivityRecord{744eb01 token=android.os.BinderProxy@dc6722b {com.quvideo.xiaoying/com.quvideo.xiaoying.templatex.ui.TemplatePackageDetailActivity}} token= android.os.BinderProxy@dc6722b
04-27 17:09:07.541   580   646 W SocketListener: sending broadcast to Pid = 1162, Uid = 1000 
04-27 17:09:07.543  1162  1563 I chatty  : uid=1000(system) NetdConnector expire 16 lines
04-27 17:09:07.545  1162  1239 I chatty  : uid=1000(system) android.fg expire 9 lines
04-27 17:09:07.549  1162  1566 I chatty  : uid=1000(system) NetworkStats expire 20 lines
04-27 17:09:09.573   580   646 W SocketListener: sending broadcast to Pid = 1162, Uid = 1000 
04-27 17:09:11.106  1162  3795 I chatty  : uid=1000(system) Binder:1162_F expire 51 lines
04-27 17:09:11.510  1162  1612 I chatty  : uid=1000(system) Binder:1162_3 expire 56 lines
04-27 17:09:11.517  1162  1227 I chatty  : uid=1000(system) HwActivityManag expire 2 lines
04-27 17:09:11.518  3851  3851 V ActivityThread: Skipping new config:{1.0 ?mcc?mnc [zh_CN_#Hans,en_GB,ar_AE] ldltr sw360dp w360dp h719dp 480dpi nrml long hdr port finger -keyb/v/h -nav/h winConfig={ mBounds=Rect(0, 0 - 1080, 2159) mAppBounds=Rect(0, 85 - 1080, 2244) mWindowingMode=fullscreen mActivityType=undefined} nonFullScreen=0 suim:1 s.11}, config:{1.0 ?mcc?mnc [zh_CN_#Hans,en_GB,ar_AE] ldltr sw360dp w360dp h719dp 480dpi nrml long hdr port finger -keyb/v/h -nav/h winConfig={ mBounds=Rect(0, 0 - 1080, 2159) mAppBounds=Rect(0, 85 - 1080, 2244) mWindowingMode=fullscreen mActivityType=undefined} nonFullScreen=0 suim:1 s.11} for app:com.quvideo.xiaoying
04-27 17:09:11.520  3851  3851 V ActivityThread: callActivityOnCreate
04-27 17:09:11.577  3851  3851 D ActivityThread: add activity client record, r= ActivityRecord{82b83e4 token=android.os.BinderProxy@5cf2ea8 {com.quvideo.xiaoying/com.quvideo.xiaoying.editorx.EditorActivity}} token= android.os.BinderProxy@5cf2ea8
04-27 17:09:11.578   580   646 W SocketListener: sending broadcast to Pid = 1162, Uid = 1000 
04-27 17:09:11.752  1162  1242 I chatty  : uid=1000(system) HwGameAssistant expire 1 line
04-27 17:09:12.107  3851  3851 D ActivityThread: Remove activity client record, r= ActivityRecord{e7a8dfe token=android.os.BinderProxy@9103d20 {com.quvideo.xiaoying/com.quvideo.xiaoying.editor.TmpGalleryActivity}} token= android.os.BinderProxy@9103d20
04-27 17:09:13.584   580   646 W SocketListener: sending broadcast to Pid = 1162, Uid = 1000 
04-27 17:09:14.745  1162  1232 I chatty  : uid=1000(system) ActivityManager expire 1 line
04-27 17:09:14.746  1162  1779 I chatty  : uid=1000(system) MultiTaskManage expire 1 line
04-27 17:09:14.777  4494  4494 D ActivityThread: Attach thread to application
04-27 17:09:14.847  1162  1612 I chatty  : uid=1000(system) Binder:1162_3 expire 17 lines
04-27 17:09:14.853  1162  9619 I chatty  : uid=1000(system) Binder:1162_1C expire 6 lines
04-27 17:09:14.886  1162  2171 I chatty  : uid=1000(system) Binder:1162_A expire 36 lines
04-27 17:09:14.896  1162  3795 I chatty  : uid=1000(system) Binder:1162_F expire 12 lines
04-27 17:09:14.931  1162  3951 I chatty  : uid=1000(system) Binder:1162_13 expire 10 lines
04-27 17:09:15.584   580   646 W SocketListener: sending broadcast to Pid = 1162, Uid = 1000 
04-27 17:09:15.586  1162  1563 I chatty  : uid=1000(system) NetdConnector expire 22 lines
04-27 17:09:15.588  1162  1239 I chatty  : uid=1000(system) android.fg expire 13 lines
04-27 17:09:15.591  1162  1566 I chatty  : uid=1000(system) NetworkStats expire 25 lines
04-27 17:09:16.599  1162  1162 I chatty  : uid=1000 system_server expire 13 lines
04-27 17:09:16.605  1162  1506 I chatty  : uid=1000(system) android.anim expire 20 lines
04-27 17:09:17.588   580   646 W SocketListener: sending broadcast to Pid = 1162, Uid = 1000 
04-27 17:09:18.618  1162  1514 I chatty  : uid=1000(system) UEventObserver expire 5 lines
04-27 17:09:19.595   580   646 W SocketListener: sending broadcast to Pid = 1162, Uid = 1000 
04-27 17:09:21.601   580   646 W SocketListener: sending broadcast to Pid = 1162, Uid = 1000 
04-27 17:09:23.100   580   650 W SocketListener: sending broadcast to Pid = 1162, Uid = 1000 
04-27 17:09:23.340  1162 26133 I chatty  : uid=1000 system_server expire 5 lines
04-27 17:09:23.347  1814  4841 I BoosterSwitchP: notifyUidState do nothing
04-27 17:09:23.347  1814  4841 I HidataAppQoeP: notifyUidState
04-27 17:09:23.347  1814  4841 I BrowserChrP: notifyUidState
04-27 17:09:23.363  1814  1814 I HwCoreAppHelperService: LocalReceiver receives:android.intent.action.PACKAGE_RESTARTED,pkg:com.huawei.securitymgr,uid:1000
04-27 17:09:23.610   580   646 W SocketListener: sending broadcast to Pid = 1162, Uid = 1000 
04-27 17:09:23.792  1162  1661 I chatty  : uid=1000(system) Binder:1162_4 expire 11 lines
04-27 17:09:23.847  1162  1590 I chatty  : uid=1000(system) Thread-53 expire 1 line
04-27 17:09:24.848  1162  1227 I chatty  : uid=1000(system) HwActivityManag expire 8 lines
04-27 17:09:24.859  1162  1242 I chatty  : uid=1000(system) HwGameAssistant expire 3 lines
04-27 17:09:24.934  1814 27666 I BoosterSwitchP: notifyUidState do nothing
04-27 17:09:24.934  1814 27666 I HidataAppQoeP: notifyUidState
04-27 17:09:24.934  1814 27666 I BrowserChrP: notifyUidState
04-27 17:09:24.934  1814  4841 W ContextImpl: Calling a method in the system process without a qualified user: android.app.ContextImpl.startService:1796 android.content.ContextWrapper.startService:664 com.huawei.appgallery.assistant.service.AppGalleryAssistantService.startHMSService:299 com.huawei.appgallery.assistant.service.AppGalleryAssistantService.notifyHMSBackgroundEvent:285 com.huawei.appgallery.assistant.service.AppGalleryAssistantService.backgroundEvent:227 
04-27 17:09:24.936  1162  3951 I chatty  : uid=1000(system) Binder:1162_13 expire 11 lines
04-27 17:09:24.940 22470 22814 I HwNetworkPolicyManager: getHwUidPolicy uid = 10104 policy = 0
04-27 17:09:24.952  1162 10813 I chatty  : uid=1000(system) Binder:1162_1E expire 8 lines
04-27 17:09:24.952  1162  1244 I chatty  : uid=1000(system) PowerManagerSer expire 4 lines
04-27 17:09:24.965  1162  1612 I chatty  : uid=1000(system) Binder:1162_3 expire 7 lines
04-27 17:09:24.973  1162  3795 I chatty  : uid=1000(system) Binder:1162_F expire 1 line
04-27 17:09:24.992  1162  1176 I chatty  : uid=1000(system) Binder:1162_1 expire 7 lines
04-27 17:09:25.049  1691  9800 I CommandQueue: updateBarBgColor
04-27 17:09:25.049  1691  9800 D CommandQueue: CommandQueue, setBarBackgroundColor
04-27 17:09:25.470  1814  3885 I BoosterSwitchP: notifyUidState do nothing
04-27 17:09:25.470  1814  3885 I HidataAppQoeP: notifyUidState
04-27 17:09:25.470  1814  3885 I BrowserChrP: notifyUidState
04-27 17:09:25.470  1814 27666 W ContextImpl: Calling a method in the system process without a qualified user: android.app.ContextImpl.startService:1796 android.content.ContextWrapper.startService:664 com.huawei.appgallery.assistant.service.AppGalleryAssistantService.startHMSService:299 com.huawei.appgallery.assistant.service.AppGalleryAssistantService.notifyHMSBackgroundEvent:285 com.huawei.appgallery.assistant.service.AppGalleryAssistantService.backgroundEvent:227 
04-27 17:09:25.486  3851  3851 D ActivityThread: Remove activity client record, r= ActivityRecord{422c551 token=android.os.BinderProxy@df0544f {com.quvideo.xiaoying/com.quvideo.xiaoying.templatex.ui.TemplateCenterActivity}} token= android.os.BinderProxy@df0544f
04-27 17:09:25.509  1162  1661 I chatty  : uid=1000(system) Binder:1162_4 expire 36 lines
04-27 17:09:25.543  3851  3851 D ActivityThread: Remove activity client record, r= ActivityRecord{f097cd3 token=android.os.BinderProxy@a6b5f98 {com.quvideo.xiaoying/com.quvideo.xiaoying.templatex.ui.TemplatePackageActivity}} token= android.os.BinderProxy@a6b5f98
04-27 17:09:25.572  3851  3851 D ActivityThread: Remove activity client record, r= ActivityRecord{82b83e4 token=android.os.BinderProxy@5cf2ea8 {com.quvideo.xiaoying/com.quvideo.xiaoying.editorx.EditorActivity}} token= android.os.BinderProxy@5cf2ea8
04-27 17:09:25.624   580   646 W SocketListener: sending broadcast to Pid = 1162, Uid = 1000 
04-27 17:09:25.626  1162  1563 I chatty  : uid=1000(system) NetdConnector expire 20 lines
04-27 17:09:25.627  1162  1239 I chatty  : uid=1000(system) android.fg expire 10 lines
04-27 17:09:25.629  1162  1566 I chatty  : uid=1000(system) NetworkStats expire 25 lines
04-27 17:09:25.936  1162  1162 I chatty  : uid=1000 system_server expire 24 lines
04-27 17:09:26.949  1162 10813 I chatty  : uid=1000(system) Binder:1162_1E expire 19 lines
04-27 17:09:27.638   580   646 W SocketListener: sending broadcast to Pid = 1162, Uid = 1000 
04-27 17:09:28.434  1162  1244 I chatty  : uid=1000(system) PowerManagerSer expire 5 lines
04-27 17:09:29.660   580   646 W SocketListener: sending broadcast to Pid = 1162, Uid = 1000 
04-27 17:09:29.957  1162  1227 I chatty  : uid=1000(system) HwActivityManag expire 8 lines
04-27 17:09:29.972  1162  1506 I chatty  : uid=1000(system) android.anim expire 24 lines
04-27 17:09:29.977  1162  4620 I chatty  : uid=1000 system_server expire 1 line
04-27 17:09:29.990  3851  3851 V ActivityThread: Skipping new config:{1.0 ?mcc?mnc [zh_CN_#Hans,en_GB,ar_AE] ldltr sw360dp w360dp h719dp 480dpi nrml long hdr port finger -keyb/v/h -nav/h winConfig={ mBounds=Rect(0, 0 - 1080, 2159) mAppBounds=Rect(0, 85 - 1080, 2244) mWindowingMode=fullscreen mActivityType=undefined} nonFullScreen=0 suim:1 s.11}, config:{1.0 ?mcc?mnc [zh_CN_#Hans,en_GB,ar_AE] ldltr sw360dp w360dp h719dp 480dpi nrml long hdr port finger -keyb/v/h -nav/h winConfig={ mBounds=Rect(0, 0 - 1080, 2159) mAppBounds=Rect(0, 85 - 1080, 2244) mWindowingMode=fullscreen mActivityType=undefined} nonFullScreen=0 suim:1 s.11} for app:com.quvideo.xiaoying
04-27 17:09:29.996  3851  3851 V ActivityThread: callActivityOnCreate
04-27 17:09:30.005  1162  3967 I chatty  : uid=1000(system) Binder:1162_14 expire 3 lines
04-27 17:09:30.008  1814  3885 I BoosterSwitchP: notifyUidState do nothing
04-27 17:09:30.008  1814  3885 I HidataAppQoeP: notifyUidState
04-27 17:09:30.008  1814  3885 I BrowserChrP: notifyUidState
04-27 17:09:30.012  3851  3851 D ActivityThread: add activity client record, r= ActivityRecord{c0d1f34 token=android.os.BinderProxy@e0c6141 {com.quvideo.xiaoying/com.quvideo.xiaoying.templatex.ui.TemplateCenterActivity}} token= android.os.BinderProxy@e0c6141
04-27 17:09:30.014  1162  9619 I chatty  : uid=1000(system) Binder:1162_1C expire 1 line
04-27 17:09:30.016 22470 22814 I HwNetworkPolicyManager: getHwUidPolicy uid = 10525 policy = 0
04-27 17:09:30.035  1162  3795 I chatty  : uid=1000(system) Binder:1162_F expire 18 lines
04-27 17:09:30.037  1162  5600 I chatty  : uid=1000(system) Binder:1162_15 expire 10 lines
04-27 17:09:30.039  1162  1242 I chatty  : uid=1000(system) HwGameAssistant expire 3 lines
04-27 17:09:30.054  1162  1612 I chatty  : uid=1000(system) Binder:1162_3 expire 18 lines
