04-27 17:15:15.424   740 13846 I VDEC    :  IsAdvProfile     = 0
04-27 17:15:15.424   740 13846 I VDEC    :  CodecVersion     = 0
04-27 17:15:15.424   740 13846 I VDEC    :  bReversed        = 0
04-27 17:15:15.424   740 13846 I VDEC    :  SpecMode         = 0
04-27 17:15:15.424   740 13846 I VDEC    :  Priority         = 1
04-27 17:15:15.424   740 13846 I VDEC    :  ErrThreshold     = 100
04-27 17:15:15.424   740 13846 I VDEC    :  DecMode          = 0
04-27 17:15:15.424   740 13846 I VDEC    :  OutputOrder      = 0
04-27 17:15:15.424   740 13846 I VDEC    :  LowdlyEnable     = 0
04-27 17:15:15.424   740 13846 I VDEC    :  CompressEnbale   = 0
04-27 17:15:15.424   740 13846 I VDEC    :  ActInBufNum      = 2
04-27 17:15:15.424   740 13846 I VDEC    :  ActInBufSize     = 2097152
04-27 17:15:15.424   740 13846 I VDEC    : 
04-27 17:15:15.424   740 13846 I VDEC    : pchan->frame_rate 20, width 640, height 368, chan_num 1, needHighFreq 0, needNormFreq 0
04-27 17:15:15.424 24603 12214 W AccessibilityInteractionClient: old interaction Id is: -1,current interaction Id is:788
04-27 17:15:15.430 24603 12214 W QueryController: Could not detect idle state.
04-27 17:15:15.432 24603 12214 W AccessibilityInteractionClient: old interaction Id is: -1,current interaction Id is:789
04-27 17:15:15.433 24603 12214 W QueryController: Could not detect idle state.
04-27 17:15:15.436 24603 12214 W AccessibilityInteractionClient: old interaction Id is: -1,current interaction Id is:790
04-27 17:15:15.442   740 13846 I VDEC    : [VFMWThreadState] create vfmw_ctrl thread success
04-27 17:15:15.443   740 13851 I VDEC    : [VFMWThreadState] enter scd thread
04-27 17:15:15.443   740 13846 I VDEC    : [VFMWThreadState] create scd thread success
04-27 17:15:15.443   740 13850 I VDEC    : [VFMWThreadState] enter vfmw_ctrl thread
04-27 17:15:15.443   740 13850 I VDEC    : [VFMWThreadState] start vfmw_ctrl thread
04-27 17:15:15.443   740 13852 I VDEC    : [VFMWThreadState] enter vdh process thread
04-27 17:15:15.443   740 13846 I VDEC    : [VFMWThreadState] create vdh thread success
04-27 17:15:15.443   740 13846 I VDEC    : Y_Stride:0x3c00, UV_Stride:0x1e00, Y_HeadStride:0x80,  SlotWidth:0x780, VahbStride:0x3c00, Y_Head_Size:0x4400, UV_Head_Size:0x4400, Y_Payload_Size:0x1fe000, UV_Payload_Size:0xff000
04-27 17:15:15.443   740 13846 I VDEC    : ImgSlotLen:0x305800
04-27 17:15:15.449   740 13846 I VDEC    : Y_Stride:0x3c00, UV_Stride:0x1e00, Y_HeadStride:0x80,  SlotWidth:0x780, VahbStride:0x3c00, Y_Head_Size:0x4400, UV_Head_Size:0x4400, Y_Payload_Size:0x1fe000, UV_Payload_Size:0xff000
04-27 17:15:15.449   740 13846 I VDEC    : ImgSlotLen:0x305800
04-27 17:15:15.449   740 13846 I VDEC    : VCTRL_CreateChanWithOption, vfmw channel create success ChanID 3
04-27 17:15:15.450   740 13846 I VDEC    : [OMXVDECThreadState] processor_create_inst, create processor thread success, [BppContext : 0xf7243000, channel_id: 0, decoder_id: 3, processor_id :0]
04-27 17:15:15.450   740 13846 I VDEC    : [OMXThreadState] create msg thread success.
04-27 17:15:15.450   740 13846 I VDEC    : [OMXThreadState] create commonblock thread success.
04-27 17:15:15.450   740 13846 I VDEC    : [OmxState] Loaded --> Idle_Pending
04-27 17:15:15.453   740 13855 I VDEC    : [OMXThreadState] enter commonblock thread.
04-27 17:15:15.453   740 13854 I VDEC    : [OMXThreadState] enter msg thread.
04-27 17:15:15.455   740 13853 I VDEC    : [OMXVDECThreadState] processor_thread, enter processor thread success, [BppContext : 0xf7243000, channel_id: 0, decoder_id: 3, processor_id :0]
04-27 17:15:15.464   740 12765 I VDEC    : [OmxState] Idle_Pending --> Idle
04-27 17:15:15.466   732  9906 D MediaBufferGroup: creating MemoryDealer
04-27 17:15:15.468   740 13846 I VDEC    : OmxState, Current State 2, Expected State 3
04-27 17:15:15.468   740 13846 I VDEC    : [OmxState] Idle --> Executing_Pending
04-27 17:15:15.468   740 13846 I VDEC    : [OmxState] Execute_Pending --> Executing
04-27 17:15:15.472 24603 12214 D UIAutomatorStub: URI: /jsonrpc/0, Method: POST, params, {NanoHttpd.QUERY_STRING=null}, files: {postData={"jsonrpc": "2.0", "id": "75b434aa277d97d0ef06844431ca83a9", "method": "click", "params": [924.0, 1905.0]}}
04-27 17:15:15.474   740 13850 I VDEC    : Get Config Data Len 233, Time Stamp: 0
04-27 17:15:15.478   740 13850 I VDEC    : PRN_ALWS, syntax value : range 0 primaries 2 matrix 2 transfer 2
04-27 17:15:15.478   740 13850 I VDEC    : EVNT Color Aspects report
04-27 17:15:15.478   740 13854 I VDEC    : Range 2 Primaries 0 MatrixCoeffs 0 Tansfer 0
04-27 17:15:15.479   740 13846 I VDEC    : event_process OMX_GENERATE_COLOR_ASPECTS_CHANGE
04-27 17:15:15.480   740  1699 I VDEC    : set config index 0x7f00000b OMX_GoogleIndexDescribeColorAspects
04-27 17:15:15.480   740  1699 I VDEC    : Range 0 Primaries 0 MatrixCoeffs 0 Tansfer 0
04-27 17:15:15.480   740  1699 I VDEC    : get config OMX_GoogleIndexDescribeColorAspects
04-27 17:15:15.480   740  1699 I VDEC    : Range 2 Primaries 0 MatrixCoeffs 0 Tansfer 0
04-27 17:15:15.481   734 13843 I ACodec  : [OMX.hisi.video.decoder.hevc] got color aspects (R:2(Limited), P:0(Unspecified), M:0(Unspecified), T:0(Unspecified)) err=0(NO_ERROR)
04-27 17:15:15.481   740 13144 I VDEC    : get config OMX_GoogleIndexDescribeHdrStaticInfo
04-27 17:15:15.481   740 13144 I VDEC    : Rx 0 Ry 0, Gx 0 Gy 0, Bx 0 By 0, Wx 0 Wy 0 (units of 0.00002)
04-27 17:15:15.481   740 13144 I VDEC    : MaxLum 0(cd/m^2) MinLum 0(0.0001cd/m^2) MaxCLL 0(cd/m^2) MaxFALL 0(cd/m^2)
04-27 17:15:15.482   732  9906 E MPEG4Extractor: Video is malformed,mCurrentSampleIndex:990, cts:49700000 us
04-27 17:15:15.482   734 26910 W FrameDecoder: Input Error or EOS, err:-1007
04-27 17:15:15.482   734 26910 E FrameDecoder: failed to get video frame (err -1007)
04-27 17:15:15.483   734 13843 W ACodec  : forcing OMX state to Idle when received shutdown in ExecutingState
04-27 17:15:15.484   740 13846 I VDEC    : OmxState, Current State 3, Expected State 2
04-27 17:15:15.484   740 13846 I VDEC    : [OmxState] Executing --> Idle_Pending
04-27 17:15:15.487   740 13846 I VDEC    : [OmxState] Idle_Pending --> Idle
04-27 17:15:15.488   740 13846 I VDEC    : OmxState, Current State 2, Expected State 1
04-27 17:15:15.488   740 13846 I VDEC    : [OmxState] Idle --> Loaded_Pending
04-27 17:15:15.500 24603 24612 W System  : A resource failed to call end. 
04-27 17:15:15.504 24603 24612 I chatty  : uid=10418(com.github.uiautomator) dumpsys identical 16 lines
04-27 17:15:15.508   740 13854 I VDEC    : [OMXThreadState] exit msg thread.
04-27 17:15:15.508   740 13855 I VDEC    : [OMXThreadState] exit commonblock thread.
04-27 17:15:15.509   740 13732 I VDEC    : channel_release enter
04-27 17:15:15.509   740 13732 I VDEC    : pchan->frame_rate 20, width 640, height 368, chan_num 0, needHighFreq 0, needNormFreq 0
04-27 17:15:15.509   740 13732 I VDEC    : processor_release_inst, start [BppContext : 0xf7243000, channel_id: 0, decoder_id :3, processor_id :0]
04-27 17:15:15.536   740 13853 I VDEC    : [OMXVDECThreadState]  0 bpp processor thread exit
04-27 17:15:15.537   740 13732 I VDEC    : processor_release_inst, sucess
04-27 17:15:15.537   740 13732 I VDEC    : VCTRL_DestroyChanWithOption, VCTRL_StopChan ChanID 3
04-27 17:15:15.537   740 13732 I VDEC    : VCTRL_DestroyChanWithOption, vfmw destroy chan and free chan resource success, ChanID 3
04-27 17:15:15.539   740 13850 I VDEC    : [VFMWThreadState] exit vfmw_ctrl thread
04-27 17:15:15.540   740 13851 I VDEC    : [VFMWThreadState] exit scd thread
04-27 17:15:15.540   740 13852 I VDEC    : [VFMWThreadState] exit vdh process thread
04-27 17:15:15.548   740 13732 I VDEC    : Wait for vfmw thread cost 10 ms, cmd:3, state:0
04-27 17:15:15.549   740 13732 I VDEC    : [OmxState] Loaded_Pending --> Loaded
04-27 17:15:15.550   740 12765 I OMXNodeInstance: change state and then freeNode, handle = 0xf025a2c0
04-27 17:15:15.550   740 12765 I VDEC    : Enter component_deinit, in total, etb_num:1, ebd_num:1, ftb_num:1, fbd_num:1
04-27 17:15:15.550   740 13845 I VDEC    : [OMXVDECThreadState] exit task thread
04-27 17:15:15.550   740 12765 I VDEC    : task_destroy_thread, task destroyed
04-27 17:15:15.556   740 12765 I VDEC    : hi_close : close drv succ,fd : 8
04-27 17:15:15.556   740 13846 W VDEC    : [ET] No more event, n is 0, return Success
04-27 17:15:15.556   740 13846 I VDEC    : [OMXThreadState] exit event thread.
04-27 17:15:15.556   740 12765 I VDEC    : DeInit OMX component
04-27 17:15:15.557   740 12765 I OMXNodeInstance: OMXNodeInstance going away.
04-27 17:15:15.561   734 26910 I Utils   : vstride = -323406968,vsliceHeight = -323047392
04-27 17:15:15.565   734 13857 I OMXClient: IOmx service obtained
04-27 17:15:15.565   740 12765 I OMXMaster: makeComponentInstance(OMX.google.hevc.decoder) in omx@1.0-service process
04-27 17:15:15.568   734 13857 I ACodec  : In onAllocateComponent create compenent, codec name: OMX.google.hevc.decoder
04-27 17:15:15.572   740 12765 E OMXNodeInstance: setConfig(0xf025a2c0:google.hevc.decoder, ??(0x6f700006)) ERROR: UnsupportedIndex(0x8000101a)
04-27 17:15:15.572   734 13857 W HwExtendedUtils: hw configLocalPlayBack err = -1010
04-27 17:15:15.573   734 13857 I HwExtendedCodec: mime is [video/hevc] at setVideoFormat
04-27 17:15:15.574   734 13857 D ACodec  : Setting [OMX.google.hevc.decoder] input port buffer number: 2
04-27 17:15:15.574   740 13732 W SimpleSoftOMXComponent: component requires at least 8 buffers (2 requested)
04-27 17:15:15.574   740 13732 E OMXNodeInstance: setParameter(0xf025a2c0:google.hevc.decoder, ParamPortDefinition(0x2000001)) ERROR: UnsupportedSetting(0x80001019)
04-27 17:15:15.574   734 13857 W ACodec  : Fail to set [OMX.google.hevc.decoder] input port buffer number: 2
04-27 17:15:15.574   734 13857 D ACodec  : Setting [OMX.google.hevc.decoder] output port buffer number: 1
04-27 17:15:15.574   740 12765 W SimpleSoftOMXComponent: component requires at least 8 buffers (1 requested)
04-27 17:15:15.574   740 12765 E OMXNodeInstance: setParameter(0xf025a2c0:google.hevc.decoder, ParamPortDefinition(0x2000001)) ERROR: UnsupportedSetting(0x80001019)
04-27 17:15:15.574   734 13857 W ACodec  : Fail to set [OMX.google.hevc.decoder] output port buffer number: 1
04-27 17:15:15.576   734 13857 I ACodec  : [OMX.google.hevc.decoder] got color aspects (R:0(Unspecified), P:0(Unspecified), M:0(Unspecified), T:0(Unspecified)) err=0(NO_ERROR)
04-27 17:15:15.577 24829 25836 V SQLiteDatabase: triggerBuildingIndex(): invalid id, return.
04-27 17:15:15.580   734 13857 I ACodec  : onStart
04-27 17:15:15.582   740 13858 W SimpleSoftOMXComponent: onChangeState mState= 1, mTargetState = 1, state = 2
04-27 17:15:15.582   740 13858 W SimpleSoftOMXComponent: checkTransitions port is not populate
04-27 17:15:15.590  1162  1661 V BroadcastQueue: Finished with ordered broadcast BroadcastRecord{12ec922 u0 com.google.android.gms.gcm.ACTION_SCHEDULE}
04-27 17:15:15.590   740 13732 W SimpleSoftOMXComponent: checkTransitions port is not populate
04-27 17:15:15.597   740 13732 W SimpleSoftOMXComponent: checkTransitions mState = 1, mTargetState = 2
04-27 17:15:15.597  1162  1949 V BroadcastQueue: Finished with ordered broadcast BroadcastRecord{8f0970 u0 com.google.android.gms.gcm.ACTION_SCHEDULE}
04-27 17:15:15.598   740 13858 W SimpleSoftOMXComponent: onChangeState mState= 2, mTargetState = 2, state = 3
04-27 17:15:15.598   740 13858 W SimpleSoftOMXComponent: checkTransitions mState = 2, mTargetState = 3
04-27 17:15:15.599   732  9906 D MediaBufferGroup: creating MemoryDealer
04-27 17:15:15.605   740 13858 D SoftVideoDecoderOMXComponent: Color Aspects preference: 1 
04-27 17:15:15.606   734 13857 I ACodec  : [OMX.google.hevc.decoder] got color aspects (R:2(Limited), P:0(Unspecified), M:0(Unspecified), T:0(Unspecified)) err=0(NO_ERROR)
04-27 17:15:15.608 24785 25176 D WorkSource: Insert in WorkSource{} @ 0 uid 10028 name com.google.android.gms
04-27 17:15:15.609  1162  8832 W HwAlarmManagerService: isContainsAppUidInWorksource-->happend NameNotFoundException
04-27 17:15:15.609  1162  8832 W HwAlarmManagerService: isContainsAppUidInWorksource-->happend NameNotFoundException
04-27 17:15:15.613   732  9906 E MPEG4Extractor: Video is malformed,mCurrentSampleIndex:990, cts:49700000 us
04-27 17:15:15.613   734 26910 W FrameDecoder: Input Error or EOS, err:-1007
04-27 17:15:15.613   734 26910 E FrameDecoder: failed to get video frame (err -1007)
04-27 17:15:15.613   734 13857 W ACodec  : forcing OMX state to Idle when received shutdown in ExecutingState
04-27 17:15:15.614   740 13858 W SimpleSoftOMXComponent: onChangeState mState= 3, mTargetState = 3, state = 2
04-27 17:15:15.615   740 13858 W SimpleSoftOMXComponent: onChangeState mState= 2, mTargetState = 2, state = 1
04-27 17:15:15.615   740 13858 W SimpleSoftOMXComponent: checkTransitions port buf count is not zero
04-27 17:15:15.616   740 13732 W SimpleSoftOMXComponent: checkTransitions port buf count is not zero
04-27 17:15:15.616   740 12765 W SimpleSoftOMXComponent: checkTransitions port buf count is not zero
04-27 17:15:15.616   740 13732 W SimpleSoftOMXComponent: checkTransitions port buf count is not zero
04-27 17:15:15.616   740 13732 W SimpleSoftOMXComponent: checkTransitions port buf count is not zero
04-27 17:15:15.616   740 16272 W SimpleSoftOMXComponent: checkTransitions port buf count is not zero
04-27 17:15:15.616   740 16272 W SimpleSoftOMXComponent: checkTransitions port buf count is not zero
04-27 17:15:15.616   740 16272 W SimpleSoftOMXComponent: checkTransitions port buf count is not zero
04-27 17:15:15.617   740 13732 W SimpleSoftOMXComponent: checkTransitions port buf count is not zero
04-27 17:15:15.617 24603 12214 I chatty  : uid=10418(com.github.uiautomator) dumpsys expire 25 lines
04-27 17:15:15.617   740 13732 W SimpleSoftOMXComponent: checkTransitions port buf count is not zero
04-27 17:15:15.617   740 13732 W SimpleSoftOMXComponent: checkTransitions port buf count is not zero
04-27 17:15:15.617   740 12765 W SimpleSoftOMXComponent: checkTransitions port buf count is not zero
04-27 17:15:15.617   740 13732 W SimpleSoftOMXComponent: checkTransitions port buf count is not zero
04-27 17:15:15.617   740 16272 W SimpleSoftOMXComponent: checkTransitions port buf count is not zero
04-27 17:15:15.617   740 13732 W SimpleSoftOMXComponent: checkTransitions port buf count is not zero
04-27 17:15:15.618   740 12765 W SimpleSoftOMXComponent: checkTransitions mState = 2, mTargetState = 1
04-27 17:15:15.619   740 16272 I OMXNodeInstance: change state and then freeNode, handle = 0xf025a2c0
04-27 17:15:15.623   740 16272 I OMXNodeInstance: OMXNodeInstance going away.
04-27 17:15:15.627   734 26910 E StagefrightMetadataRetriever: all codecs failed to extract frame.
04-27 17:15:15.627   734 26910 E MetadataRetrieverClient: failed to capture a video frame
04-27 17:15:15.629   734 26910 E HwExtendedCodec: mime: video/hevc matching compontent failed!
04-27 17:15:15.629   734 26910 I Utils   : vstride = -323184896,vsliceHeight = -125233975
04-27 17:15:15.633   734 13861 I OMXClient: IOmx service obtained
04-27 17:15:15.634   740 12765 I OMXMaster: makeComponentInstance(OMX.hisi.video.decoder.hevc) in omx@1.0-service process
04-27 17:15:15.634   740 12765 D HIOMX_CORE: OMX_GetHandle :: component name:OMX.hisi.video.decoder.hevc
04-27 17:15:15.634   740 12765 E HIOMX_CORE: opening file: No such file or directory 
04-27 17:15:15.634   740 12765 D HIOMX_CORE: OMX_GetHandle :: prepare to load  libOMX.hisi.video.decoder.so
04-27 17:15:15.635   740 12765 D HIOMX_CORE: OMX_GetHandle :: load  libOMX.hisi.video.decoder.so ok
04-27 17:15:15.637   740 12765 I VDEC    : [OMXVDECThreadState] task_create_thread, create task success
04-27 17:15:15.637   740 12765 I VDEC    : hi_open : open driver ok[/dev/hi_vdec],drv fd : 8
04-27 17:15:15.637   740 12765 I VDEC    : [OMXThreadState] create event thread success.
04-27 17:15:15.637   740 13863 I VDEC    : [OMXVDECThreadState] enter task thread
04-27 17:15:15.637   740 13864 I VDEC    : [OMXThreadState] enter event thread.
04-27 17:15:15.638   734 13861 I ACodec  : In onAllocateComponent create compenent, codec name: OMX.hisi.video.decoder.hevc
04-27 17:15:15.642   740 12765 W VDEC    : get_extension_index, "OMX.google.android.index.storeMetaDataInBuffers" not implemented
04-27 17:15:15.642   740 12765 W VDEC    : get_extension_index, "OMX.google.android.index.storeANWBufferInMetadata" not implemented
04-27 17:15:15.642   740 12765 W VDEC    : get_extension_index, "OMX.google.android.index.configureVideoTunnelMode" not implemented
04-27 17:15:15.642   734 13861 I HwExtendedCodec: mime is [video/hevc] at setVideoFormat
04-27 17:15:15.644   734 13861 W ACodec  : [OMX.hisi.video.decoder.hevc] does not support color format 19
04-27 17:15:15.644   734 13861 D ACodec  : Setting [OMX.hisi.video.decoder.hevc] input port buffer number: 2
04-27 17:15:15.644   740 12765 I VDEC    : portDefn->nPortIndex is 0, xFramerate is 0
04-27 17:15:15.644   740 12765 W VDEC    : [vdecutil_set_framerate], xFramerate is more than 60000, not reasonable , mFrameRate is 0
04-27 17:15:15.644   734 13861 D ACodec  : Setting [OMX.hisi.video.decoder.hevc] output port buffer number: 1
04-27 17:15:15.644   740 12765 I VDEC    : set_parameter, Invalid stride 16 is not equal to cal_stride 640 of width 640
04-27 17:15:15.644   740 12765 I VDEC    : set_parameter, Invalid stride convert to 640
04-27 17:15:15.645   740 12765 I VDEC    : buffer min_count[1], max_count[1]
04-27 17:15:15.645   740 12765 I VDEC    : set_parameter, set framerate is 20
04-27 17:15:15.645   740 12765 I VDEC    : portDefn->nPortIndex is 0, xFramerate is 20
04-27 17:15:15.645   740 12765 I VDEC    : nDurationPerFrameUs is 50000 us
04-27 17:15:15.645   740 12765 I VDEC    : set config index 0x7f00000b OMX_GoogleIndexDescribeColorAspects
04-27 17:15:15.645   740 12765 I VDEC    : Range 0 Primaries 0 MatrixCoeffs 0 Tansfer 0
04-27 17:15:15.645   740 12765 I VDEC    : set config index 0x7f00000c OMX_GoogleIndexDescribeHdrStaticInfo
04-27 17:15:15.645   740 12765 I VDEC    : Rx 0 Ry 0, Gx 0 Gy 0, Bx 0 By 0, Wx 0 Wy 0 (units of 0.00002)
04-27 17:15:15.645   740 12765 I VDEC    : MaxLum 0(cd/m^2) MinLum 0(0.0001cd/m^2) MaxCLL 0(cd/m^2) MaxFALL 0(cd/m^2)
04-27 17:15:15.646   740 12765 I VDEC    : set config index 0x7f00000b OMX_GoogleIndexDescribeColorAspects
04-27 17:15:15.646   740 12765 I VDEC    : Range 0 Primaries 0 MatrixCoeffs 0 Tansfer 0
04-27 17:15:15.646   740 12765 I VDEC    : get config OMX_GoogleIndexDescribeColorAspects
04-27 17:15:15.646   740 12765 I VDEC    : Range 0 Primaries 0 MatrixCoeffs 0 Tansfer 0
04-27 17:15:15.646   734 13861 I ACodec  : [OMX.hisi.video.decoder.hevc] got color aspects (R:0(Unspecified), P:0(Unspecified), M:0(Unspecified), T:0(Unspecified)) err=0(NO_ERROR)
04-27 17:15:15.646   740 12765 I VDEC    : get config OMX_GoogleIndexDescribeHdrStaticInfo
04-27 17:15:15.646   740 12765 I VDEC    : Rx 0 Ry 0, Gx 0 Gy 0, Bx 0 By 0, Wx 0 Wy 0 (units of 0.00002)
04-27 17:15:15.646   740 12765 I VDEC    : MaxLum 0(cd/m^2) MinLum 0(0.0001cd/m^2) MaxCLL 0(cd/m^2) MaxFALL 0(cd/m^2)
04-27 17:15:15.648   734 13861 I ACodec  : onStart
04-27 17:15:15.649   740 13864 I VDEC    : OmxState, Current State 1, Expected State 2
04-27 17:15:15.649   740 13864 I VDEC    : channel_create enter
04-27 17:15:15.649   740 13864 I VDEC    : 
04-27 17:15:15.649   740 13864 I VDEC    :  Protocol         = HEVC
04-27 17:15:15.649   740 13864 I VDEC    :  Resolution       = 640x368
04-27 17:15:15.649   740 13864 I VDEC    :  Stride           = 640
04-27 17:15:15.649   740 13864 I VDEC    :  ColorFormat      = YUV420SemiPlanar
04-27 17:15:15.649   740 13864 I VDEC    :  IsAdvProfile     = 0
04-27 17:15:15.649   740 13864 I VDEC    :  CodecVersion     = 0
04-27 17:15:15.649   740 13864 I VDEC    :  bReversed        = 0
04-27 17:15:15.649   740 13864 I VDEC    :  SpecMode         = 0
04-27 17:15:15.649   740 13864 I VDEC    :  Priority         = 1
04-27 17:15:15.649   740 13864 I VDEC    :  ErrThreshold     = 100
04-27 17:15:15.649   740 13864 I VDEC    :  DecMode          = 0
04-27 17:15:15.649   740 13864 I VDEC    :  OutputOrder      = 0
04-27 17:15:15.649   740 13864 I VDEC    :  LowdlyEnable     = 0
04-27 17:15:15.649   740 13864 I VDEC    :  CompressEnbale   = 0
04-27 17:15:15.649   740 13864 I VDEC    :  ActInBufNum      = 2
04-27 17:15:15.649   740 13864 I VDEC    :  ActInBufSize     = 2097152
04-27 17:15:15.649   740 13864 I VDEC    : 
04-27 17:15:15.649   740 13864 I VDEC    : pchan->frame_rate 20, width 640, height 368, chan_num 1, needHighFreq 0, needNormFreq 0
04-27 17:15:15.652   625   625 E uniperf server: uniPerfEvent doParse failed, cmdId=4402
04-27 17:15:15.652   625   625 D uniperf hal: do uniPerfEvent failed, cmdId=4402, ret=2
04-27 17:15:15.660   740 13864 I VDEC    : [VFMWThreadState] create vfmw_ctrl thread success
04-27 17:15:15.661  1162  2334 I chatty  : uid=1000(system) Binder:1162_C expire 22 lines
04-27 17:15:15.661   740 13867 I VDEC    : [VFMWThreadState] enter scd thread
04-27 17:15:15.662  1162  2334 V WindowManager: addWindow: Window{9d756a5 u0 com.quvideo.xiaoying/com.quvideo.xiaoying.editor.TmpGalleryActivity}
04-27 17:15:15.662   740 13864 I VDEC    : [VFMWThreadState] create scd thread success
04-27 17:15:15.662   740 13866 I VDEC    : [VFMWThreadState] enter vfmw_ctrl thread
04-27 17:15:15.662   740 13866 I VDEC    : [VFMWThreadState] start vfmw_ctrl thread
04-27 17:15:15.664   740 13868 I VDEC    : [VFMWThreadState] enter vdh process thread
04-27 17:15:15.664   740 13864 I VDEC    : [VFMWThreadState] create vdh thread success
04-27 17:15:15.665   740 13864 I VDEC    : Y_Stride:0x3c00, UV_Stride:0x1e00, Y_HeadStride:0x80,  SlotWidth:0x780, VahbStride:0x3c00, Y_Head_Size:0x4400, UV_Head_Size:0x4400, Y_Payload_Size:0x1fe000, UV_Payload_Size:0xff000
04-27 17:15:15.665   740 13864 I VDEC    : ImgSlotLen:0x305800
04-27 17:15:15.671   740 13864 I VDEC    : Y_Stride:0x3c00, UV_Stride:0x1e00, Y_HeadStride:0x80,  SlotWidth:0x780, VahbStride:0x3c00, Y_Head_Size:0x4400, UV_Head_Size:0x4400, Y_Payload_Size:0x1fe000, UV_Payload_Size:0xff000
04-27 17:15:15.671   740 13864 I VDEC    : ImgSlotLen:0x305800
04-27 17:15:15.671   740 13864 I VDEC    : VCTRL_CreateChanWithOption, vfmw channel create success ChanID 3
04-27 17:15:15.672   740 13864 I VDEC    : [OMXVDECThreadState] processor_create_inst, create processor thread success, [BppContext : 0xf7243000, channel_id: 0, decoder_id: 3, processor_id :0]
04-27 17:15:15.672   740 13864 I VDEC    : [OMXThreadState] create msg thread success.
04-27 17:15:15.672   740 13864 I VDEC    : [OMXThreadState] create commonblock thread success.
04-27 17:15:15.672   740 13864 I VDEC    : [OmxState] Loaded --> Idle_Pending
04-27 17:15:15.673   740 13869 I VDEC    : [OMXVDECThreadState] processor_thread, enter processor thread success, [BppContext : 0xf7243000, channel_id: 0, decoder_id: 3, processor_id :0]
04-27 17:15:15.673   740 13870 I VDEC    : [OMXThreadState] enter msg thread.
04-27 17:15:15.673   740 13871 I VDEC    : [OMXThreadState] enter commonblock thread.
04-27 17:15:15.676  1162  1661 D PackageManager: resolve intent for uid:10525, matchs:3, res:ResolveInfo{5b45a7a com.huawei.android.launcher/.unihome.UniHomeLauncher m=0x108000}
04-27 17:15:15.677 13159 13872 I chatty  : uid=10525(com.quvideo.xiaoying) expire 1 line
04-27 17:15:15.679  1162  2334 V WindowManager_visibility: updateAllDrawn Add AppWindowToken{6f26152 token=Token{9b051dd ActivityRecord{8e2d1b4 u0 com.quvideo.xiaoying/.editor.TmpGalleryActivity t2904}}}
04-27 17:15:15.680  1162  2334 V WindowManager_visibility: updateAllDrawn allDrawn=false interesting=1 drawn=1 relaunchCount=0 for AppWindowToken{6f26152 token=Token{9b051dd ActivityRecord{8e2d1b4 u0 com.quvideo.xiaoying/.editor.TmpGalleryActivity t2904}}}
04-27 17:15:15.685   740 12765 I VDEC    : [OmxState] Idle_Pending --> Idle
04-27 17:15:15.686   740 13864 I VDEC    : OmxState, Current State 2, Expected State 3
04-27 17:15:15.686   740 13864 I VDEC    : [OmxState] Idle --> Executing_Pending
04-27 17:15:15.687   740 13864 I VDEC    : [OmxState] Execute_Pending --> Executing
04-27 17:15:15.688   732  9906 D MediaBufferGroup: creating MemoryDealer
04-27 17:15:15.692   732  9906 E MPEG4Extractor: Video is malformed,mCurrentSampleIndex:990, cts:49700000 us
04-27 17:15:15.693   734 26910 W FrameDecoder: Input Error or EOS, err:-1007
04-27 17:15:15.693   734 26910 E FrameDecoder: failed to get video frame (err -1007)
04-27 17:15:15.693   734 13861 W ACodec  : forcing OMX state to Idle when received shutdown in ExecutingState
04-27 17:15:15.694   740 13864 I VDEC    : OmxState, Current State 3, Expected State 2
04-27 17:15:15.694   740 13864 I VDEC    : [OmxState] Executing --> Idle_Pending
04-27 17:15:15.694   740 13864 I VDEC    : [OmxState] Idle_Pending --> Idle
04-27 17:15:15.697   740 13864 I VDEC    : OmxState, Current State 2, Expected State 1
04-27 17:15:15.697   740 13864 I VDEC    : [OmxState] Idle --> Loaded_Pending
04-27 17:15:15.697   640  3898 I chatty  : uid=1000(system) Binder:640_5 expire 1 line
04-27 17:15:15.714   740 13870 I VDEC    : [OMXThreadState] exit msg thread.
04-27 17:15:15.715   740 13871 I VDEC    : [OMXThreadState] exit commonblock thread.
04-27 17:15:15.715   740 13732 I VDEC    : channel_release enter
04-27 17:15:15.715   740 13732 I VDEC    : pchan->frame_rate 20, width 640, height 368, chan_num 0, needHighFreq 0, needNormFreq 0
04-27 17:15:15.716   740 13732 I VDEC    : processor_release_inst, start [BppContext : 0xf7243000, channel_id: 0, decoder_id :3, processor_id :0]
04-27 17:15:15.731  1162  1506 V WindowManager_visibility: updateAllDrawn Add AppWindowToken{6f26152 token=Token{9b051dd ActivityRecord{8e2d1b4 u0 com.quvideo.xiaoying/.editor.TmpGalleryActivity t2904}}}
04-27 17:15:15.732  1162  1506 V WindowManager_visibility: updateAllDrawn allDrawn=false interesting=2 drawn=2 relaunchCount=0 for AppWindowToken{6f26152 token=Token{9b051dd ActivityRecord{8e2d1b4 u0 com.quvideo.xiaoying/.editor.TmpGalleryActivity t2904}}}
04-27 17:15:15.755   740 13869 I VDEC    : [OMXVDECThreadState]  0 bpp processor thread exit
04-27 17:15:15.755   740 13732 I VDEC    : processor_release_inst, sucess
04-27 17:15:15.755   740 13732 I VDEC    : VCTRL_DestroyChanWithOption, VCTRL_StopChan ChanID 3
04-27 17:15:15.756   740 13732 I VDEC    : VCTRL_DestroyChanWithOption, vfmw destroy chan and free chan resource success, ChanID 3
04-27 17:15:15.756   740 13866 I VDEC    : [VFMWThreadState] exit vfmw_ctrl thread
04-27 17:15:15.757   740 13868 I VDEC    : [VFMWThreadState] exit vdh process thread
04-27 17:15:15.757   740 13867 I VDEC    : [VFMWThreadState] exit scd thread
04-27 17:15:15.759  1162  1234 I ActivityManager: App 10525/com.quvideo.xiaoying targets O+, restricted
04-27 17:15:15.766   740 13732 I VDEC    : Wait for vfmw thread cost 10 ms, cmd:3, state:0
04-27 17:15:15.767   740 13732 I VDEC    : [OmxState] Loaded_Pending --> Loaded
04-27 17:15:15.768   740 13732 I OMXNodeInstance: change state and then freeNode, handle = 0xf2439f80
04-27 17:15:15.769   740 13732 I VDEC    : Enter component_deinit, in total, etb_num:1, ebd_num:1, ftb_num:1, fbd_num:1
04-27 17:15:15.769   740 13863 I VDEC    : [OMXVDECThreadState] exit task thread
04-27 17:15:15.769   740 13732 I VDEC    : task_destroy_thread, task destroyed
04-27 17:15:15.775   740 13732 I VDEC    : hi_close : close drv succ,fd : 8
04-27 17:15:15.775   740 13864 W VDEC    : [ET] No more event, n is 0, return Success
04-27 17:15:15.775   740 13864 I VDEC    : [OMXThreadState] exit event thread.
04-27 17:15:15.775   740 13732 I VDEC    : DeInit OMX component
04-27 17:15:15.779   740 13732 I OMXNodeInstance: OMXNodeInstance going away.
04-27 17:15:15.786   734 26910 I Utils   : vstride = -323046720,vsliceHeight = -322961152
04-27 17:15:15.791   734 13874 I OMXClient: IOmx service obtained
04-27 17:15:15.792   740 13732 I OMXMaster: makeComponentInstance(OMX.google.hevc.decoder) in omx@1.0-service process
04-27 17:15:15.795   734 13874 I ACodec  : In onAllocateComponent create compenent, codec name: OMX.google.hevc.decoder
04-27 17:15:15.800   740 13732 E OMXNodeInstance: setConfig(0xf2439f80:google.hevc.decoder, ??(0x6f700006)) ERROR: UnsupportedIndex(0x8000101a)
04-27 17:15:15.801   734 13874 W HwExtendedUtils: hw configLocalPlayBack err = -1010
04-27 17:15:15.801   734 13874 I HwExtendedCodec: mime is [video/hevc] at setVideoFormat
04-27 17:15:15.802   734 13874 D ACodec  : Setting [OMX.google.hevc.decoder] input port buffer number: 2
04-27 17:15:15.802   740 13732 W SimpleSoftOMXComponent: component requires at least 8 buffers (2 requested)
04-27 17:15:15.802   740 13732 E OMXNodeInstance: setParameter(0xf2439f80:google.hevc.decoder, ParamPortDefinition(0x2000001)) ERROR: UnsupportedSetting(0x80001019)
04-27 17:15:15.802   734 13874 W ACodec  : Fail to set [OMX.google.hevc.decoder] input port buffer number: 2
04-27 17:15:15.802   734 13874 D ACodec  : Setting [OMX.google.hevc.decoder] output port buffer number: 1
04-27 17:15:15.802   740 13732 W SimpleSoftOMXComponent: component requires at least 8 buffers (1 requested)
04-27 17:15:15.802   740 13732 E OMXNodeInstance: setParameter(0xf2439f80:google.hevc.decoder, ParamPortDefinition(0x2000001)) ERROR: UnsupportedSetting(0x80001019)
04-27 17:15:15.802   734 13874 W ACodec  : Fail to set [OMX.google.hevc.decoder] output port buffer number: 1
04-27 17:15:15.805   734 13874 I ACodec  : [OMX.google.hevc.decoder] got color aspects (R:0(Unspecified), P:0(Unspecified), M:0(Unspecified), T:0(Unspecified)) err=0(NO_ERROR)
04-27 17:15:15.809   734 13874 I ACodec  : onStart
04-27 17:15:15.809   740 13875 W SimpleSoftOMXComponent: onChangeState mState= 1, mTargetState = 1, state = 2
04-27 17:15:15.809   740 13875 W SimpleSoftOMXComponent: checkTransitions port is not populate
04-27 17:15:15.813   588   588 W AshmemAllocator: ashmem_create_region(1572864) returning hidl_memory(0x7ed742c100, 1572864)
04-27 17:15:15.814   588   588 W AshmemAllocator: ashmem_create_region(1572864) returning hidl_memory(0x7ed742c100, 1572864)
04-27 17:15:15.814   588   588 W AshmemAllocator: ashmem_create_region(1572864) returning hidl_memory(0x7ed742c100, 1572864)
04-27 17:15:15.815   588   588 W AshmemAllocator: ashmem_create_region(1572864) returning hidl_memory(0x7ed742c100, 1572864)
04-27 17:15:15.815   588   588 W AshmemAllocator: ashmem_create_region(1572864) returning hidl_memory(0x7ed742c100, 1572864)
04-27 17:15:15.815   588   588 W AshmemAllocator: ashmem_create_region(1572864) returning hidl_memory(0x7ed742c100, 1572864)
04-27 17:15:15.815   740 13732 W SimpleSoftOMXComponent: checkTransitions port is not populate
04-27 17:15:15.818   588   588 W AshmemAllocator: ashmem_create_region(353280) returning hidl_memory(0x7ed742c100, 353280)
04-27 17:15:15.822   588   588 W AshmemAllocator: ashmem_create_region(353280) returning hidl_memory(0x7ed742c100, 353280)
04-27 17:15:15.822   740 13732 W SimpleSoftOMXComponent: checkTransitions mState = 1, mTargetState = 2
04-27 17:15:15.825   732  9906 D MediaBufferGroup: creating MemoryDealer
04-27 17:15:15.827   740 13875 W SimpleSoftOMXComponent: onChangeState mState= 2, mTargetState = 2, state = 3
04-27 17:15:15.827   740 13875 W SimpleSoftOMXComponent: checkTransitions mState = 2, mTargetState = 3
04-27 17:15:15.829   740 13875 D SoftVideoDecoderOMXComponent: Color Aspects preference: 1 
04-27 17:15:15.830   734 13874 I ACodec  : [OMX.google.hevc.decoder] got color aspects (R:2(Limited), P:0(Unspecified), M:0(Unspecified), T:0(Unspecified)) err=0(NO_ERROR)
04-27 17:15:15.837   732  9906 E MPEG4Extractor: Video is malformed,mCurrentSampleIndex:990, cts:49700000 us
04-27 17:15:15.837   734 26910 W FrameDecoder: Input Error or EOS, err:-1007
04-27 17:15:15.837   734 26910 E FrameDecoder: failed to get video frame (err -1007)
04-27 17:15:15.838   734 13874 W ACodec  : forcing OMX state to Idle when received shutdown in ExecutingState
04-27 17:15:15.838   740 13875 W SimpleSoftOMXComponent: onChangeState mState= 3, mTargetState = 3, state = 2
04-27 17:15:15.838   740 13875 W SimpleSoftOMXComponent: onChangeState mState= 2, mTargetState = 2, state = 1
04-27 17:15:15.838   740 13875 W SimpleSoftOMXComponent: checkTransitions port buf count is not zero
04-27 17:15:15.838   740 13732 W SimpleSoftOMXComponent: checkTransitions port buf count is not zero
04-27 17:15:15.838   740 13732 W SimpleSoftOMXComponent: checkTransitions port buf count is not zero
04-27 17:15:15.839   740 13732 W SimpleSoftOMXComponent: checkTransitions port buf count is not zero
04-27 17:15:15.839   740 13732 W SimpleSoftOMXComponent: checkTransitions port buf count is not zero
04-27 17:15:15.839   740 13732 W SimpleSoftOMXComponent: checkTransitions port buf count is not zero
04-27 17:15:15.839   740 13732 W SimpleSoftOMXComponent: checkTransitions port buf count is not zero
04-27 17:15:15.840   740 13732 W SimpleSoftOMXComponent: checkTransitions port buf count is not zero
04-27 17:15:15.840   740 13732 W SimpleSoftOMXComponent: checkTransitions port buf count is not zero
04-27 17:15:15.840   740 13732 W SimpleSoftOMXComponent: checkTransitions port buf count is not zero
04-27 17:15:15.840   740 13732 W SimpleSoftOMXComponent: checkTransitions mState = 2, mTargetState = 1
04-27 17:15:15.842  1162  8832 I WindowManager:   SURFACE SIZE 766x525: com.quvideo.xiaoying/com.quvideo.xiaoying.editor.TmpGalleryActivity
04-27 17:15:15.843   740 13732 I OMXNodeInstance: change state and then freeNode, handle = 0xf2439f80
04-27 17:15:15.845   740 13732 I OMXNodeInstance: OMXNodeInstance going away.
04-27 17:15:15.851   734 26910 E StagefrightMetadataRetriever: all codecs failed to extract frame.
04-27 17:15:15.851   734 26910 E MetadataRetrieverClient: failed to capture a video frame
04-27 17:15:15.879   625   625 E uniperf server: uniPerfEvent doParse failed, cmdId=4403
04-27 17:15:15.879   625   625 D uniperf hal: do uniPerfEvent failed, cmdId=4403, ret=2
04-27 17:15:15.917  1162  2334 V BroadcastQueue: Finished with ordered broadcast BroadcastRecord{b1da446 u0 socialservice.action.DOWNLOAD.completed}
04-27 17:15:15.929   625   625 E uniperf server: uniPerfEvent doParse failed, cmdId=4402
04-27 17:15:15.929   625   625 D uniperf hal: do uniPerfEvent failed, cmdId=4402, ret=2
04-27 17:15:15.968  1162  9619 I chatty  : uid=1000(system) Binder:1162_1C expire 21 lines
04-27 17:15:15.975  1162  1949 V WindowManager: removeIfPossible: Window{9d756a5 u0 com.quvideo.xiaoying/com.quvideo.xiaoying.editor.TmpGalleryActivity}
04-27 17:15:15.984   633   633 E WifiHAL : enter wifi_get_link_stats
04-27 17:15:15.993  1162  1949 V WindowManager: Not removing Window{9d756a5 u0 com.quvideo.xiaoying/com.quvideo.xiaoying.editor.TmpGalleryActivity EXITING} due to exit animation 
04-27 17:15:15.994  1162  1949 I chatty  : uid=1000(system) Binder:1162_7 expire 2 lines
04-27 17:15:16.033  1162  9619 I ActivityManager: START u0 {cmp=com.quvideo.xiaoying/.editorx.EditorActivity (has extras)} from uid 10525
04-27 17:15:16.036  1162  9619 I ActivityManager: ActivityRecord info: ActivityInfo{b1bffd0 com.quvideo.xiaoying.editorx.EditorActivity}
04-27 17:15:16.037  1162  9619 W ActivityManager: startActivity called from finishing ActivityRecord{8e2d1b4 u0 com.quvideo.xiaoying/.editor.TmpGalleryActivity t2904 f}; forcing Intent.FLAG_ACTIVITY_NEW_TASK for: Intent { cmp=com.quvideo.xiaoying/.editorx.EditorActivity (has extras) }
04-27 17:15:16.042  1162  9619 V WindowManager: addAppToken: AppWindowToken{60948fc token=Token{a3cc5ef ActivityRecord{bdb22ce u0 com.quvideo.xiaoying/.editorx.EditorActivity t2904}}} controller={TaskWindowContainerController taskId=2904} at 2147483647
04-27 17:15:16.061  1162  1162 V SettingsProvider: Notifying for 0: content://settings/system/screen_auto_brightness
04-27 17:15:16.061  1691  1935 I EventCenter: ContentChange for slot: 1
04-27 17:15:16.061   745   745 D SensorHub: batch called handle:0 sample_ns:50000000 latency_ns:0
04-27 17:15:16.061  1691  1935 I EventCenter: ContentChange for slot: 1
04-27 17:15:16.061   745   745 E SensorHub: in batch, handle = 0, flags = 0, period_ns = 50000000, timeout = 0
04-27 17:15:16.062  1162  1162 V SettingsProvider: Notifying for 0: content://settings/system/screen_brightness
04-27 17:15:16.062  1691  1691 I HwBrightnessUtils: APS brightness=49.0,ConvertToPercentage=0.4925349
04-27 17:15:16.065  1162  1949 V ActivityManager: Making visible and scheduling visibility: ActivityRecord{bdb22ce u0 com.quvideo.xiaoying/.editorx.EditorActivity t2904}
04-27 17:15:16.066  1162  1949 D HwPhoneWindowManager: sensorRotation = -1 lastRotation:0
04-27 17:15:16.067  1883 32759 I chatty  : uid=1000(system) Binder:1883_10 expire 2 lines
04-27 17:15:16.068   741 10497 I Pged-IPgedBinderService: ****action is 1, pid num is 2***
04-27 17:15:16.068   741 10497 I Pged-Freezer: freezePids
04-27 17:15:16.068   741 10497 I Pged-Freezer: Freeze process: 25666
04-27 17:15:16.068  1883  2150 I chatty  : uid=1000(system) fast_hibernatio expire 3 lines
04-27 17:15:16.071  1162  1949 V WindowManager: Checking 1 opening apps (frozen=false timeout=false), Track: activitypause performsurface
04-27 17:15:16.071  1162  1949 V WindowManager: Check opening app=AppWindowToken{60948fc token=Token{a3cc5ef ActivityRecord{bdb22ce u0 com.quvideo.xiaoying/.editorx.EditorActivity t2904}}}: allDrawn=false startingDisplayed=false startingMoved=false isRelaunching()=false startingWindow=null
04-27 17:15:16.073  1162  1227 W HwActivityManagerServiceEx: HwActivityNotifier end call android.app.IHwActivityNotifier$Stub$Proxy@c7557fc for activityLifeState under user 0 cost 0
04-27 17:15:16.073 13159 13159 V ActivityThread: Skipping new config:{1.0 ?mcc?mnc [zh_CN_#Hans,en_GB,ar_AE] ldltr sw360dp w360dp h719dp 480dpi nrml long hdr port finger -keyb/v/h -nav/h winConfig={ mBounds=Rect(0, 0 - 1080, 2159) mAppBounds=Rect(0, 85 - 1080, 2244) mWindowingMode=fullscreen mActivityType=undefined} nonFullScreen=0 suim:1 s.11}, config:{1.0 ?mcc?mnc [zh_CN_#Hans,en_GB,ar_AE] ldltr sw360dp w360dp h719dp 480dpi nrml long hdr port finger -keyb/v/h -nav/h winConfig={ mBounds=Rect(0, 0 - 1080, 2159) mAppBounds=Rect(0, 85 - 1080, 2244) mWindowingMode=fullscreen mActivityType=undefined} nonFullScreen=0 suim:1 s.11} for app:com.quvideo.xiaoying
04-27 17:15:16.077 24829 25836 V SQLiteDatabase: triggerBuildingIndex(): invalid id, return.
04-27 17:15:16.078 13159 13159 V ActivityThread: callActivityOnCreate
04-27 17:15:16.080   741   779 E         : iawared check failed: uid is 0, the original uid is:10151
04-27 17:15:16.081   741   779 E         : iawared check failed: uid is 0, the original uid is:10032
04-27 17:15:16.081   741   779 E         : iawared check failed: uid is 0, the original uid is:10151
04-27 17:15:16.083   741   779 E         : iawared check failed: uid is 0, the original uid is:99150
04-27 17:15:16.083   741   779 E         : iawared check failed: uid is 0, the original uid is:10151
04-27 17:15:16.084   741   779 E         : iawared check failed: uid is 0, the original uid is:10151
04-27 17:15:16.085   741   779 E         : iawared check failed: uid is 0, the original uid is:10151
04-27 17:15:16.085   741   779 E         : iawared check failed: uid is 0, the original uid is:10151
04-27 17:15:16.086  1162  9619 V BroadcastQueue: Finished with ordered broadcast BroadcastRecord{5190b85 u0 com.google.android.gms.gcm.ACTION_SCHEDULE}
04-27 17:15:16.095 24785 25176 D WorkSource: Insert in WorkSource{} @ 0 uid 10028 name com.google.android.gms
04-27 17:15:16.096  1162  1661 W HwAlarmManagerService: isContainsAppUidInWorksource-->happend NameNotFoundException
04-27 17:15:16.096  1162  1661 W HwAlarmManagerService: isContainsAppUidInWorksource-->happend NameNotFoundException
04-27 17:15:16.096  1162  2334 V BroadcastQueue: Finished with ordered broadcast BroadcastRecord{b0a9dda u0 com.google.android.gms.gcm.ACTION_SCHEDULE}
04-27 17:15:16.104 24829 25836 V SQLiteDatabase: triggerBuildingIndex(): invalid id, return.
04-27 17:15:16.114  1162  1949 V BroadcastQueue: Finished with ordered broadcast BroadcastRecord{fb183e7 u0 com.google.android.gms.gcm.ACTION_SCHEDULE}
04-27 17:15:16.121 13159 13159 D ActivityThread: add activity client record, r= ActivityRecord{f7a30b6 token=android.os.BinderProxy@9efba85 {com.quvideo.xiaoying/com.quvideo.xiaoying.editorx.EditorActivity}} token= android.os.BinderProxy@9efba85
04-27 17:15:16.121  1162  9619 V BroadcastQueue: Finished with ordered broadcast BroadcastRecord{6fbb94 u0 com.google.android.gms.gcm.ACTION_SCHEDULE}
04-27 17:15:16.131 24785 25176 D WorkSource: Insert in WorkSource{} @ 0 uid 10028 name com.google.android.gms
04-27 17:15:16.131  1162  9619 W HwAlarmManagerService: isContainsAppUidInWorksource-->happend NameNotFoundException
04-27 17:15:16.131  1162  9619 W HwAlarmManagerService: isContainsAppUidInWorksource-->happend NameNotFoundException
04-27 17:15:16.140 24829 25836 V SQLiteDatabase: triggerBuildingIndex(): invalid id, return.
04-27 17:15:16.148  1162  1949 V BroadcastQueue: Finished with ordered broadcast BroadcastRecord{42f0e32 u0 com.google.android.gms.gcm.ACTION_SCHEDULE}
04-27 17:15:16.150  1162  1949 V BroadcastQueue: Finished with ordered broadcast BroadcastRecord{b087783 u0 com.google.android.gms.gcm.ACTION_SCHEDULE}
04-27 17:15:16.158 24785 25176 D WorkSource: Insert in WorkSource{} @ 0 uid 10028 name com.google.android.gms
04-27 17:15:16.158  1162  1949 W HwAlarmManagerService: isContainsAppUidInWorksource-->happend NameNotFoundException
04-27 17:15:16.158  1162  1949 W HwAlarmManagerService: isContainsAppUidInWorksource-->happend NameNotFoundException
04-27 17:15:16.161 24829 25836 V SQLiteDatabase: triggerBuildingIndex(): invalid id, return.
04-27 17:15:16.167  1162  9619 V BroadcastQueue: Finished with ordered broadcast BroadcastRecord{91fe939 u0 com.google.android.gms.gcm.ACTION_SCHEDULE}
04-27 17:15:16.171 24897 26070 D HwRecentsTaskUtils: refreshToCache
04-27 17:15:16.172 24897 26070 D HwRecentsTaskUtils: searchFromDate
04-27 17:15:16.172  1162  1506 V WindowManager: Exit animation finished in Window{9d756a5 u0 com.quvideo.xiaoying/com.quvideo.xiaoying.editor.TmpGalleryActivity EXITING}: remove=true
04-27 17:15:16.172  1162  1506 E WindowManager: win=Window{9d756a5 u0 com.quvideo.xiaoying/com.quvideo.xiaoying.editor.TmpGalleryActivity EXITING} destroySurfaces: appStopped=false win.mWindowRemovalAllowed=true win.mRemoveOnExit=true
04-27 17:15:16.173  1162  1506 V WindowManager: postWindowRemoveCleanupLocked: Window{9d756a5 u0 com.quvideo.xiaoying/com.quvideo.xiaoying.editor.TmpGalleryActivity}
04-27 17:15:16.173  1162  1506 V WindowManager: Removing Window{9d756a5 u0 com.quvideo.xiaoying/com.quvideo.xiaoying.editor.TmpGalleryActivity} from AppWindowToken{6f26152 token=Token{9b051dd ActivityRecord{8e2d1b4 u0 com.quvideo.xiaoying/.editor.TmpGalleryActivity t2904}}}
04-27 17:15:16.173  1162  9619 V BroadcastQueue: Finished with ordered broadcast BroadcastRecord{6bbdb7e u0 com.google.android.gms.gcm.ACTION_SCHEDULE}
04-27 17:15:16.175  1162  1506 V WindowManager: Checking 1 opening apps (frozen=false timeout=false), Track:  performsurface
04-27 17:15:16.175  1162  1506 V WindowManager: Check opening app=AppWindowToken{60948fc token=Token{a3cc5ef ActivityRecord{bdb22ce u0 com.quvideo.xiaoying/.editorx.EditorActivity t2904}}}: allDrawn=false startingDisplayed=false startingMoved=false isRelaunching()=false startingWindow=null
04-27 17:15:16.175  1814  4859 I chatty  : uid=1000(system) Binder:1814_8 expire 5 lines
04-27 17:15:16.177 24897 26070 I RecentsTaskLoadPlan: to show tasks size is 2
04-27 17:15:16.178 24785 25176 D WorkSource: Insert in WorkSource{} @ 0 uid 10028 name com.google.android.gms
04-27 17:15:16.178  1162  9619 W HwAlarmManagerService: isContainsAppUidInWorksource-->happend NameNotFoundException
04-27 17:15:16.178  1162  9619 W HwAlarmManagerService: isContainsAppUidInWorksource-->happend NameNotFoundException
04-27 17:15:16.186 24829 25836 V SQLiteDatabase: triggerBuildingIndex(): invalid id, return.
04-27 17:15:16.192  1162  1506 V WindowManager: Checking 1 opening apps (frozen=false timeout=false), Track:  performsurface
04-27 17:15:16.192  1162  1506 V WindowManager: Check opening app=AppWindowToken{60948fc token=Token{a3cc5ef ActivityRecord{bdb22ce u0 com.quvideo.xiaoying/.editorx.EditorActivity t2904}}}: allDrawn=false startingDisplayed=false startingMoved=false isRelaunching()=false startingWindow=null
04-27 17:15:16.197  1162  9619 V BroadcastQueue: Finished with ordered broadcast BroadcastRecord{3b6318a u0 com.google.android.gms.gcm.ACTION_SCHEDULE}
04-27 17:15:16.199  1162  9619 V BroadcastQueue: Finished with ordered broadcast BroadcastRecord{26753fb u0 com.google.android.gms.gcm.ACTION_SCHEDULE}
04-27 17:15:16.207 24785 25176 D WorkSource: Insert in WorkSource{} @ 0 uid 10028 name com.google.android.gms
04-27 17:15:16.207  1162  1661 W HwAlarmManagerService: isContainsAppUidInWorksource-->happend NameNotFoundException
04-27 17:15:16.207  1162  1661 W HwAlarmManagerService: isContainsAppUidInWorksource-->happend NameNotFoundException
04-27 17:15:16.210 24829 25836 V SQLiteDatabase: triggerBuildingIndex(): invalid id, return.
04-27 17:15:16.221  1162  1661 V BroadcastQueue: Finished with ordered broadcast BroadcastRecord{3988671 u0 com.google.android.gms.gcm.ACTION_SCHEDULE}
04-27 17:15:16.221   580   646 W SocketListener: sending broadcast to Pid = 1162, Uid = 1000 
04-27 17:15:16.222  1162  1563 D NetdConnector: RCV <- {601 limit alert globalAlert lo}
04-27 17:15:16.223  1162  1661 V BroadcastQueue: Finished with ordered broadcast BroadcastRecord{d4ddc56 u0 com.google.android.gms.gcm.ACTION_SCHEDULE}
04-27 17:15:16.223  1162  1563 D NetdConnector: RCV <- {601 limit alert globalAlert lo}
04-27 17:15:16.224  1162  1239 D NetdConnector: RCV unsolicited event from native daemon, event = 601
04-27 17:15:16.225  1162  1239 I NetworkStats: limitReached
04-27 17:15:16.225  1162  1566 I NetworkStats: performPollLocked, pid = 1162
04-27 17:15:16.229 24785 25176 D WorkSource: Insert in WorkSource{} @ 0 uid 10028 name com.google.android.gms
04-27 17:15:16.229  1162  1661 W HwAlarmManagerService: isContainsAppUidInWorksource-->happend NameNotFoundException
04-27 17:15:16.229  1162  1661 W HwAlarmManagerService: isContainsAppUidInWorksource-->happend NameNotFoundException
04-27 17:15:16.233 24829 25836 V SQLiteDatabase: triggerBuildingIndex(): invalid id, return.
04-27 17:15:16.233  1162  1566 W NetworkStatsFactory: mStatsXtProcUid: /proc/net/comm/stats does not exist!
04-27 17:15:16.233  1162  1566 D HwNetworkStatsService: hwRecordUidAndProcSnapshotLocked currentTime = 1587978915162
04-27 17:15:16.240  1162  9619 V BroadcastQueue: Finished with ordered broadcast BroadcastRecord{9c331c4 u0 com.google.android.gms.gcm.ACTION_SCHEDULE}
04-27 17:15:16.241  1162  9619 V BroadcastQueue: Finished with ordered broadcast BroadcastRecord{2de18ad u0 com.google.android.gms.gcm.ACTION_SCHEDULE}
04-27 17:15:16.244  1162  1566 I NetworkStatsFactory: javaReadNetworkStatsUidAndProcDetail. cost time = 11
04-27 17:15:16.248 24785 25176 D WorkSource: Insert in WorkSource{} @ 0 uid 10028 name com.google.android.gms
04-27 17:15:16.248  1162  1661 W HwAlarmManagerService: isContainsAppUidInWorksource-->happend NameNotFoundException
04-27 17:15:16.248  1162  1661 W HwAlarmManagerService: isContainsAppUidInWorksource-->happend NameNotFoundException
04-27 17:15:16.252  1162  1566 D NetdConnector: SND -> {23371 bandwidth setglobalalert 2097152}
04-27 17:15:16.253  1162  1563 D NetdConnector: RCV <- {200 23371 Bandwidth command succeeeded}
04-27 17:15:16.253  1162  1563 D NetdConnector: RCV <- {200 23371 Bandwidth command succeeeded}
04-27 17:15:16.255 22470 22560 E HSM_Install_BG: NatTrafficNotifyService:imsi is null, so return
04-27 17:15:16.291   745   745 D SensorHub: in flush, handle = 0
04-27 17:15:16.291   745   833 D SensorHub: getSensorType get meta data! handle =0
04-27 17:15:16.295   625   625 E uniperf server: uniPerfEvent doParse failed, cmdId=4402
04-27 17:15:16.295   625   625 D uniperf hal: do uniPerfEvent failed, cmdId=4402, ret=2
04-27 17:15:16.299  1162  9619 V WindowManager: addWindow: Window{4a3a630 u0 com.quvideo.xiaoying/com.quvideo.xiaoying.editorx.EditorActivity}
04-27 17:15:16.301  1162  2334 D HwGameAssistantController: pid=13159, uid=10525, component=ComponentInfo{com.quvideo.xiaoying/com.quvideo.xiaoying.editorx.EditorActivity}
04-27 17:15:16.301  1845 15508 I OPCollectLog: AppChangeImpl:pid: 13159 uid: 10525 pkg: com.quvideo.xiaoying class: com.quvideo.xiaoying.editorx.EditorActivity
04-27 17:15:16.301  1845 15508 E OPCollectLog: HwForegroundAppAction:duplicate pkgName.
04-27 17:15:16.301  1162  1242 D HwGameAssistantController: UPDATE: mCurFgPkg=com.quvideo.xiaoying, mCurFgPid=13159, mCurIsGame=false
04-27 17:15:16.301  1162  5428 I chatty  : uid=1000(system) HwAPPQoEActivit expire 12 lines
04-27 17:15:16.302  1162  1227 W HwActivityManagerServiceEx: HwActivityNotifier end call android.app.IHwActivityNotifier$Stub$Proxy@c7557fc for activityLifeState under user 0 cost 1
04-27 17:15:16.304  1162  2334 D PackageManager: resolve intent for uid:10525, matchs:3, res:ResolveInfo{f7092a9 com.huawei.android.launcher/.unihome.UniHomeLauncher m=0x108000}
04-27 17:15:16.305 13159 13885 I chatty  : uid=10525(com.quvideo.xiaoying) expire 1 line
04-27 17:15:16.311 24829 25836 V SQLiteDatabase: triggerBuildingIndex(): invalid id, return.
04-27 17:15:16.319  1162  2334 V WindowManager: Checking 1 opening apps (frozen=false timeout=false), Track: relayout performsurface
04-27 17:15:16.319  1162  1661 V BroadcastQueue: Finished with ordered broadcast BroadcastRecord{754202e u0 com.google.android.gms.gcm.ACTION_SCHEDULE}
