04-27 17:10:56.369  1162  1612 I chatty  : uid=1000(system) Binder:1162_3 expire 29 lines
04-27 17:10:56.371  1162  1949 I chatty  : uid=1000(system) Binder:1162_7 expire 10 lines
04-27 17:10:56.390  6460  6460 D ActivityThread: Remove activity client record, r= ActivityRecord{5e3a33f token=android.os.BinderProxy@7152005 {com.quvideo.xiaoying/com.quvideo.xiaoying.editorx.EditorActivity}} token= android.os.BinderProxy@7152005
04-27 17:10:56.598   580   646 W SocketListener: sending broadcast to Pid = 1162, Uid = 1000 
04-27 17:10:56.599  1162  1563 I chatty  : uid=1000(system) NetdConnector expire 15 lines
04-27 17:10:56.601  1162  1239 I chatty  : uid=1000(system) android.fg expire 8 lines
04-27 17:10:56.610  1162  1566 I chatty  : uid=1000(system) NetworkStats expire 20 lines
04-27 17:10:58.648   580   646 W SocketListener: sending broadcast to Pid = 1162, Uid = 1000 
04-27 17:10:59.245  1162  1244 I chatty  : uid=1000(system) PowerManagerSer expire 4 lines
04-27 17:11:00.038  1162  8733 I chatty  : uid=1000(system) Binder:1162_18 expire 20 lines
04-27 17:11:00.169  1162  5600 I chatty  : uid=1000(system) Binder:1162_15 expire 1 line
04-27 17:11:00.753   580   646 W SocketListener: sending broadcast to Pid = 1162, Uid = 1000 
04-27 17:11:00.853  1814 27666 I BoosterSwitchP: notifyUidState do nothing
04-27 17:11:00.853  1814 27666 I HidataAppQoeP: notifyUidState
04-27 17:11:00.853  1814 27666 I BrowserChrP: notifyUidState
04-27 17:11:00.861  1814 11059 I BoosterSwitchP: notifyUidState do nothing
04-27 17:11:00.861  1814 11059 I HidataAppQoeP: notifyUidState
04-27 17:11:00.861  1814 11059 I BrowserChrP: notifyUidState
04-27 17:11:00.864  1814  1814 I HwCoreAppHelperService: LocalReceiver receives:android.intent.action.PACKAGE_RESTARTED,pkg:com.quvideo.xiaoying,uid:10525
04-27 17:11:00.934  1162  1227 I chatty  : uid=1000(system) HwActivityManag expire 6 lines
04-27 17:11:00.953  1162  1506 I chatty  : uid=1000(system) android.anim expire 17 lines
04-27 17:11:00.956  1162  7168 I chatty  : uid=1000 system_server expire 1 line
04-27 17:11:00.960  1162  1241 I chatty  : uid=1000(system) android.display expire 3 lines
04-27 17:11:00.968  1162  1232 I chatty  : uid=1000(system) ActivityManager expire 2 lines
04-27 17:11:00.969  1162  1779 I chatty  : uid=1000(system) MultiTaskManage expire 2 lines
04-27 17:11:00.983  7169  7169 D ActivityThread: Attach thread to application
04-27 17:11:00.986  1162  3951 I chatty  : uid=1000(system) Binder:1162_13 expire 36 lines
04-27 17:11:00.998  1814 11059 I BoosterSwitchP: notifyUidState do nothing
04-27 17:11:00.998  1814 11059 I HidataAppQoeP: notifyUidState
04-27 17:11:00.998  1814 11059 I BrowserChrP: notifyUidState
04-27 17:11:01.000  1162  8103 I chatty  : uid=1000(system) Binder:1162_16 expire 25 lines
04-27 17:11:01.000 22470 22814 I HwNetworkPolicyManager: getHwUidPolicy uid = 10525 policy = 0
04-27 17:11:01.010  1162  2096 I chatty  : uid=1000(system) Binder:1162_9 expire 11 lines
04-27 17:11:01.100  7169  7218 E ActivityThread: Failed to find provider info for com.facebook.katana.provider.PlatformProvider
04-27 17:11:01.127  7169  7169 E ActivityThread: Failed to find provider info for com.quvideo.xiaoying.vivasetting
04-27 17:11:01.171  1162  1745 I chatty  : uid=1000(system) watchdog expire 1 line
04-27 17:11:01.286  7169  7169 V ActivityThread: Skipping new config:{1.0 ?mcc?mnc [zh_CN_#Hans,en_GB,ar_AE] ldltr sw360dp w360dp h719dp 480dpi nrml long hdr port finger -keyb/v/h -nav/h winConfig={ mBounds=Rect(0, 0 - 1080, 2159) mAppBounds=Rect(0, 85 - 1080, 2244) mWindowingMode=fullscreen mActivityType=undefined} nonFullScreen=0 suim:1 s.11}, config:{1.0 ?mcc?mnc [zh_CN_#Hans,en_GB,ar_AE] ldltr sw360dp w360dp h719dp 480dpi nrml long hdr port finger -keyb/v/h -nav/h winConfig={ mBounds=Rect(0, 0 - 1080, 2159) mAppBounds=Rect(0, 85 - 1080, 2244) mWindowingMode=fullscreen mActivityType=undefined} nonFullScreen=0 suim:1 s.11} for app:com.quvideo.xiaoying
04-27 17:11:01.297  7169  7169 V ActivityThread: callActivityOnCreate
04-27 17:11:01.324  1162  1590 I chatty  : uid=1000(system) Thread-53 expire 2 lines
04-27 17:11:01.400  7169  7169 D ActivityThread: add activity client record, r= ActivityRecord{1cea4c1 token=android.os.BinderProxy@8b09412 {com.quvideo.xiaoying/com.quvideo.xiaoying.templatex.ui.TemplateCenterActivity}} token= android.os.BinderProxy@8b09412
04-27 17:11:01.427  7338  7338 D ActivityThread: Attach thread to application
04-27 17:11:01.455  1162  1242 I chatty  : uid=1000(system) HwGameAssistant expire 2 lines
04-27 17:11:01.458  7169  7227 E ActivityThread: Failed to find provider info for com.facebook.katana.provider.AttributionIdProvider
04-27 17:11:01.484  1691 27884 I CommandQueue: updateBarBgColor
04-27 17:11:01.484  1691 27884 D CommandQueue: CommandQueue, setBarBackgroundColor
04-27 17:11:01.511  1162  1229 I chatty  : uid=1000(system) ActivityManager expire 1 line
04-27 17:11:01.538  1162  1234 I chatty  : uid=1000(system) ThirdAppHandler expire 2 lines
04-27 17:11:01.540  7338  7394 E ActivityThread: Failed to find provider info for com.tempo.video.edit.DownloadProvider
04-27 17:11:01.542  7338  7394 E ActivityThread: Failed to find provider info for com.quvideo.vivamini.DownloadProvider
04-27 17:11:01.543  7338  7394 E ActivityThread: Failed to find provider info for com.quvideo.slideplus.DownloadProvider
04-27 17:11:01.704  1814  1827 I BoosterSwitchP: notifyUidState do nothing
04-27 17:11:01.704  1814  1827 I HidataAppQoeP: notifyUidState
04-27 17:11:01.704  1814  1827 I BrowserChrP: notifyUidState
04-27 17:11:01.714  7169  7421 E ActivityThread: Failed to find provider info for com.facebook.katana.provider.AttributionIdProvider
04-27 17:11:02.386  7169  7169 V ActivityThread: Skipping new config:{1.0 ?mcc?mnc [zh_CN_#Hans,en_GB,ar_AE] ldltr sw360dp w360dp h719dp 480dpi nrml long hdr port finger -keyb/v/h -nav/h winConfig={ mBounds=Rect(0, 0 - 1080, 2159) mAppBounds=Rect(0, 85 - 1080, 2244) mWindowingMode=fullscreen mActivityType=undefined} nonFullScreen=0 suim:1 s.11}, config:{1.0 ?mcc?mnc [zh_CN_#Hans,en_GB,ar_AE] ldltr sw360dp w360dp h719dp 480dpi nrml long hdr port finger -keyb/v/h -nav/h winConfig={ mBounds=Rect(0, 0 - 1080, 2159) mAppBounds=Rect(0, 85 - 1080, 2244) mWindowingMode=fullscreen mActivityType=undefined} nonFullScreen=0 suim:1 s.11} for app:com.quvideo.xiaoying
04-27 17:11:02.388  7169  7169 V ActivityThread: callActivityOnCreate
04-27 17:11:02.405  7169  7169 D ActivityThread: add activity client record, r= ActivityRecord{aae1255 token=android.os.BinderProxy@89e0080 {com.quvideo.xiaoying/com.quvideo.xiaoying.templatex.ui.TemplatePackageActivity}} token= android.os.BinderProxy@89e0080
04-27 17:11:02.763   580   646 W SocketListener: sending broadcast to Pid = 1162, Uid = 1000 
04-27 17:11:02.822  1162  1563 I chatty  : uid=1000(system) NetdConnector expire 17 lines
04-27 17:11:03.004  1162  1612 I chatty  : uid=1000(system) Binder:1162_3 expire 31 lines
04-27 17:11:03.503  1162  1162 I chatty  : uid=1000 system_server expire 20 lines
04-27 17:11:03.506  1162  1244 I chatty  : uid=1000(system) PowerManagerSer expire 4 lines
04-27 17:11:03.653  1162  8103 I chatty  : uid=1000(system) Binder:1162_16 expire 17 lines
04-27 17:11:04.765   580   646 W SocketListener: sending broadcast to Pid = 1162, Uid = 1000 
04-27 17:11:04.771  1162  1239 I chatty  : uid=1000(system) android.fg expire 10 lines
04-27 17:11:04.773  1162  1566 I chatty  : uid=1000(system) NetworkStats expire 25 lines
04-27 17:11:05.211  1162  2096 I chatty  : uid=1000(system) Binder:1162_9 expire 25 lines
04-27 17:11:05.220  1162  1227 I chatty  : uid=1000(system) HwActivityManag expire 6 lines
04-27 17:11:05.221  7169  7169 V ActivityThread: Skipping new config:{1.0 ?mcc?mnc [zh_CN_#Hans,en_GB,ar_AE] ldltr sw360dp w360dp h719dp 480dpi nrml long hdr port finger -keyb/v/h -nav/h winConfig={ mBounds=Rect(0, 0 - 1080, 2159) mAppBounds=Rect(0, 85 - 1080, 2244) mWindowingMode=fullscreen mActivityType=undefined} nonFullScreen=0 suim:1 s.11}, config:{1.0 ?mcc?mnc [zh_CN_#Hans,en_GB,ar_AE] ldltr sw360dp w360dp h719dp 480dpi nrml long hdr port finger -keyb/v/h -nav/h winConfig={ mBounds=Rect(0, 0 - 1080, 2159) mAppBounds=Rect(0, 85 - 1080, 2244) mWindowingMode=fullscreen mActivityType=undefined} nonFullScreen=0 suim:1 s.11} for app:com.quvideo.xiaoying
04-27 17:11:05.224  7169  7169 V ActivityThread: callActivityOnCreate
04-27 17:11:05.240  7169  7169 D ActivityThread: add activity client record, r= ActivityRecord{9280cf2 token=android.os.BinderProxy@480e3f4 {com.quvideo.xiaoying/com.quvideo.xiaoying.templatex.ui.TemplatePackageDetailActivity}} token= android.os.BinderProxy@480e3f4
04-27 17:11:05.240  1162  3951 I chatty  : uid=1000(system) Binder:1162_13 expire 23 lines
04-27 17:11:05.254  1162  1242 I chatty  : uid=1000(system) HwGameAssistant expire 3 lines
04-27 17:11:05.299  1162 10813 I chatty  : uid=1000(system) Binder:1162_1E expire 13 lines
04-27 17:11:05.305  1162  1506 I chatty  : uid=1000(system) android.anim expire 23 lines
04-27 17:11:05.327  1162  1241 I chatty  : uid=1000(system) android.display expire 2 lines
04-27 17:11:06.796   580   646 W SocketListener: sending broadcast to Pid = 1162, Uid = 1000 
04-27 17:11:08.833   580   646 W SocketListener: sending broadcast to Pid = 1162, Uid = 1000 
04-27 17:11:08.976  7169  7169 V ActivityThread: Skipping new config:{1.0 ?mcc?mnc [zh_CN_#Hans,en_GB,ar_AE] ldltr sw360dp w360dp h719dp 480dpi nrml long hdr port finger -keyb/v/h -nav/h winConfig={ mBounds=Rect(0, 0 - 1080, 2159) mAppBounds=Rect(0, 85 - 1080, 2244) mWindowingMode=fullscreen mActivityType=undefined} nonFullScreen=0 suim:1 s.11}, config:{1.0 ?mcc?mnc [zh_CN_#Hans,en_GB,ar_AE] ldltr sw360dp w360dp h719dp 480dpi nrml long hdr port finger -keyb/v/h -nav/h winConfig={ mBounds=Rect(0, 0 - 1080, 2159) mAppBounds=Rect(0, 85 - 1080, 2244) mWindowingMode=fullscreen mActivityType=undefined} nonFullScreen=0 suim:1 s.11} for app:com.quvideo.xiaoying
04-27 17:11:08.979  7169  7169 V ActivityThread: callActivityOnCreate
04-27 17:11:08.998  7169  7169 D ActivityThread: add activity client record, r= ActivityRecord{3475c2a token=android.os.BinderProxy@f27b0ca {com.quvideo.xiaoying/com.quvideo.xiaoying.editor.TmpGalleryActivity}} token= android.os.BinderProxy@f27b0ca
04-27 17:11:09.247  7169  7169 D ActivityThread: Remove activity client record, r= ActivityRecord{9280cf2 token=android.os.BinderProxy@480e3f4 {com.quvideo.xiaoying/com.quvideo.xiaoying.templatex.ui.TemplatePackageDetailActivity}} token= android.os.BinderProxy@480e3f4
04-27 17:11:10.834   580   646 W SocketListener: sending broadcast to Pid = 1162, Uid = 1000 
04-27 17:11:12.838   580   646 W SocketListener: sending broadcast to Pid = 1162, Uid = 1000 
04-27 17:11:12.839  1162  1563 I chatty  : uid=1000(system) NetdConnector expire 4 lines
04-27 17:11:13.597  7169  7169 V ActivityThread: Skipping new config:{1.0 ?mcc?mnc [zh_CN_#Hans,en_GB,ar_AE] ldltr sw360dp w360dp h719dp 480dpi nrml long hdr port finger -keyb/v/h -nav/h winConfig={ mBounds=Rect(0, 0 - 1080, 2159) mAppBounds=Rect(0, 85 - 1080, 2244) mWindowingMode=fullscreen mActivityType=undefined} nonFullScreen=0 suim:1 s.11}, config:{1.0 ?mcc?mnc [zh_CN_#Hans,en_GB,ar_AE] ldltr sw360dp w360dp h719dp 480dpi nrml long hdr port finger -keyb/v/h -nav/h winConfig={ mBounds=Rect(0, 0 - 1080, 2159) mAppBounds=Rect(0, 85 - 1080, 2244) mWindowingMode=fullscreen mActivityType=undefined} nonFullScreen=0 suim:1 s.11} for app:com.quvideo.xiaoying
04-27 17:11:13.598  7169  7169 V ActivityThread: callActivityOnCreate
04-27 17:11:13.636  7169  7169 D ActivityThread: add activity client record, r= ActivityRecord{523142 token=android.os.BinderProxy@55fe03d {com.quvideo.xiaoying/com.quvideo.xiaoying.editorx.EditorActivity}} token= android.os.BinderProxy@55fe03d
04-27 17:11:13.655  1162  1612 I chatty  : uid=1000(system) Binder:1162_3 expire 41 lines
04-27 17:11:13.864  1162  1506 I chatty  : uid=1000(system) android.anim expire 19 lines
04-27 17:11:13.882  1162  1241 I chatty  : uid=1000(system) android.display expire 1 line
04-27 17:11:13.906  1162  2096 I chatty  : uid=1000(system) Binder:1162_9 expire 18 lines
04-27 17:11:13.914  1162 10813 I chatty  : uid=1000(system) Binder:1162_1E expire 46 lines
04-27 17:11:14.132  7169  7169 D ActivityThread: Remove activity client record, r= ActivityRecord{3475c2a token=android.os.BinderProxy@f27b0ca {com.quvideo.xiaoying/com.quvideo.xiaoying.editor.TmpGalleryActivity}} token= android.os.BinderProxy@f27b0ca
04-27 17:11:14.716  1162  8103 I chatty  : uid=1000(system) Binder:1162_16 expire 36 lines
04-27 17:11:14.908   580   646 W SocketListener: sending broadcast to Pid = 1162, Uid = 1000 
04-27 17:11:14.909  1162  1563 I chatty  : uid=1000(system) NetdConnector expire 12 lines
04-27 17:11:14.911  1162  1239 I chatty  : uid=1000(system) android.fg expire 6 lines
04-27 17:11:14.912  1162  1566 I chatty  : uid=1000(system) NetworkStats expire 15 lines
04-27 17:11:15.440  1162  3951 I chatty  : uid=1000(system) Binder:1162_13 expire 22 lines
04-27 17:11:18.942   580   646 W SocketListener: sending broadcast to Pid = 1162, Uid = 1000 
04-27 17:11:19.804  1162  1227 I chatty  : uid=1000(system) HwActivityManag expire 8 lines
04-27 17:11:19.812  1162  1242 I chatty  : uid=1000(system) HwGameAssistant expire 3 lines
04-27 17:11:19.865  1814  1827 I BoosterSwitchP: notifyUidState do nothing
04-27 17:11:19.865  1814  1827 I HidataAppQoeP: notifyUidState
04-27 17:11:19.865  1814  1827 I BrowserChrP: notifyUidState
04-27 17:11:19.865  1814  4841 W ContextImpl: Calling a method in the system process without a qualified user: android.app.ContextImpl.startService:1796 android.content.ContextWrapper.startService:664 com.huawei.appgallery.assistant.service.AppGalleryAssistantService.startHMSService:299 com.huawei.appgallery.assistant.service.AppGalleryAssistantService.notifyHMSBackgroundEvent:285 com.huawei.appgallery.assistant.service.AppGalleryAssistantService.backgroundEvent:227 
04-27 17:11:19.877  1162  8733 I chatty  : uid=1000(system) Binder:1162_18 expire 1 line
04-27 17:11:19.882  1162  1244 I chatty  : uid=1000(system) PowerManagerSer expire 4 lines
04-27 17:11:19.887  1162  1177 I chatty  : uid=1000(system) Binder:1162_2 expire 2 lines
04-27 17:11:20.004 22470 22814 I HwNetworkPolicyManager: getHwUidPolicy uid = 10104 policy = 0
04-27 17:11:20.064  1691  2570 I CommandQueue: updateBarBgColor
04-27 17:11:20.064  1691  2570 D CommandQueue: CommandQueue, setBarBackgroundColor
04-27 17:11:20.373  1162  1162 I chatty  : uid=1000 system_server expire 30 lines
04-27 17:11:20.463  1814  4841 W ContextImpl: Calling a method in the system process without a qualified user: android.app.ContextImpl.startService:1796 android.content.ContextWrapper.startService:664 com.huawei.appgallery.assistant.service.AppGalleryAssistantService.startHMSService:299 com.huawei.appgallery.assistant.service.AppGalleryAssistantService.notifyHMSBackgroundEvent:285 com.huawei.appgallery.assistant.service.AppGalleryAssistantService.backgroundEvent:227 
04-27 17:11:20.463  1814  3885 I BoosterSwitchP: notifyUidState do nothing
04-27 17:11:20.464  1814  3885 I HidataAppQoeP: notifyUidState
04-27 17:11:20.464  1814  3885 I BrowserChrP: notifyUidState
04-27 17:11:20.493  7169  7169 D ActivityThread: Remove activity client record, r= ActivityRecord{1cea4c1 token=android.os.BinderProxy@8b09412 {com.quvideo.xiaoying/com.quvideo.xiaoying.templatex.ui.TemplateCenterActivity}} token= android.os.BinderProxy@8b09412
04-27 17:11:20.527  7169  7169 D ActivityThread: Remove activity client record, r= ActivityRecord{aae1255 token=android.os.BinderProxy@89e0080 {com.quvideo.xiaoying/com.quvideo.xiaoying.templatex.ui.TemplatePackageActivity}} token= android.os.BinderProxy@89e0080
04-27 17:11:20.577  7169  7169 D ActivityThread: Remove activity client record, r= ActivityRecord{523142 token=android.os.BinderProxy@55fe03d {com.quvideo.xiaoying/com.quvideo.xiaoying.editorx.EditorActivity}} token= android.os.BinderProxy@55fe03d
04-27 17:11:20.954   580   646 W SocketListener: sending broadcast to Pid = 1162, Uid = 1000 
04-27 17:11:21.497  1162  1514 I chatty  : uid=1000(system) UEventObserver expire 5 lines
04-27 17:11:21.880  1162  8103 I chatty  : uid=1000(system) Binder:1162_16 expire 7 lines
04-27 17:11:21.916  1162 10813 I chatty  : uid=1000(system) Binder:1162_1E expire 5 lines
04-27 17:11:22.993   580   646 W SocketListener: sending broadcast to Pid = 1162, Uid = 1000 
04-27 17:11:22.996  1162  1563 I chatty  : uid=1000(system) NetdConnector expire 18 lines
04-27 17:11:22.997  1162  1239 I chatty  : uid=1000(system) android.fg expire 11 lines
04-27 17:11:23.000  1162  1566 I chatty  : uid=1000(system) NetworkStats expire 20 lines
04-27 17:11:23.332  1162  1244 I chatty  : uid=1000(system) PowerManagerSer expire 5 lines
04-27 17:11:24.444   580   650 W SocketListener: sending broadcast to Pid = 1162, Uid = 1000 
04-27 17:11:24.962  1814  4841 I BoosterSwitchP: notifyUidState do nothing
04-27 17:11:24.962  1814  4841 I HidataAppQoeP: notifyUidState
04-27 17:11:24.962  1814  4841 I BrowserChrP: notifyUidState
04-27 17:11:24.964  1814  4841 I BoosterSwitchP: notifyUidState do nothing
04-27 17:11:24.964  1814  4841 I HidataAppQoeP: notifyUidState
04-27 17:11:24.964  1814  4841 I BrowserChrP: notifyUidState
04-27 17:11:24.966  1814  1814 I HwCoreAppHelperService: LocalReceiver receives:android.intent.action.PACKAGE_RESTARTED,pkg:com.quvideo.xiaoying,uid:10525
04-27 17:11:25.013   580   646 W SocketListener: sending broadcast to Pid = 1162, Uid = 1000 
04-27 17:11:25.039  1162  1227 I chatty  : uid=1000(system) HwActivityManag expire 6 lines
04-27 17:11:25.048  1162  2096 I chatty  : uid=1000(system) Binder:1162_9 expire 2 lines
04-27 17:11:25.050  1162  1506 I chatty  : uid=1000(system) android.anim expire 17 lines
04-27 17:11:25.059  1162  7843 I chatty  : uid=1000 system_server expire 1 line
04-27 17:11:25.075  1162  1241 I chatty  : uid=1000(system) android.display expire 3 lines
04-27 17:11:25.090  1162  1232 I chatty  : uid=1000(system) ActivityManager expire 2 lines
04-27 17:11:25.090  1162  1779 I chatty  : uid=1000(system) MultiTaskManage expire 2 lines
04-27 17:11:25.104  7845  7845 D ActivityThread: Attach thread to application
04-27 17:11:25.107  1162  2327 I chatty  : uid=1000(system) Binder:1162_B expire 25 lines
04-27 17:11:25.118  1814  4841 I BoosterSwitchP: notifyUidState do nothing
04-27 17:11:25.118  1814  4841 I HidataAppQoeP: notifyUidState
04-27 17:11:25.118  1814  4841 I BrowserChrP: notifyUidState
04-27 17:11:25.122  1162 12013 I chatty  : uid=1000(system) Binder:1162_20 expire 1 line
04-27 17:11:25.122  1162  3293 I chatty  : uid=1000(system) Binder:1162_E expire 1 line
04-27 17:11:25.123 22470 22814 I HwNetworkPolicyManager: getHwUidPolicy uid = 10525 policy = 0
04-27 17:11:25.124  1162  1767 I chatty  : uid=1000(system) Binder:1162_6 expire 21 lines
04-27 17:11:25.236  7845  7895 E ActivityThread: Failed to find provider info for com.facebook.katana.provider.PlatformProvider
04-27 17:11:25.262  7845  7845 E ActivityThread: Failed to find provider info for com.quvideo.xiaoying.vivasetting
04-27 17:11:25.401  7845  7845 V ActivityThread: Skipping new config:{1.0 ?mcc?mnc [zh_CN_#Hans,en_GB,ar_AE] ldltr sw360dp w360dp h719dp 480dpi nrml long hdr port finger -keyb/v/h -nav/h winConfig={ mBounds=Rect(0, 0 - 1080, 2159) mAppBounds=Rect(0, 85 - 1080, 2244) mWindowingMode=fullscreen mActivityType=undefined} nonFullScreen=0 suim:1 s.11}, config:{1.0 ?mcc?mnc [zh_CN_#Hans,en_GB,ar_AE] ldltr sw360dp w360dp h719dp 480dpi nrml long hdr port finger -keyb/v/h -nav/h winConfig={ mBounds=Rect(0, 0 - 1080, 2159) mAppBounds=Rect(0, 85 - 1080, 2244) mWindowingMode=fullscreen mActivityType=undefined} nonFullScreen=0 suim:1 s.11} for app:com.quvideo.xiaoying
04-27 17:11:25.412  7845  7845 V ActivityThread: callActivityOnCreate
04-27 17:11:25.425  1162  1590 I chatty  : uid=1000(system) Thread-53 expire 2 lines
04-27 17:11:25.506  7845  7845 D ActivityThread: add activity client record, r= ActivityRecord{3e15bc token=android.os.BinderProxy@580d4b2 {com.quvideo.xiaoying/com.quvideo.xiaoying.templatex.ui.TemplateCenterActivity}} token= android.os.BinderProxy@580d4b2
04-27 17:11:25.514  8003  8003 D ActivityThread: Attach thread to application
04-27 17:11:25.551  1162  2171 I chatty  : uid=1000(system) Binder:1162_A expire 38 lines
04-27 17:11:25.552  1162  1242 I chatty  : uid=1000(system) HwGameAssistant expire 2 lines
04-27 17:11:25.556  7845  7902 E ActivityThread: Failed to find provider info for com.facebook.katana.provider.AttributionIdProvider
04-27 17:11:25.579  1691 27884 I CommandQueue: updateBarBgColor
04-27 17:11:25.579  1691 27884 D CommandQueue: CommandQueue, setBarBackgroundColor
04-27 17:11:25.619  1162  1229 I chatty  : uid=1000(system) ActivityManager expire 1 line
04-27 17:11:25.645  1162  1234 I chatty  : uid=1000(system) ThirdAppHandler expire 2 lines
04-27 17:11:25.648  8003  8064 E ActivityThread: Failed to find provider info for com.tempo.video.edit.DownloadProvider
04-27 17:11:25.649  8003  8064 E ActivityThread: Failed to find provider info for com.quvideo.vivamini.DownloadProvider
04-27 17:11:25.650  8003  8064 E ActivityThread: Failed to find provider info for com.quvideo.slideplus.DownloadProvider
04-27 17:11:25.749  7845  8087 E ActivityThread: Failed to find provider info for com.facebook.katana.provider.AttributionIdProvider
04-27 17:11:25.793  1162  1963 I chatty  : uid=1000(system) Binder:1162_8 expire 12 lines
04-27 17:11:25.805  1814  5587 I BoosterSwitchP: notifyUidState do nothing
04-27 17:11:25.806  1814  5587 I HidataAppQoeP: notifyUidState
04-27 17:11:25.806  1814  5587 I BrowserChrP: notifyUidState
04-27 17:11:26.457  7845  7845 V ActivityThread: Skipping new config:{1.0 ?mcc?mnc [zh_CN_#Hans,en_GB,ar_AE] ldltr sw360dp w360dp h719dp 480dpi nrml long hdr port finger -keyb/v/h -nav/h winConfig={ mBounds=Rect(0, 0 - 1080, 2159) mAppBounds=Rect(0, 85 - 1080, 2244) mWindowingMode=fullscreen mActivityType=undefined} nonFullScreen=0 suim:1 s.11}, config:{1.0 ?mcc?mnc [zh_CN_#Hans,en_GB,ar_AE] ldltr sw360dp w360dp h719dp 480dpi nrml long hdr port finger -keyb/v/h -nav/h winConfig={ mBounds=Rect(0, 0 - 1080, 2159) mAppBounds=Rect(0, 85 - 1080, 2244) mWindowingMode=fullscreen mActivityType=undefined} nonFullScreen=0 suim:1 s.11} for app:com.quvideo.xiaoying
04-27 17:11:26.459  7845  7845 V ActivityThread: callActivityOnCreate
04-27 17:11:26.477  7845  7845 D ActivityThread: add activity client record, r= ActivityRecord{56e90dc token=android.os.BinderProxy@abf0513 {com.quvideo.xiaoying/com.quvideo.xiaoying.templatex.ui.TemplatePackageActivity}} token= android.os.BinderProxy@abf0513
04-27 17:11:27.024   580   646 W SocketListener: sending broadcast to Pid = 1162, Uid = 1000 
04-27 17:11:29.024   580   646 W SocketListener: sending broadcast to Pid = 1162, Uid = 1000 
04-27 17:11:29.172  1162  2171 I chatty  : uid=1000(system) Binder:1162_A expire 34 lines
04-27 17:11:29.173  1162  1227 I chatty  : uid=1000(system) HwActivityManag expire 6 lines
04-27 17:11:29.173  7845  7845 V ActivityThread: Skipping new config:{1.0 ?mcc?mnc [zh_CN_#Hans,en_GB,ar_AE] ldltr sw360dp w360dp h719dp 480dpi nrml long hdr port finger -keyb/v/h -nav/h winConfig={ mBounds=Rect(0, 0 - 1080, 2159) mAppBounds=Rect(0, 85 - 1080, 2244) mWindowingMode=fullscreen mActivityType=undefined} nonFullScreen=0 suim:1 s.11}, config:{1.0 ?mcc?mnc [zh_CN_#Hans,en_GB,ar_AE] ldltr sw360dp w360dp h719dp 480dpi nrml long hdr port finger -keyb/v/h -nav/h winConfig={ mBounds=Rect(0, 0 - 1080, 2159) mAppBounds=Rect(0, 85 - 1080, 2244) mWindowingMode=fullscreen mActivityType=undefined} nonFullScreen=0 suim:1 s.11} for app:com.quvideo.xiaoying
04-27 17:11:29.176  7845  7845 V ActivityThread: callActivityOnCreate
04-27 17:11:29.192  7845  7845 D ActivityThread: add activity client record, r= ActivityRecord{2d0620b token=android.os.BinderProxy@ab19c9c {com.quvideo.xiaoying/com.quvideo.xiaoying.templatex.ui.TemplatePackageDetailActivity}} token= android.os.BinderProxy@ab19c9c
04-27 17:11:29.211  1162  2327 I chatty  : uid=1000(system) Binder:1162_B expire 42 lines
04-27 17:11:29.213  1162  1242 I chatty  : uid=1000(system) HwGameAssistant expire 3 lines
04-27 17:11:29.214  1162  1767 I chatty  : uid=1000(system) Binder:1162_6 expire 9 lines
04-27 17:11:29.250  1162  1506 I chatty  : uid=1000(system) android.anim expire 27 lines
04-27 17:11:29.274  1162  1241 I chatty  : uid=1000(system) android.display expire 3 lines
04-27 17:11:29.553  1162  3293 I chatty  : uid=1000(system) Binder:1162_E expire 20 lines
04-27 17:11:29.758  1162  1162 I chatty  : uid=1000 system_server expire 12 lines
04-27 17:11:31.037   580   646 W SocketListener: sending broadcast to Pid = 1162, Uid = 1000 
04-27 17:11:31.039  1162  1563 I chatty  : uid=1000(system) NetdConnector expire 16 lines
04-27 17:11:31.041  1162  1239 I chatty  : uid=1000(system) android.fg expire 8 lines
04-27 17:11:31.045  1162  1566 I chatty  : uid=1000(system) NetworkStats expire 20 lines
04-27 17:11:31.172  1162  1745 I chatty  : uid=1000(system) watchdog expire 1 line
04-27 17:11:33.043   580   646 W SocketListener: sending broadcast to Pid = 1162, Uid = 1000 
04-27 17:11:33.222  7845  7845 V ActivityThread: Skipping new config:{1.0 ?mcc?mnc [zh_CN_#Hans,en_GB,ar_AE] ldltr sw360dp w360dp h719dp 480dpi nrml long hdr port finger -keyb/v/h -nav/h winConfig={ mBounds=Rect(0, 0 - 1080, 2159) mAppBounds=Rect(0, 85 - 1080, 2244) mWindowingMode=fullscreen mActivityType=undefined} nonFullScreen=0 suim:1 s.11}, config:{1.0 ?mcc?mnc [zh_CN_#Hans,en_GB,ar_AE] ldltr sw360dp w360dp h719dp 480dpi nrml long hdr port finger -keyb/v/h -nav/h winConfig={ mBounds=Rect(0, 0 - 1080, 2159) mAppBounds=Rect(0, 85 - 1080, 2244) mWindowingMode=fullscreen mActivityType=undefined} nonFullScreen=0 suim:1 s.11} for app:com.quvideo.xiaoying
04-27 17:11:33.232  7845  7845 V ActivityThread: callActivityOnCreate
04-27 17:11:33.248  7845  7845 D ActivityThread: add activity client record, r= ActivityRecord{754bab token=android.os.BinderProxy@b8673bc {com.quvideo.xiaoying/com.quvideo.xiaoying.editor.TmpGalleryActivity}} token= android.os.BinderProxy@b8673bc
04-27 17:11:33.502  7845  7845 D ActivityThread: Remove activity client record, r= ActivityRecord{2d0620b token=android.os.BinderProxy@ab19c9c {com.quvideo.xiaoying/com.quvideo.xiaoying.templatex.ui.TemplatePackageDetailActivity}} token= android.os.BinderProxy@ab19c9c
04-27 17:11:35.080   580   646 W SocketListener: sending broadcast to Pid = 1162, Uid = 1000 
04-27 17:11:35.228  1814  1908 I HidataAppQoeP: handleStateChanged reason=8
04-27 17:11:35.232  1814  1908 I BrowserChrP: handleStateChanged
04-27 17:11:35.561  1162  1244 I chatty  : uid=1000(system) PowerManagerSer expire 2 lines
04-27 17:11:37.102   580   646 W SocketListener: sending broadcast to Pid = 1162, Uid = 1000 
04-27 17:11:37.618  7845  7845 V ActivityThread: Skipping new config:{1.0 ?mcc?mnc [zh_CN_#Hans,en_GB,ar_AE] ldltr sw360dp w360dp h719dp 480dpi nrml long hdr port finger -keyb/v/h -nav/h winConfig={ mBounds=Rect(0, 0 - 1080, 2159) mAppBounds=Rect(0, 85 - 1080, 2244) mWindowingMode=fullscreen mActivityType=undefined} nonFullScreen=0 suim:1 s.11}, config:{1.0 ?mcc?mnc [zh_CN_#Hans,en_GB,ar_AE] ldltr sw360dp w360dp h719dp 480dpi nrml long hdr port finger -keyb/v/h -nav/h winConfig={ mBounds=Rect(0, 0 - 1080, 2159) mAppBounds=Rect(0, 85 - 1080, 2244) mWindowingMode=fullscreen mActivityType=undefined} nonFullScreen=0 suim:1 s.11} for app:com.quvideo.xiaoying
04-27 17:11:37.620  7845  7845 V ActivityThread: callActivityOnCreate
04-27 17:11:37.655  1162  1963 I chatty  : uid=1000(system) Binder:1162_8 expire 86 lines
04-27 17:11:37.656  7845  7845 D ActivityThread: add activity client record, r= ActivityRecord{2dffbb6 token=android.os.BinderProxy@b982994 {com.quvideo.xiaoying/com.quvideo.xiaoying.editorx.EditorActivity}} token= android.os.BinderProxy@b982994
04-27 17:11:38.313  7845  7845 D ActivityThread: Remove activity client record, r= ActivityRecord{754bab token=android.os.BinderProxy@b8673bc {com.quvideo.xiaoying/com.quvideo.xiaoying.editor.TmpGalleryActivity}} token= android.os.BinderProxy@b8673bc
04-27 17:11:38.669  1162  3293 I chatty  : uid=1000(system) Binder:1162_E expire 39 lines
04-27 17:11:38.696  1162  2327 I chatty  : uid=1000(system) Binder:1162_B expire 18 lines
04-27 17:11:39.106   580   646 W SocketListener: sending broadcast to Pid = 1162, Uid = 1000 
04-27 17:11:39.108  1162  1563 I chatty  : uid=1000(system) NetdConnector expire 16 lines
04-27 17:11:39.110  1162  1239 I chatty  : uid=1000(system) android.fg expire 10 lines
04-27 17:11:39.113  1162  1566 I chatty  : uid=1000(system) NetworkStats expire 20 lines
04-27 17:11:39.539  1162  2171 I chatty  : uid=1000(system) Binder:1162_A expire 32 lines
04-27 17:11:41.125   580   646 W SocketListener: sending broadcast to Pid = 1162, Uid = 1000 
04-27 17:11:41.239  1814  1908 I HidataAppQoeP: handleStateChanged reason=8
04-27 17:11:41.246  1814  1908 I BrowserChrP: handleStateChanged
04-27 17:11:42.252  1162  1767 I chatty  : uid=1000(system) Binder:1162_6 expire 24 lines
04-27 17:11:43.137   580   646 W SocketListener: sending broadcast to Pid = 1162, Uid = 1000 
04-27 17:11:45.182   580   646 W SocketListener: sending broadcast to Pid = 1162, Uid = 1000 
04-27 17:11:47.240  1814  1908 I HidataAppQoeP: handleStateChanged reason=8
04-27 17:11:47.246  1814  1908 I BrowserChrP: handleStateChanged
04-27 17:11:49.982   580   646 W SocketListener: sending broadcast to Pid = 1162, Uid = 1000 
04-27 17:11:49.984  1162  1563 I chatty  : uid=1000(system) NetdConnector expire 4 lines
04-27 17:11:49.989  1162  1566 I chatty  : uid=1000(system) NetworkStats expire 5 lines
04-27 17:11:50.329  1162  3293 I chatty  : uid=1000(system) Binder:1162_E expire 4 lines
04-27 17:11:50.437  1162  2171 I chatty  : uid=1000(system) Binder:1162_A expire 4 lines
04-27 17:11:50.444  1162  1227 I chatty  : uid=1000(system) HwActivityManag expire 2 lines
04-27 17:11:50.451  1162  1963 I chatty  : uid=1000(system) Binder:1162_8 expire 2 lines
04-27 17:11:50.451  1162  1242 I chatty  : uid=1000(system) HwGameAssistant expire 4 lines
04-27 17:11:50.466  1162  1963 I chatty  : uid=1000(system) Binder:1162_8 expire 15 lines
04-27 17:11:50.472  1162  1227 I chatty  : uid=1000(system) HwActivityManag expire 10 lines
04-27 17:11:50.498  1162  1767 I chatty  : uid=1000(system) Binder:1162_6 expire 6 lines
04-27 17:11:50.500  1814  5587 I BoosterSwitchP: notifyUidState do nothing
04-27 17:11:50.500  1814  5587 I HidataAppQoeP: notifyUidState
04-27 17:11:50.500  1814  5587 I BrowserChrP: notifyUidState
04-27 17:11:50.500  1814  3885 W ContextImpl: Calling a method in the system process without a qualified user: android.app.ContextImpl.startService:1796 android.content.ContextWrapper.startService:664 com.huawei.appgallery.assistant.service.AppGalleryAssistantService.startHMSService:299 com.huawei.appgallery.assistant.service.AppGalleryAssistantService.notifyHMSBackgroundEvent:285 com.huawei.appgallery.assistant.service.AppGalleryAssistantService.backgroundEvent:227 
04-27 17:11:50.508  1162 10813 I chatty  : uid=1000(system) Binder:1162_1E expire 4 lines
04-27 17:11:50.510  1162  3940 I chatty  : uid=1000(system) Binder:1162_10 expire 13 lines
04-27 17:11:50.510 22470 22814 I HwNetworkPolicyManager: getHwUidPolicy uid = 10104 policy = 0
04-27 17:11:50.523  1162  2327 I chatty  : uid=1000(system) Binder:1162_B expire 22 lines
04-27 17:11:50.525  1162  2171 I chatty  : uid=1000(system) Binder:1162_A expire 9 lines
04-27 17:11:50.525  1162  1244 I chatty  : uid=1000(system) PowerManagerSer expire 7 lines
04-27 17:11:50.539  1162  1506 I chatty  : uid=1000(system) android.anim expire 27 lines
04-27 17:11:50.604  1162  1661 I chatty  : uid=1000(system) Binder:1162_4 expire 4 lines
04-27 17:11:50.606  1691 27884 I CommandQueue: updateBarBgColor
04-27 17:11:50.606  1691 27884 D CommandQueue: CommandQueue, setBarBackgroundColor
04-27 17:11:51.024  1162  1162 I chatty  : uid=1000 system_server expire 22 lines
04-27 17:11:51.039  7845  7845 D ActivityThread: Remove activity client record, r= ActivityRecord{3e15bc token=android.os.BinderProxy@580d4b2 {com.quvideo.xiaoying/com.quvideo.xiaoying.templatex.ui.TemplateCenterActivity}} token= android.os.BinderProxy@580d4b2
04-27 17:11:51.056  1814  5587 W ContextImpl: Calling a method in the system process without a qualified user: android.app.ContextImpl.startService:1796 android.content.ContextWrapper.startService:664 com.huawei.appgallery.assistant.service.AppGalleryAssistantService.startHMSService:299 com.huawei.appgallery.assistant.service.AppGalleryAssistantService.notifyHMSBackgroundEvent:285 com.huawei.appgallery.assistant.service.AppGalleryAssistantService.backgroundEvent:227 
04-27 17:11:51.060  1814  4841 I BoosterSwitchP: notifyUidState do nothing
04-27 17:11:51.060  1814  4841 I HidataAppQoeP: notifyUidState
04-27 17:11:51.060  1814  4841 I BrowserChrP: notifyUidState
04-27 17:11:51.090  7845  7845 D ActivityThread: Remove activity client record, r= ActivityRecord{56e90dc token=android.os.BinderProxy@abf0513 {com.quvideo.xiaoying/com.quvideo.xiaoying.templatex.ui.TemplatePackageActivity}} token= android.os.BinderProxy@abf0513
04-27 17:11:51.095  1162  3293 I chatty  : uid=1000(system) Binder:1162_E expire 1 line
04-27 17:11:51.201  7845  7845 D ActivityThread: Remove activity client record, r= ActivityRecord{2dffbb6 token=android.os.BinderProxy@b982994 {com.quvideo.xiaoying/com.quvideo.xiaoying.editorx.EditorActivity}} token= android.os.BinderProxy@b982994
04-27 17:11:51.991   580   646 W SocketListener: sending broadcast to Pid = 1162, Uid = 1000 
04-27 17:11:51.993  1162  1563 I chatty  : uid=1000(system) NetdConnector expire 14 lines
04-27 17:11:51.995  1162  1239 I chatty  : uid=1000(system) android.fg expire 9 lines
04-27 17:11:51.999  1162  1566 I chatty  : uid=1000(system) NetworkStats expire 15 lines
04-27 17:11:52.214  1162  1514 I chatty  : uid=1000(system) UEventObserver expire 5 lines
04-27 17:11:52.218  1162  1255 I chatty  : uid=1000(system) HwBinder:1162_1 expire 1 line
04-27 17:11:53.246  1814  1908 I HidataAppQoeP: handleStateChanged reason=8
04-27 17:11:53.250  1814  1908 I BrowserChrP: handleStateChanged
04-27 17:11:54.006   580   646 W SocketListener: sending broadcast to Pid = 1162, Uid = 1000 
04-27 17:11:54.652   580   650 W SocketListener: sending broadcast to Pid = 1162, Uid = 1000 
04-27 17:11:55.605  1814  1814 I HwCoreAppHelperService: LocalReceiver receives:android.intent.action.PACKAGE_RESTARTED,pkg:com.quvideo.xiaoying,uid:10525
04-27 17:11:55.617  1814  3885 I BoosterSwitchP: notifyUidState do nothing
04-27 17:11:55.617  1814  3885 I HidataAppQoeP: notifyUidState
04-27 17:11:55.617  1814  3885 I BrowserChrP: notifyUidState
04-27 17:11:55.618  1814  3885 I BoosterSwitchP: notifyUidState do nothing
04-27 17:11:55.618  1814  3885 I HidataAppQoeP: notifyUidState
04-27 17:11:55.618  1814  3885 I BrowserChrP: notifyUidState
04-27 17:11:55.649  1162 12013 I chatty  : uid=1000(system) Binder:1162_20 expire 5 lines
04-27 17:11:55.714  1162  3946 I chatty  : uid=1000(system) Binder:1162_12 expire 5 lines
04-27 17:11:55.715  1162  8744 I chatty  : uid=1000 system_server expire 1 line
04-27 17:11:55.716  1162  1241 I chatty  : uid=1000(system) android.display expire 2 lines
04-27 17:11:55.727  1162  1232 I chatty  : uid=1000(system) ActivityManager expire 2 lines
04-27 17:11:55.728  1162  1779 I chatty  : uid=1000(system) MultiTaskManage expire 2 lines
04-27 17:11:55.749  8746  8746 D ActivityThread: Attach thread to application
04-27 17:11:55.779  1814  3885 I BoosterSwitchP: notifyUidState do nothing
04-27 17:11:55.779  1814  3885 I HidataAppQoeP: notifyUidState
04-27 17:11:55.779  1814  3885 I BrowserChrP: notifyUidState
04-27 17:11:55.784 22470 22814 I HwNetworkPolicyManager: getHwUidPolicy uid = 10525 policy = 0
04-27 17:11:55.887  8746  8793 E ActivityThread: Failed to find provider info for com.facebook.katana.provider.PlatformProvider
04-27 17:11:55.917  8746  8746 E ActivityThread: Failed to find provider info for com.quvideo.xiaoying.vivasetting
04-27 17:11:56.023   580   646 W SocketListener: sending broadcast to Pid = 1162, Uid = 1000 
04-27 17:11:56.061  8746  8746 V ActivityThread: Skipping new config:{1.0 ?mcc?mnc [zh_CN_#Hans,en_GB,ar_AE] ldltr sw360dp w360dp h719dp 480dpi nrml long hdr port finger -keyb/v/h -nav/h winConfig={ mBounds=Rect(0, 0 - 1080, 2159) mAppBounds=Rect(0, 85 - 1080, 2244) mWindowingMode=fullscreen mActivityType=undefined} nonFullScreen=0 suim:1 s.11}, config:{1.0 ?mcc?mnc [zh_CN_#Hans,en_GB,ar_AE] ldltr sw360dp w360dp h719dp 480dpi nrml long hdr port finger -keyb/v/h -nav/h winConfig={ mBounds=Rect(0, 0 - 1080, 2159) mAppBounds=Rect(0, 85 - 1080, 2244) mWindowingMode=fullscreen mActivityType=undefined} nonFullScreen=0 suim:1 s.11} for app:com.quvideo.xiaoying
04-27 17:11:56.069  1162  1590 I chatty  : uid=1000(system) Thread-53 expire 2 lines
04-27 17:11:56.076  1162  1177 I chatty  : uid=1000(system) Binder:1162_2 expire 15 lines
04-27 17:11:56.077  8746  8746 V ActivityThread: callActivityOnCreate
04-27 17:11:56.184  8903  8903 D ActivityThread: Attach thread to application
04-27 17:11:56.184  8746  8746 D ActivityThread: add activity client record, r= ActivityRecord{eb187bb token=android.os.BinderProxy@fa59674 {com.quvideo.xiaoying/com.quvideo.xiaoying.templatex.ui.TemplateCenterActivity}} token= android.os.BinderProxy@fa59674
04-27 17:11:56.243  8746  8800 E ActivityThread: Failed to find provider info for com.facebook.katana.provider.AttributionIdProvider
04-27 17:11:56.259  1162  1229 I chatty  : uid=1000(system) ActivityManager expire 1 line
04-27 17:11:56.260  1162 10171 I chatty  : uid=1000(system) Binder:1162_1D expire 9 lines
04-27 17:11:56.269  1691  1707 I CommandQueue: updateBarBgColor
04-27 17:11:56.269  1691  1707 D CommandQueue: CommandQueue, setBarBackgroundColor
04-27 17:11:56.302  8903  8950 E ActivityThread: Failed to find provider info for com.tempo.video.edit.DownloadProvider
04-27 17:11:56.306  8903  8950 E ActivityThread: Failed to find provider info for com.quvideo.vivamini.DownloadProvider
04-27 17:11:56.308  1162  1234 I chatty  : uid=1000(system) ThirdAppHandler expire 1 line
04-27 17:11:56.315  8903  8950 E ActivityThread: Failed to find provider info for com.quvideo.slideplus.DownloadProvider
04-27 17:11:56.480  1814 11059 I BoosterSwitchP: notifyUidState do nothing
04-27 17:11:56.480  1814 11059 I HidataAppQoeP: notifyUidState
04-27 17:11:56.480  1814 11059 I BrowserChrP: notifyUidState
04-27 17:11:56.483  8746  8996 E ActivityThread: Failed to find provider info for com.facebook.katana.provider.AttributionIdProvider
04-27 17:11:56.531  1162  1177 I chatty  : uid=1000(system) Binder:1162_2 expire 35 lines
04-27 17:11:56.533  1162 10171 I chatty  : uid=1000(system) Binder:1162_1D expire 22 lines
04-27 17:11:56.538  1162 10813 I chatty  : uid=1000(system) Binder:1162_1E expire 10 lines
04-27 17:11:56.586  1162  1949 I chatty  : uid=1000(system) Binder:1162_7 expire 45 lines
04-27 17:11:56.613  1162 12013 I chatty  : uid=1000(system) Binder:1162_20 expire 21 lines
04-27 17:11:57.142  8746  8746 V ActivityThread: Skipping new config:{1.0 ?mcc?mnc [zh_CN_#Hans,en_GB,ar_AE] ldltr sw360dp w360dp h719dp 480dpi nrml long hdr port finger -keyb/v/h -nav/h winConfig={ mBounds=Rect(0, 0 - 1080, 2159) mAppBounds=Rect(0, 85 - 1080, 2244) mWindowingMode=fullscreen mActivityType=undefined} nonFullScreen=0 suim:1 s.11}, config:{1.0 ?mcc?mnc [zh_CN_#Hans,en_GB,ar_AE] ldltr sw360dp w360dp h719dp 480dpi nrml long hdr port finger -keyb/v/h -nav/h winConfig={ mBounds=Rect(0, 0 - 1080, 2159) mAppBounds=Rect(0, 85 - 1080, 2244) mWindowingMode=fullscreen mActivityType=undefined} nonFullScreen=0 suim:1 s.11} for app:com.quvideo.xiaoying
04-27 17:11:57.143  1162  1227 I chatty  : uid=1000(system) HwActivityManag expire 6 lines
04-27 17:11:57.145  8746  8746 V ActivityThread: callActivityOnCreate
04-27 17:11:57.163  8746  8746 D ActivityThread: add activity client record, r= ActivityRecord{190b599 token=android.os.BinderProxy@b658714 {com.quvideo.xiaoying/com.quvideo.xiaoying.templatex.ui.TemplatePackageActivity}} token= android.os.BinderProxy@b658714
04-27 17:11:57.175  1162  1242 I chatty  : uid=1000(system) HwGameAssistant expire 3 lines
04-27 17:11:57.290  1162  1506 I chatty  : uid=1000(system) android.anim expire 17 lines
04-27 17:11:57.329  1162  1241 I chatty  : uid=1000(system) android.display expire 3 lines
04-27 17:11:58.041   580   646 W SocketListener: sending broadcast to Pid = 1162, Uid = 1000 
04-27 17:11:58.045  1162  1563 I chatty  : uid=1000(system) NetdConnector expire 19 lines
04-27 17:11:58.046  1162  1239 I chatty  : uid=1000(system) android.fg expire 10 lines
04-27 17:11:58.050  1162  1566 I chatty  : uid=1000(system) NetworkStats expire 25 lines
04-27 17:11:58.261  1162  1162 I chatty  : uid=1000 system_server expire 20 lines
04-27 17:11:58.263  1162  1244 I chatty  : uid=1000(system) PowerManagerSer expire 2 lines
04-27 17:12:00.049   580   646 W SocketListener: sending broadcast to Pid = 1162, Uid = 1000 
04-27 17:12:00.220  8746  8746 V ActivityThread: Skipping new config:{1.0 ?mcc?mnc [zh_CN_#Hans,en_GB,ar_AE] ldltr sw360dp w360dp h719dp 480dpi nrml long hdr port finger -keyb/v/h -nav/h winConfig={ mBounds=Rect(0, 0 - 1080, 2159) mAppBounds=Rect(0, 85 - 1080, 2244) mWindowingMode=fullscreen mActivityType=undefined} nonFullScreen=0 suim:1 s.11}, config:{1.0 ?mcc?mnc [zh_CN_#Hans,en_GB,ar_AE] ldltr sw360dp w360dp h719dp 480dpi nrml long hdr port finger -keyb/v/h -nav/h winConfig={ mBounds=Rect(0, 0 - 1080, 2159) mAppBounds=Rect(0, 85 - 1080, 2244) mWindowingMode=fullscreen mActivityType=undefined} nonFullScreen=0 suim:1 s.11} for app:com.quvideo.xiaoying
04-27 17:12:00.222  8746  8746 V ActivityThread: callActivityOnCreate
04-27 17:12:00.237  8746  8746 D ActivityThread: add activity client record, r= ActivityRecord{cb6ae48 token=android.os.BinderProxy@d03a10b {com.quvideo.xiaoying/com.quvideo.xiaoying.templatex.ui.TemplatePackageDetailActivity}} token= android.os.BinderProxy@d03a10b
04-27 17:12:00.848  1814  1908 I HidataAppQoeP: handleStateChanged reason=8
04-27 17:12:00.857  1814  1908 I BrowserChrP: handleStateChanged
04-27 17:12:01.175  1162  1745 I chatty  : uid=1000(system) watchdog expire 1 line
04-27 17:12:02.059   580   646 W SocketListener: sending broadcast to Pid = 1162, Uid = 1000 
04-27 17:12:04.061   580   646 W SocketListener: sending broadcast to Pid = 1162, Uid = 1000 
04-27 17:12:04.929  8746  8746 V ActivityThread: Skipping new config:{1.0 ?mcc?mnc [zh_CN_#Hans,en_GB,ar_AE] ldltr sw360dp w360dp h719dp 480dpi nrml long hdr port finger -keyb/v/h -nav/h winConfig={ mBounds=Rect(0, 0 - 1080, 2159) mAppBounds=Rect(0, 85 - 1080, 2244) mWindowingMode=fullscreen mActivityType=undefined} nonFullScreen=0 suim:1 s.11}, config:{1.0 ?mcc?mnc [zh_CN_#Hans,en_GB,ar_AE] ldltr sw360dp w360dp h719dp 480dpi nrml long hdr port finger -keyb/v/h -nav/h winConfig={ mBounds=Rect(0, 0 - 1080, 2159) mAppBounds=Rect(0, 85 - 1080, 2244) mWindowingMode=fullscreen mActivityType=undefined} nonFullScreen=0 suim:1 s.11} for app:com.quvideo.xiaoying
04-27 17:12:04.931  8746  8746 V ActivityThread: callActivityOnCreate
04-27 17:12:04.948  8746  8746 D ActivityThread: add activity client record, r= ActivityRecord{17fc7ae token=android.os.BinderProxy@2343c7c {com.quvideo.xiaoying/com.quvideo.xiaoying.editor.TmpGalleryActivity}} token= android.os.BinderProxy@2343c7c
04-27 17:12:05.205  8746  8746 D ActivityThread: Remove activity client record, r= ActivityRecord{cb6ae48 token=android.os.BinderProxy@d03a10b {com.quvideo.xiaoying/com.quvideo.xiaoying.templatex.ui.TemplatePackageDetailActivity}} token= android.os.BinderProxy@d03a10b
04-27 17:12:06.092   580   646 W SocketListener: sending broadcast to Pid = 1162, Uid = 1000 
04-27 17:12:06.150  1162  1563 I chatty  : uid=1000(system) NetdConnector expire 17 lines
04-27 17:12:06.200  1162  1244 I chatty  : uid=1000(system) PowerManagerSer expire 2 lines
04-27 17:12:06.204  1162  1162 I chatty  : uid=1000 system_server expire 5 lines
04-27 17:12:06.849  1814  1908 I HidataAppQoeP: handleStateChanged reason=8
04-27 17:12:06.852  1814  1908 I BrowserChrP: handleStateChanged
04-27 17:12:08.110   580   646 W SocketListener: sending broadcast to Pid = 1162, Uid = 1000 
04-27 17:12:08.116  1162  1239 I chatty  : uid=1000(system) android.fg expire 8 lines
04-27 17:12:08.121  1162  1566 I chatty  : uid=1000(system) NetworkStats expire 20 lines
04-27 17:12:09.081  1162  1177 I chatty  : uid=1000(system) Binder:1162_2 expire 54 lines
04-27 17:12:09.095  1162 12013 I chatty  : uid=1000(system) Binder:1162_20 expire 35 lines
04-27 17:12:09.144  1162  1506 I chatty  : uid=1000(system) android.anim expire 15 lines
04-27 17:12:09.202  1162 10171 I chatty  : uid=1000(system) Binder:1162_1D expire 42 lines
04-27 17:12:09.478  1162  1227 I chatty  : uid=1000(system) HwActivityManag expire 2 lines
04-27 17:12:09.478  8746  8746 V ActivityThread: Skipping new config:{1.0 ?mcc?mnc [zh_CN_#Hans,en_GB,ar_AE] ldltr sw360dp w360dp h719dp 480dpi nrml long hdr port finger -keyb/v/h -nav/h winConfig={ mBounds=Rect(0, 0 - 1080, 2159) mAppBounds=Rect(0, 85 - 1080, 2244) mWindowingMode=fullscreen mActivityType=undefined} nonFullScreen=0 suim:1 s.11}, config:{1.0 ?mcc?mnc [zh_CN_#Hans,en_GB,ar_AE] ldltr sw360dp w360dp h719dp 480dpi nrml long hdr port finger -keyb/v/h -nav/h winConfig={ mBounds=Rect(0, 0 - 1080, 2159) mAppBounds=Rect(0, 85 - 1080, 2244) mWindowingMode=fullscreen mActivityType=undefined} nonFullScreen=0 suim:1 s.11} for app:com.quvideo.xiaoying
04-27 17:12:09.481  8746  8746 V ActivityThread: callActivityOnCreate
04-27 17:12:09.501  1162 10813 I chatty  : uid=1000(system) Binder:1162_1E expire 1 line
04-27 17:12:09.528  8746  8746 D ActivityThread: add activity client record, r= ActivityRecord{35747f1 token=android.os.BinderProxy@99447ab {com.quvideo.xiaoying/com.quvideo.xiaoying.editorx.EditorActivity}} token= android.os.BinderProxy@99447ab
04-27 17:12:09.560  1162  1949 I chatty  : uid=1000(system) Binder:1162_7 expire 33 lines
04-27 17:12:09.691  1162  1242 I chatty  : uid=1000(system) HwGameAssistant expire 1 line
04-27 17:12:09.786  1162  1241 I chatty  : uid=1000(system) android.display expire 1 line
04-27 17:12:10.120   580   646 W SocketListener: sending broadcast to Pid = 1162, Uid = 1000 
04-27 17:12:10.265  8746  8746 D ActivityThread: Remove activity client record, r= ActivityRecord{17fc7ae token=android.os.BinderProxy@2343c7c {com.quvideo.xiaoying/com.quvideo.xiaoying.editor.TmpGalleryActivity}} token= android.os.BinderProxy@2343c7c
04-27 17:12:12.125   580   646 W SocketListener: sending broadcast to Pid = 1162, Uid = 1000 
04-27 17:12:12.866  1814  1908 I HidataAppQoeP: handleStateChanged reason=8
04-27 17:12:12.875  1814  1908 I BrowserChrP: handleStateChanged
04-27 17:12:14.155   580   646 W SocketListener: sending broadcast to Pid = 1162, Uid = 1000 
04-27 17:12:14.875  1162  1177 I chatty  : uid=1000(system) Binder:1162_2 expire 17 lines
04-27 17:12:14.897  1162 10171 I chatty  : uid=1000(system) Binder:1162_1D expire 34 lines
04-27 17:12:15.869  1162 12013 I chatty  : uid=1000(system) Binder:1162_20 expire 12 lines
04-27 17:12:15.998  1162  1162 I chatty  : uid=1000 system_server expire 19 lines
04-27 17:12:16.156   580   646 W SocketListener: sending broadcast to Pid = 1162, Uid = 1000 
04-27 17:12:16.157  1162  1563 I chatty  : uid=1000(system) NetdConnector expire 22 lines
04-27 17:12:16.159  1162  1239 I chatty  : uid=1000(system) android.fg expire 13 lines
04-27 17:12:16.161  1162  1566 I chatty  : uid=1000(system) NetworkStats expire 25 lines
04-27 17:12:18.163   580   646 W SocketListener: sending broadcast to Pid = 1162, Uid = 1000 
04-27 17:12:18.872  1814  1908 I HidataAppQoeP: handleStateChanged reason=8
04-27 17:12:18.883  1814  1908 I BrowserChrP: handleStateChanged
04-27 17:12:20.171   580   646 W SocketListener: sending broadcast to Pid = 1162, Uid = 1000 
04-27 17:12:20.698  1162 10813 I chatty  : uid=1000(system) Binder:1162_1E expire 8 lines
04-27 17:12:22.204   580   646 W SocketListener: sending broadcast to Pid = 1162, Uid = 1000 
04-27 17:12:22.938  1162  1514 I chatty  : uid=1000(system) UEventObserver expire 5 lines
04-27 17:12:24.467   580   646 W SocketListener: sending broadcast to Pid = 1162, Uid = 1000 
04-27 17:12:24.801  1162  1227 I chatty  : uid=1000(system) HwActivityManag expire 8 lines
04-27 17:12:24.818  1162  1242 I chatty  : uid=1000(system) HwGameAssistant expire 3 lines
04-27 17:12:24.859   580   650 W SocketListener: sending broadcast to Pid = 1162, Uid = 1000 
04-27 17:12:24.872  1162  1949 I chatty  : uid=1000(system) Binder:1162_7 expire 7 lines
04-27 17:12:24.875  1162  1244 I chatty  : uid=1000(system) PowerManagerSer expire 4 lines
04-27 17:12:24.912  1814  3885 W ContextImpl: Calling a method in the system process without a qualified user: android.app.ContextImpl.startService:1796 android.content.ContextWrapper.startService:664 com.huawei.appgallery.assistant.service.AppGalleryAssistantService.startHMSService:299 com.huawei.appgallery.assistant.service.AppGalleryAssistantService.notifyHMSBackgroundEvent:285 com.huawei.appgallery.assistant.service.AppGalleryAssistantService.backgroundEvent:227 
04-27 17:12:24.913  1814 11059 I BoosterSwitchP: notifyUidState do nothing
04-27 17:12:24.913  1814 11059 I HidataAppQoeP: notifyUidState
04-27 17:12:24.913  1814 11059 I BrowserChrP: notifyUidState
04-27 17:12:24.915  1162  1506 I chatty  : uid=1000(system) android.anim expire 17 lines
04-27 17:12:24.931  1162  1767 I chatty  : uid=1000(system) Binder:1162_6 expire 13 lines
04-27 17:12:24.933  1162 10171 I chatty  : uid=1000(system) Binder:1162_1D expire 8 lines
